Archive member included to satisfy reference by file (symbol)

c:/st/stm32cubeide_1.7.0/stm32cubeide/plugins/com.st.stm32cube.ide.mcu.externaltools.gnu-tools-for-stm32.9-2020-q2-update.win32_2.0.0.202105311346/tools/bin/../lib/gcc/arm-none-eabi/9.3.1/../../../../arm-none-eabi/lib/thumb/v7-m/nofp\libm.a(lib_a-s_cos.o)
                              ./Core/Src/main.o (cos)
c:/st/stm32cubeide_1.7.0/stm32cubeide/plugins/com.st.stm32cube.ide.mcu.externaltools.gnu-tools-for-stm32.9-2020-q2-update.win32_2.0.0.202105311346/tools/bin/../lib/gcc/arm-none-eabi/9.3.1/../../../../arm-none-eabi/lib/thumb/v7-m/nofp\libm.a(lib_a-s_sin.o)
                              ./Core/Src/main.o (sin)
c:/st/stm32cubeide_1.7.0/stm32cubeide/plugins/com.st.stm32cube.ide.mcu.externaltools.gnu-tools-for-stm32.9-2020-q2-update.win32_2.0.0.202105311346/tools/bin/../lib/gcc/arm-none-eabi/9.3.1/../../../../arm-none-eabi/lib/thumb/v7-m/nofp\libm.a(lib_a-w_fmod.o)
                              ./Core/Src/BNOController.o (fmod)
c:/st/stm32cubeide_1.7.0/stm32cubeide/plugins/com.st.stm32cube.ide.mcu.externaltools.gnu-tools-for-stm32.9-2020-q2-update.win32_2.0.0.202105311346/tools/bin/../lib/gcc/arm-none-eabi/9.3.1/../../../../arm-none-eabi/lib/thumb/v7-m/nofp\libm.a(lib_a-e_fmod.o)
                              c:/st/stm32cubeide_1.7.0/stm32cubeide/plugins/com.st.stm32cube.ide.mcu.externaltools.gnu-tools-for-stm32.9-2020-q2-update.win32_2.0.0.202105311346/tools/bin/../lib/gcc/arm-none-eabi/9.3.1/../../../../arm-none-eabi/lib/thumb/v7-m/nofp\libm.a(lib_a-w_fmod.o) (__ieee754_fmod)
c:/st/stm32cubeide_1.7.0/stm32cubeide/plugins/com.st.stm32cube.ide.mcu.externaltools.gnu-tools-for-stm32.9-2020-q2-update.win32_2.0.0.202105311346/tools/bin/../lib/gcc/arm-none-eabi/9.3.1/../../../../arm-none-eabi/lib/thumb/v7-m/nofp\libm.a(lib_a-e_rem_pio2.o)
                              c:/st/stm32cubeide_1.7.0/stm32cubeide/plugins/com.st.stm32cube.ide.mcu.externaltools.gnu-tools-for-stm32.9-2020-q2-update.win32_2.0.0.202105311346/tools/bin/../lib/gcc/arm-none-eabi/9.3.1/../../../../arm-none-eabi/lib/thumb/v7-m/nofp\libm.a(lib_a-s_cos.o) (__ieee754_rem_pio2)
c:/st/stm32cubeide_1.7.0/stm32cubeide/plugins/com.st.stm32cube.ide.mcu.externaltools.gnu-tools-for-stm32.9-2020-q2-update.win32_2.0.0.202105311346/tools/bin/../lib/gcc/arm-none-eabi/9.3.1/../../../../arm-none-eabi/lib/thumb/v7-m/nofp\libm.a(lib_a-k_cos.o)
                              c:/st/stm32cubeide_1.7.0/stm32cubeide/plugins/com.st.stm32cube.ide.mcu.externaltools.gnu-tools-for-stm32.9-2020-q2-update.win32_2.0.0.202105311346/tools/bin/../lib/gcc/arm-none-eabi/9.3.1/../../../../arm-none-eabi/lib/thumb/v7-m/nofp\libm.a(lib_a-s_cos.o) (__kernel_cos)
c:/st/stm32cubeide_1.7.0/stm32cubeide/plugins/com.st.stm32cube.ide.mcu.externaltools.gnu-tools-for-stm32.9-2020-q2-update.win32_2.0.0.202105311346/tools/bin/../lib/gcc/arm-none-eabi/9.3.1/../../../../arm-none-eabi/lib/thumb/v7-m/nofp\libm.a(lib_a-k_rem_pio2.o)
                              c:/st/stm32cubeide_1.7.0/stm32cubeide/plugins/com.st.stm32cube.ide.mcu.externaltools.gnu-tools-for-stm32.9-2020-q2-update.win32_2.0.0.202105311346/tools/bin/../lib/gcc/arm-none-eabi/9.3.1/../../../../arm-none-eabi/lib/thumb/v7-m/nofp\libm.a(lib_a-e_rem_pio2.o) (__kernel_rem_pio2)
c:/st/stm32cubeide_1.7.0/stm32cubeide/plugins/com.st.stm32cube.ide.mcu.externaltools.gnu-tools-for-stm32.9-2020-q2-update.win32_2.0.0.202105311346/tools/bin/../lib/gcc/arm-none-eabi/9.3.1/../../../../arm-none-eabi/lib/thumb/v7-m/nofp\libm.a(lib_a-k_sin.o)
                              c:/st/stm32cubeide_1.7.0/stm32cubeide/plugins/com.st.stm32cube.ide.mcu.externaltools.gnu-tools-for-stm32.9-2020-q2-update.win32_2.0.0.202105311346/tools/bin/../lib/gcc/arm-none-eabi/9.3.1/../../../../arm-none-eabi/lib/thumb/v7-m/nofp\libm.a(lib_a-s_cos.o) (__kernel_sin)
c:/st/stm32cubeide_1.7.0/stm32cubeide/plugins/com.st.stm32cube.ide.mcu.externaltools.gnu-tools-for-stm32.9-2020-q2-update.win32_2.0.0.202105311346/tools/bin/../lib/gcc/arm-none-eabi/9.3.1/../../../../arm-none-eabi/lib/thumb/v7-m/nofp\libm.a(lib_a-s_fabs.o)
                              c:/st/stm32cubeide_1.7.0/stm32cubeide/plugins/com.st.stm32cube.ide.mcu.externaltools.gnu-tools-for-stm32.9-2020-q2-update.win32_2.0.0.202105311346/tools/bin/../lib/gcc/arm-none-eabi/9.3.1/../../../../arm-none-eabi/lib/thumb/v7-m/nofp\libm.a(lib_a-e_rem_pio2.o) (fabs)
c:/st/stm32cubeide_1.7.0/stm32cubeide/plugins/com.st.stm32cube.ide.mcu.externaltools.gnu-tools-for-stm32.9-2020-q2-update.win32_2.0.0.202105311346/tools/bin/../lib/gcc/arm-none-eabi/9.3.1/../../../../arm-none-eabi/lib/thumb/v7-m/nofp\libm.a(lib_a-s_floor.o)
                              c:/st/stm32cubeide_1.7.0/stm32cubeide/plugins/com.st.stm32cube.ide.mcu.externaltools.gnu-tools-for-stm32.9-2020-q2-update.win32_2.0.0.202105311346/tools/bin/../lib/gcc/arm-none-eabi/9.3.1/../../../../arm-none-eabi/lib/thumb/v7-m/nofp\libm.a(lib_a-k_rem_pio2.o) (floor)
[...]
Memory Configuration

Name             Origin             Length             Attributes
RAM              0x0000000020000000 0x0000000000005000 xrw
FLASH            0x0000000008000000 0x0000000000010000 xr
*default*        0x0000000000000000 0xffffffffffffffff

Linker script and memory map

LOAD c:/st/stm32cubeide_1.7.0/stm32cubeide/plugins/com.st.stm32cube.ide.mcu.externaltools.gnu-tools-for-stm32.9-2020-q2-update.win32_2.0.0.202105311346/tools/bin/../lib/gcc/arm-none-eabi/9.3.1/thumb/v7-m/nofp/crti.o
LOAD c:/st/stm32cubeide_1.7.0/stm32cubeide/plugins/com.st.stm32cube.ide.mcu.externaltools.gnu-tools-for-stm32.9-2020-q2-update.win32_2.0.0.202105311346/tools/bin/../lib/gcc/arm-none-eabi/9.3.1/thumb/v7-m/nofp/crtbegin.o
LOAD c:/st/stm32cubeide_1.7.0/stm32cubeide/plugins/com.st.stm32cube.ide.mcu.externaltools.gnu-tools-for-stm32.9-2020-q2-update.win32_2.0.0.202105311346/tools/bin/../lib/gcc/arm-none-eabi/9.3.1/../../../../arm-none-eabi/lib/thumb/v7-m/nofp/crt0.o
LOAD ./Core/Src/BNO055.o
LOAD ./Core/Src/BNOController.o
LOAD ./Core/Src/Motor.o
LOAD ./Core/Src/Movement.o
LOAD ./Core/Src/PID.o
LOAD ./Core/Src/bluetooth_uart.o
LOAD ./Core/Src/lcd.o
LOAD ./Core/Src/main.o
LOAD ./Core/Src/stm32f1xx_hal_msp.o
LOAD ./Core/Src/stm32f1xx_it.o
LOAD ./Core/Src/syscalls.o
LOAD ./Core/Src/sysmem.o
LOAD ./Core/Src/system_stm32f1xx.o
LOAD ./Core/Src/usb_comms.o
LOAD ./Core/Startup/startup_stm32f103c8tx.o
LOAD ./Drivers/STM32F1xx_HAL_Driver/Src/stm32f1xx_hal.o
LOAD ./Drivers/STM32F1xx_HAL_Driver/Src/stm32f1xx_hal_cortex.o
LOAD ./Drivers/STM32F1xx_HAL_Driver/Src/stm32f1xx_hal_dma.o
LOAD ./Drivers/STM32F1xx_HAL_Driver/Src/stm32f1xx_hal_exti.o
LOAD ./Drivers/STM32F1xx_HAL_Driver/Src/stm32f1xx_hal_flash.o
LOAD ./Drivers/STM32F1xx_HAL_Driver/Src/stm32f1xx_hal_flash_ex.o
LOAD ./Drivers/STM32F1xx_HAL_Driver/Src/stm32f1xx_hal_gpio.o
LOAD ./Drivers/STM32F1xx_HAL_Driver/Src/stm32f1xx_hal_gpio_ex.o
LOAD ./Drivers/STM32F1xx_HAL_Driver/Src/stm32f1xx_hal_i2c.o
LOAD ./Drivers/STM32F1xx_HAL_Driver/Src/stm32f1xx_hal_pcd.o
LOAD ./Drivers/STM32F1xx_HAL_Driver/Src/stm32f1xx_hal_pcd_ex.o
LOAD ./Drivers/STM32F1xx_HAL_Driver/Src/stm32f1xx_hal_pwr.o
LOAD ./Drivers/STM32F1xx_HAL_Driver/Src/stm32f1xx_hal_rcc.o
LOAD ./Drivers/STM32F1xx_HAL_Driver/Src/stm32f1xx_hal_rcc_ex.o
LOAD ./Drivers/STM32F1xx_HAL_Driver/Src/stm32f1xx_hal_tim.o
LOAD ./Drivers/STM32F1xx_HAL_Driver/Src/stm32f1xx_hal_tim_ex.o
LOAD ./Drivers/STM32F1xx_HAL_Driver/Src/stm32f1xx_hal_uart.o
LOAD ./Drivers/STM32F1xx_HAL_Driver/Src/stm32f1xx_ll_usb.o
LOAD ./Middlewares/ST/STM32_USB_Device_Library/Class/CDC/Src/usbd_cdc.o
LOAD ./Middlewares/ST/STM32_USB_Device_Library/Core/Src/usbd_core.o
LOAD ./Middlewares/ST/STM32_USB_Device_Library/Core/Src/usbd_ctlreq.o
LOAD ./Middlewares/ST/STM32_USB_Device_Library/Core/Src/usbd_ioreq.o
LOAD ./USB_DEVICE/App/usb_device.o
LOAD ./USB_DEVICE/App/usbd_cdc_if.o
LOAD ./USB_DEVICE/App/usbd_desc.o
LOAD ./USB_DEVICE/Target/usbd_conf.o
START GROUP
LOAD c:/st/stm32cubeide_1.7.0/stm32cubeide/plugins/com.st.stm32cube.ide.mcu.externaltools.gnu-tools-for-stm32.9-2020-q2-update.win32_2.0.0.202105311346/tools/bin/../lib/gcc/arm-none-eabi/9.3.1/../../../../arm-none-eabi/lib/thumb/v7-m/nofp\libstdc++_nano.a
LOAD c:/st/stm32cubeide_1.7.0/stm32cubeide/plugins/com.st.stm32cube.ide.mcu.externaltools.gnu-tools-for-stm32.9-2020-q2-update.win32_2.0.0.202105311346/tools/bin/../lib/gcc/arm-none-eabi/9.3.1/../../../../arm-none-eabi/lib/thumb/v7-m/nofp\libsupc++_nano.a
END GROUP
LOAD c:/st/stm32cubeide_1.7.0/stm32cubeide/plugins/com.st.stm32cube.ide.mcu.externaltools.gnu-tools-for-stm32.9-2020-q2-update.win32_2.0.0.202105311346/tools/bin/../lib/gcc/arm-none-eabi/9.3.1/../../../../arm-none-eabi/lib/thumb/v7-m/nofp\libstdc++_nano.a
LOAD c:/st/stm32cubeide_1.7.0/stm32cubeide/plugins/com.st.stm32cube.ide.mcu.externaltools.gnu-tools-for-stm32.9-2020-q2-update.win32_2.0.0.202105311346/tools/bin/../lib/gcc/arm-none-eabi/9.3.1/../../../../arm-none-eabi/lib/thumb/v7-m/nofp\libm.a
LOAD c:/st/stm32cubeide_1.7.0/stm32cubeide/plugins/com.st.stm32cube.ide.mcu.externaltools.gnu-tools-for-stm32.9-2020-q2-update.win32_2.0.0.202105311346/tools/bin/../lib/gcc/arm-none-eabi/9.3.1/../../../../arm-none-eabi/lib/thumb/v7-m/nofp\libc_nano.a
START GROUP
LOAD c:/st/stm32cubeide_1.7.0/stm32cubeide/plugins/com.st.stm32cube.ide.mcu.externaltools.gnu-tools-for-stm32.9-2020-q2-update.win32_2.0.0.202105311346/tools/bin/../lib/gcc/arm-none-eabi/9.3.1/thumb/v7-m/nofp\libgcc.a
LOAD c:/st/stm32cubeide_1.7.0/stm32cubeide/plugins/com.st.stm32cube.ide.mcu.externaltools.gnu-tools-for-stm32.9-2020-q2-update.win32_2.0.0.202105311346/tools/bin/../lib/gcc/arm-none-eabi/9.3.1/../../../../arm-none-eabi/lib/thumb/v7-m/nofp\libc_nano.a
END GROUP
START GROUP
LOAD c:/st/stm32cubeide_1.7.0/stm32cubeide/plugins/com.st.stm32cube.ide.mcu.externaltools.gnu-tools-for-stm32.9-2020-q2-update.win32_2.0.0.202105311346/tools/bin/../lib/gcc/arm-none-eabi/9.3.1/thumb/v7-m/nofp\libgcc.a
LOAD c:/st/stm32cubeide_1.7.0/stm32cubeide/plugins/com.st.stm32cube.ide.mcu.externaltools.gnu-tools-for-stm32.9-2020-q2-update.win32_2.0.0.202105311346/tools/bin/../lib/gcc/arm-none-eabi/9.3.1/../../../../arm-none-eabi/lib/thumb/v7-m/nofp\libc_nano.a
LOAD c:/st/stm32cubeide_1.7.0/stm32cubeide/plugins/com.st.stm32cube.ide.mcu.externaltools.gnu-tools-for-stm32.9-2020-q2-update.win32_2.0.0.202105311346/tools/bin/../lib/gcc/arm-none-eabi/9.3.1/../../../../arm-none-eabi/lib/thumb/v7-m/nofp\libnosys.a
END GROUP
START GROUP
LOAD c:/st/stm32cubeide_1.7.0/stm32cubeide/plugins/com.st.stm32cube.ide.mcu.externaltools.gnu-tools-for-stm32.9-2020-q2-update.win32_2.0.0.202105311346/tools/bin/../lib/gcc/arm-none-eabi/9.3.1/thumb/v7-m/nofp\libgcc.a
LOAD c:/st/stm32cubeide_1.7.0/stm32cubeide/plugins/com.st.stm32cube.ide.mcu.externaltools.gnu-tools-for-stm32.9-2020-q2-update.win32_2.0.0.202105311346/tools/bin/../lib/gcc/arm-none-eabi/9.3.1/../../../../arm-none-eabi/lib/thumb/v7-m/nofp\libc_nano.a
LOAD c:/st/stm32cubeide_1.7.0/stm32cubeide/plugins/com.st.stm32cube.ide.mcu.externaltools.gnu-tools-for-stm32.9-2020-q2-update.win32_2.0.0.202105311346/tools/bin/../lib/gcc/arm-none-eabi/9.3.1/../../../../arm-none-eabi/lib/thumb/v7-m/nofp\libnosys.a
END GROUP
LOAD c:/st/stm32cubeide_1.7.0/stm32cubeide/plugins/com.st.stm32cube.ide.mcu.externaltools.gnu-tools-for-stm32.9-2020-q2-update.win32_2.0.0.202105311346/tools/bin/../lib/gcc/arm-none-eabi/9.3.1/thumb/v7-m/nofp/crtend.o
LOAD c:/st/stm32cubeide_1.7.0/stm32cubeide/plugins/com.st.stm32cube.ide.mcu.externaltools.gnu-tools-for-stm32.9-2020-q2-update.win32_2.0.0.202105311346/tools/bin/../lib/gcc/arm-none-eabi/9.3.1/thumb/v7-m/nofp/crtn.o
                0x0000000020005000                _estack = (ORIGIN (RAM) + LENGTH (RAM))
                0x0000000000000200                _Min_Heap_Size = 0x200
                0x0000000000000400                _Min_Stack_Size = 0x400

.isr_vector     0x0000000008000000      0x10c
                0x0000000008000000                . = ALIGN (0x4)
 *(.isr_vector)
 .isr_vector    0x0000000008000000      0x10c ./Core/Startup/startup_stm32f103c8tx.o
                0x0000000008000000                g_pfnVectors
                0x000000000800010c                . = ALIGN (0x4)

.text           0x0000000008000110     0xeb60
                0x0000000008000110                . = ALIGN (0x4)
 *(.text)
 .text          0x0000000008000110       0x40 c:/st/stm32cubeide_1.7.0/stm32cubeide/plugins/com.st.stm32cube.ide.mcu.externaltools.gnu-tools-for-stm32.9-2020-q2-update.win32_2.0.0.202105311346/tools/bin/../lib/gcc/arm-none-eabi/9.3.1/thumb/v7-m/nofp/crtbegin.o
 .text          0x0000000008000150       0x10 c:/st/stm32cubeide_1.7.0/stm32cubeide/plugins/com.st.stm32cube.ide.mcu.externaltools.gnu-tools-for-stm32.9-2020-q2-update.win32_2.0.0.202105311346/tools/bin/../lib/gcc/arm-none-eabi/9.3.1/../../../../arm-none-eabi/lib/thumb/v7-m/nofp\libc_nano.a(lib_a-strlen.o)
                0x0000000008000150                strlen
 .text          0x0000000008000160      0x378 c:/st/stm32cubeide_1.7.0/stm32cubeide/plugins/com.st.stm32cube.ide.mcu.externaltools.gnu-tools-for-stm32.9-2020-q2-update.win32_2.0.0.202105311346/tools/bin/../lib/gcc/arm-none-eabi/9.3.1/thumb/v7-m/nofp\libgcc.a(_arm_addsubdf3.o)
                0x0000000008000160                __aeabi_drsub
                0x0000000008000168                __aeabi_dsub
                0x0000000008000168                __subdf3
                0x000000000800016c                __aeabi_dadd
                0x000000000800016c                __adddf3
                0x00000000080003e4                __floatunsidf
                0x00000000080003e4                __aeabi_ui2d
                0x0000000008000404                __floatsidf
                0x0000000008000404                __aeabi_i2d
                0x0000000008000428                __aeabi_f2d
                0x0000000008000428                __extendsfdf2
                0x000000000800046c                __floatundidf
                0x000000000800046c                __aeabi_ul2d
                0x000000000800047c                __floatdidf
                0x000000000800047c                __aeabi_l2d
 .text          0x00000000080004d8      0x424 c:/st/stm32cubeide_1.7.0/stm32cubeide/plugins/com.st.stm32cube.ide.mcu.externaltools.gnu-tools-for-stm32.9-2020-q2-update.win32_2.0.0.202105311346/tools/bin/../lib/gcc/arm-none-eabi/9.3.1/thumb/v7-m/nofp\libgcc.a(_arm_muldivdf3.o)
                0x00000000080004d8                __aeabi_dmul
                0x00000000080004d8                __muldf3
                0x000000000800072c                __divdf3
                0x000000000800072c                __aeabi_ddiv
 .text          0x00000000080008fc      0x110 c:/st/stm32cubeide_1.7.0/stm32cubeide/plugins/com.st.stm32cube.ide.mcu.externaltools.gnu-tools-for-stm32.9-2020-q2-update.win32_2.0.0.202105311346/tools/bin/../lib/gcc/arm-none-eabi/9.3.1/thumb/v7-m/nofp\libgcc.a(_arm_cmpdf2.o)
                0x00000000080008fc                __gtdf2
                0x00000000080008fc                __gedf2
                0x0000000008000904                __ltdf2
                0x0000000008000904                __ledf2
                0x000000000800090c                __nedf2
                0x000000000800090c                __eqdf2
                0x000000000800090c                __cmpdf2
                0x0000000008000988                __aeabi_cdrcmple
                0x0000000008000998                __aeabi_cdcmpeq
                0x0000000008000998                __aeabi_cdcmple
                0x00000000080009a8                __aeabi_dcmpeq
                0x00000000080009bc                __aeabi_dcmplt
                0x00000000080009d0                __aeabi_dcmple
                0x00000000080009e4                __aeabi_dcmpge
                0x00000000080009f8                __aeabi_dcmpgt
 .text          0x0000000008000a0c       0x2c c:/st/stm32cubeide_1.7.0/stm32cubeide/plugins/com.st.stm32cube.ide.mcu.externaltools.gnu-tools-for-stm32.9-2020-q2-update.win32_2.0.0.202105311346/tools/bin/../lib/gcc/arm-none-eabi/9.3.1/thumb/v7-m/nofp\libgcc.a(_arm_unorddf2.o)
                0x0000000008000a0c                __unorddf2
                0x0000000008000a0c                __aeabi_dcmpun
 .text          0x0000000008000a38       0x50 c:/st/stm32cubeide_1.7.0/stm32cubeide/plugins/com.st.stm32cube.ide.mcu.externaltools.gnu-tools-for-stm32.9-2020-q2-update.win32_2.0.0.202105311346/tools/bin/../lib/gcc/arm-none-eabi/9.3.1/thumb/v7-m/nofp\libgcc.a(_arm_fixdfsi.o)
                0x0000000008000a38                __aeabi_d2iz
                0x0000000008000a38                __fixdfsi
 .text          0x0000000008000a88       0xa0 c:/st/stm32cubeide_1.7.0/stm32cubeide/plugins/com.st.stm32cube.ide.mcu.externaltools.gnu-tools-for-stm32.9-2020-q2-update.win32_2.0.0.202105311346/tools/bin/../lib/gcc/arm-none-eabi/9.3.1/thumb/v7-m/nofp\libgcc.a(_arm_truncdfsf2.o)
                0x0000000008000a88                __truncdfsf2
                0x0000000008000a88                __aeabi_d2f
 .text          0x0000000008000b28      0x21c c:/st/stm32cubeide_1.7.0/stm32cubeide/plugins/com.st.stm32cube.ide.mcu.externaltools.gnu-tools-for-stm32.9-2020-q2-update.win32_2.0.0.202105311346/tools/bin/../lib/gcc/arm-none-eabi/9.3.1/thumb/v7-m/nofp\libgcc.a(_arm_addsubsf3.o)
                0x0000000008000b28                __aeabi_frsub
                0x0000000008000b30                __subsf3
                0x0000000008000b30                __aeabi_fsub
                0x0000000008000b34                __aeabi_fadd
                0x0000000008000b34                __addsf3
                0x0000000008000c94                __aeabi_ui2f
                0x0000000008000c94                __floatunsisf
                0x0000000008000c9c                __aeabi_i2f
                0x0000000008000c9c                __floatsisf
                0x0000000008000cb8                __aeabi_ul2f
                0x0000000008000cb8                __floatundisf
                0x0000000008000cc8                __aeabi_l2f
                0x0000000008000cc8                __floatdisf
 .text          0x0000000008000d44      0x2a0 c:/st/stm32cubeide_1.7.0/stm32cubeide/plugins/com.st.stm32cube.ide.mcu.externaltools.gnu-tools-for-stm32.9-2020-q2-update.win32_2.0.0.202105311346/tools/bin/../lib/gcc/arm-none-eabi/9.3.1/thumb/v7-m/nofp\libgcc.a(_arm_muldivsf3.o)
                0x0000000008000d44                __mulsf3
                0x0000000008000d44                __aeabi_fmul
                0x0000000008000eac                __aeabi_fdiv
                0x0000000008000eac                __divsf3
 .text          0x0000000008000fe4       0xec c:/st/stm32cubeide_1.7.0/stm32cubeide/plugins/com.st.stm32cube.ide.mcu.externaltools.gnu-tools-for-stm32.9-2020-q2-update.win32_2.0.0.202105311346/tools/bin/../lib/gcc/arm-none-eabi/9.3.1/thumb/v7-m/nofp\libgcc.a(_arm_cmpsf2.o)
                0x0000000008000fe4                __gesf2
                0x0000000008000fe4                __gtsf2
                0x0000000008000fec                __lesf2
                0x0000000008000fec                __ltsf2
                0x0000000008000ff4                __nesf2
                0x0000000008000ff4                __eqsf2
                0x0000000008000ff4                __cmpsf2
                0x0000000008001054                __aeabi_cfrcmple
                0x000000000800105c                __aeabi_cfcmpeq
                0x000000000800105c                __aeabi_cfcmple
                0x000000000800106c                __aeabi_fcmpeq
                0x0000000008001080                __aeabi_fcmplt
                0x0000000008001094                __aeabi_fcmple
                0x00000000080010a8                __aeabi_fcmpge
                0x00000000080010bc                __aeabi_fcmpgt
 .text          0x00000000080010d0       0x4c c:/st/stm32cubeide_1.7.0/stm32cubeide/plugins/com.st.stm32cube.ide.mcu.externaltools.gnu-tools-for-stm32.9-2020-q2-update.win32_2.0.0.202105311346/tools/bin/../lib/gcc/arm-none-eabi/9.3.1/thumb/v7-m/nofp\libgcc.a(_arm_fixsfsi.o)
                0x00000000080010d0                __aeabi_f2iz
                0x00000000080010d0                __fixsfsi
 .text          0x000000000800111c       0x40 c:/st/stm32cubeide_1.7.0/stm32cubeide/plugins/com.st.stm32cube.ide.mcu.externaltools.gnu-tools-for-stm32.9-2020-q2-update.win32_2.0.0.202105311346/tools/bin/../lib/gcc/arm-none-eabi/9.3.1/thumb/v7-m/nofp\libgcc.a(_arm_fixunssfsi.o)
                0x000000000800111c                __fixunssfsi
                0x000000000800111c                __aeabi_f2uiz
 *(.text*)
 .text.SelectPage
                0x000000000800115c       0x44 ./Core/Src/BNO055.o
                0x000000000800115c                SelectPage
 .text.ReadData
                0x00000000080011a0      0x59c ./Core/Src/BNO055.o
                0x00000000080011a0                ReadData
 .text.Set_Operation_Mode
                0x000000000800173c       0x64 ./Core/Src/BNO055.o
                0x000000000800173c                Set_Operation_Mode
 .text.SetPowerMODE
                0x00000000080017a0       0x50 ./Core/Src/BNO055.o
                0x00000000080017a0                SetPowerMODE
 .text.Clock_Source
                0x00000000080017f0       0x30 ./Core/Src/BNO055.o
                0x00000000080017f0                Clock_Source
 .text.BNO055_Axis
                0x0000000008001820       0x58 ./Core/Src/BNO055.o
                0x0000000008001820                BNO055_Axis
 .text.SET_Accel_Range
                0x0000000008001878       0x34 ./Core/Src/BNO055.o
                0x0000000008001878                SET_Accel_Range
 .text.BNO055_Init
                0x00000000080018ac       0xd0 ./Core/Src/BNO055.o
                0x00000000080018ac                BNO055_Init
 .text._ZN13BNOController4initEv
                0x000000000800197c       0x84 ./Core/Src/BNOController.o
                0x000000000800197c                BNOController::init()
 .text._ZN13BNOController6getYawEv
                0x0000000008001a00       0x1e ./Core/Src/BNOController.o
                0x0000000008001a00                BNOController::getYaw()
 .text._ZN13BNOController12setTargetYawEf
                0x0000000008001a1e       0x1c ./Core/Src/BNOController.o
                0x0000000008001a1e                BNOController::setTargetYaw(float)
 *fill*         0x0000000008001a3a        0x2 
 .text._ZN13BNOController16updateYawControlEm
                0x0000000008001a3c      0x148 ./Core/Src/BNOController.o
                0x0000000008001a3c                BNOController::updateYawControl(unsigned long)
 .text._ZN13BNOController8getSpeedEv
                0x0000000008001b84       0x18 ./Core/Src/BNOController.o
                0x0000000008001b84                BNOController::getSpeed()
 *fill*         0x0000000008001b9c        0x4 
 .text._ZN13BNOController9getYawRadEv
                0x0000000008001ba0       0x5c ./Core/Src/BNOController.o
                0x0000000008001ba0                BNOController::getYawRad()
 .text._ZN13BNOController8getErrorEv
                0x0000000008001bfc       0x18 ./Core/Src/BNOController.o
                0x0000000008001bfc                BNOController::getError()
 .text._ZSt3absf
                0x0000000008001c14       0x18 ./Core/Src/Motor.o
                0x0000000008001c14                std::abs(float)
 .text._ZN3PIDC2Ev
                0x0000000008001c2c       0x68 ./Core/Src/Motor.o
                0x0000000008001c2c                PID::PID()
                0x0000000008001c2c                PID::PID()
 .text._ZN5MotorC2Effff
                0x0000000008001c94       0xa0 ./Core/Src/Motor.o
                0x0000000008001c94                Motor::Motor(float, float, float, float)
                0x0000000008001c94                Motor::Motor(float, float, float, float)
 .text._ZN5Motor4initE3PinS0_tmP17TIM_HandleTypeDef
                0x0000000008001d34       0x4e ./Core/Src/Motor.o
                0x0000000008001d34                Motor::init(Pin, Pin, unsigned short, unsigned long, TIM_HandleTypeDef*)
 *fill*         0x0000000008001d82        0x6 
 .text._ZN5Motor12update_motorEm
                0x0000000008001d88      0x1f8 ./Core/Src/Motor.o
                0x0000000008001d88                Motor::update_motor(unsigned long)
 .text._ZN5Motor9setTargetEf
                0x0000000008001f80       0x1a ./Core/Src/Motor.o
                0x0000000008001f80                Motor::setTarget(float)
 .text._ZN5Motor11getDistanceEv
                0x0000000008001f9a       0x16 ./Core/Src/Motor.o
                0x0000000008001f9a                Motor::getDistance()
 .text._ZN5Motor8addTicksEv
                0x0000000008001fb0       0x1c ./Core/Src/Motor.o
                0x0000000008001fb0                Motor::addTicks()
 .text._ZN5Motor8getSpeedEv
                0x0000000008001fcc       0x16 ./Core/Src/Motor.o
                0x0000000008001fcc                Motor::getSpeed()
 .text._ZN5Motor9getTargetEv
                0x0000000008001fe2       0x16 ./Core/Src/Motor.o
                0x0000000008001fe2                Motor::getTarget()
 .text._ZN5Motor6setDirEb
                0x0000000008001ff8       0x62 ./Core/Src/Motor.o
                0x0000000008001ff8                Motor::setDir(bool)
 .text._ZSt3maxIfERKT_S2_S2_
                0x000000000800205a       0x2e ./Core/Src/Motor.o
                0x000000000800205a                float const& std::max<float>(float const&, float const&)
 .text._ZSt3minIfERKT_S2_S2_
                0x0000000008002088       0x2e ./Core/Src/Motor.o
                0x0000000008002088                float const& std::min<float>(float const&, float const&)
 .text._ZN13BNOControllerC2Ev
                0x00000000080020b6       0x4c ./Core/Src/Movement.o
                0x00000000080020b6                BNOController::BNOController()
                0x00000000080020b6                BNOController::BNOController()
 *fill*         0x0000000008002102        0x2 
 .text._Z12movementInitv
                0x0000000008002104       0xbc ./Core/Src/Movement.o
                0x0000000008002104                movementInit()
 .text._Z8setSpeedi
                0x00000000080021c0       0x60 ./Core/Src/Movement.o
                0x00000000080021c0                setSpeed(int)
 .text._Z14updateMovementm
                0x0000000008002220       0x40 ./Core/Src/Movement.o
                0x0000000008002220                updateMovement(unsigned long)
 .text._Z18setKinematicSpeedsfm
                0x0000000008002260      0x254 ./Core/Src/Movement.o
                0x0000000008002260                setKinematicSpeeds(float, unsigned long)
 .text._Z41__static_initialization_and_destruction_0ii
                0x00000000080024b4      0x148 ./Core/Src/Movement.o
 .text._GLOBAL__sub_I__Z12movementInitv
                0x00000000080025fc       0x10 ./Core/Src/Movement.o
 .text._ZN3PID3setEffffff
                0x000000000800260c       0x5a ./Core/Src/PID.o
                0x000000000800260c                PID::set(float, float, float, float, float, float)
 .text._ZN3PID9calculateEfff
                0x0000000008002666      0x148 ./Core/Src/PID.o
                0x0000000008002666                PID::calculate(float, float, float)
 *fill*         0x00000000080027ae        0x2 
 .text._Z7BT_SendPKc
                0x00000000080027b0       0x2c ./Core/Src/bluetooth_uart.o
                0x00000000080027b0                BT_Send(char const*)
 .text._Z15sendMotorSpeedsiff
                0x00000000080027dc       0xa0 ./Core/Src/bluetooth_uart.o
                0x00000000080027dc                sendMotorSpeeds(int, float, float)
 .text._Z41__static_initialization_and_destruction_0ii
                0x000000000800287c      0x148 ./Core/Src/bluetooth_uart.o
 .text._GLOBAL__sub_I__Z7BT_SendPKc
                0x00000000080029c4       0x10 ./Core/Src/bluetooth_uart.o
 .text.lcd_begin
                0x00000000080029d4       0xbc ./Core/Src/lcd.o
                0x00000000080029d4                lcd_begin
 .text.send_lcd_command
                0x0000000008002a90       0x58 ./Core/Src/lcd.o
                0x0000000008002a90                send_lcd_command
 .text.send_msg
                0x0000000008002ae8       0x5a ./Core/Src/lcd.o
                0x0000000008002ae8                send_msg
 *fill*         0x0000000008002b42        0x2 
 .text.HAL_GPIO_EXTI_Callback
                0x0000000008002b44       0x70 ./Core/Src/main.o
                0x0000000008002b44                HAL_GPIO_EXTI_Callback
 .text.main     0x0000000008002bb4      0x3a8 ./Core/Src/main.o
                0x0000000008002bb4                main
 .text._Z18SystemClock_Configv
                0x0000000008002f5c       0xd2 ./Core/Src/main.o
                0x0000000008002f5c                SystemClock_Config()
 *fill*         0x000000000800302e        0x2 
 .text._ZL12MX_I2C1_Initv
                0x0000000008003030       0x68 ./Core/Src/main.o
 .text._ZL12MX_TIM1_Initv
                0x0000000008003098      0x12c ./Core/Src/main.o
 .text._ZL12MX_TIM3_Initv
                0x00000000080031c4      0x110 ./Core/Src/main.o
 .text._ZL19MX_USART1_UART_Initv
                0x00000000080032d4       0x5c ./Core/Src/main.o
 .text._ZL12MX_GPIO_Initv
                0x0000000008003330      0x134 ./Core/Src/main.o
 .text.Error_Handler
                0x0000000008003464        0xa ./Core/Src/main.o
                0x0000000008003464                Error_Handler
 *fill*         0x000000000800346e        0x2 
 .text._Z41__static_initialization_and_destruction_0ii
                0x0000000008003470      0x148 ./Core/Src/main.o
 .text._GLOBAL__sub_I_hi2c1
                0x00000000080035b8       0x10 ./Core/Src/main.o
 .text.HAL_MspInit
                0x00000000080035c8       0x64 ./Core/Src/stm32f1xx_hal_msp.o
                0x00000000080035c8                HAL_MspInit
 .text.HAL_I2C_MspInit
                0x000000000800362c       0x7c ./Core/Src/stm32f1xx_hal_msp.o
                0x000000000800362c                HAL_I2C_MspInit
 .text.HAL_TIM_PWM_MspInit
                0x00000000080036a8       0x64 ./Core/Src/stm32f1xx_hal_msp.o
                0x00000000080036a8                HAL_TIM_PWM_MspInit
 .text.HAL_TIM_MspPostInit
                0x000000000800370c       0xdc ./Core/Src/stm32f1xx_hal_msp.o
                0x000000000800370c                HAL_TIM_MspPostInit
 .text.HAL_UART_MspInit
                0x00000000080037e8       0x98 ./Core/Src/stm32f1xx_hal_msp.o
                0x00000000080037e8                HAL_UART_MspInit
 .text.NMI_Handler
                0x0000000008003880        0x6 ./Core/Src/stm32f1xx_it.o
                0x0000000008003880                NMI_Handler
 .text.HardFault_Handler
                0x0000000008003886        0x6 ./Core/Src/stm32f1xx_it.o
                0x0000000008003886                HardFault_Handler
 .text.MemManage_Handler
                0x000000000800388c        0x6 ./Core/Src/stm32f1xx_it.o
                0x000000000800388c                MemManage_Handler
 .text.BusFault_Handler
                0x0000000008003892        0x6 ./Core/Src/stm32f1xx_it.o
                0x0000000008003892                BusFault_Handler
 .text.UsageFault_Handler
                0x0000000008003898        0x6 ./Core/Src/stm32f1xx_it.o
                0x0000000008003898                UsageFault_Handler
 .text.SVC_Handler
                0x000000000800389e        0xc ./Core/Src/stm32f1xx_it.o
                0x000000000800389e                SVC_Handler
 .text.DebugMon_Handler
                0x00000000080038aa        0xc ./Core/Src/stm32f1xx_it.o
                0x00000000080038aa                DebugMon_Handler
 .text.PendSV_Handler
                0x00000000080038b6        0xc ./Core/Src/stm32f1xx_it.o
                0x00000000080038b6                PendSV_Handler
 .text.SysTick_Handler
                0x00000000080038c2        0xc ./Core/Src/stm32f1xx_it.o
                0x00000000080038c2                SysTick_Handler
 .text.EXTI0_IRQHandler
                0x00000000080038ce        0xe ./Core/Src/stm32f1xx_it.o
                0x00000000080038ce                EXTI0_IRQHandler
 .text.EXTI1_IRQHandler
                0x00000000080038dc        0xe ./Core/Src/stm32f1xx_it.o
                0x00000000080038dc                EXTI1_IRQHandler
 .text.EXTI2_IRQHandler
                0x00000000080038ea        0xe ./Core/Src/stm32f1xx_it.o
                0x00000000080038ea                EXTI2_IRQHandler
 .text.EXTI3_IRQHandler
                0x00000000080038f8        0xe ./Core/Src/stm32f1xx_it.o
                0x00000000080038f8                EXTI3_IRQHandler
 *fill*         0x0000000008003906        0x2 
 .text.USB_LP_CAN1_RX0_IRQHandler
                0x0000000008003908       0x14 ./Core/Src/stm32f1xx_it.o
                0x0000000008003908                USB_LP_CAN1_RX0_IRQHandler
 .text._read    0x000000000800391c       0x3a ./Core/Src/syscalls.o
                0x000000000800391c                _read
 .text._write   0x0000000008003956       0x38 ./Core/Src/syscalls.o
                0x0000000008003956                _write
 .text._close   0x000000000800398e       0x16 ./Core/Src/syscalls.o
                0x000000000800398e                _close
 .text._fstat   0x00000000080039a4       0x1e ./Core/Src/syscalls.o
                0x00000000080039a4                _fstat
 .text._isatty  0x00000000080039c2       0x14 ./Core/Src/syscalls.o
                0x00000000080039c2                _isatty
 .text._lseek   0x00000000080039d6       0x18 ./Core/Src/syscalls.o
                0x00000000080039d6                _lseek
 *fill*         0x00000000080039ee        0x2 
 .text._sbrk    0x00000000080039f0       0x6c ./Core/Src/sysmem.o
                0x00000000080039f0                _sbrk
 .text.SystemInit
                0x0000000008003a5c        0xc ./Core/Src/system_stm32f1xx.o
                0x0000000008003a5c                SystemInit
 .text.Reset_Handler
                0x0000000008003a68       0x48 ./Core/Startup/startup_stm32f103c8tx.o
                0x0000000008003a68                Reset_Handler
 .text.Default_Handler
                0x0000000008003ab0        0x2 ./Core/Startup/startup_stm32f103c8tx.o
                0x0000000008003ab0                RTC_Alarm_IRQHandler
                0x0000000008003ab0                TIM1_CC_IRQHandler
                0x0000000008003ab0                PVD_IRQHandler
                0x0000000008003ab0                I2C2_EV_IRQHandler
                0x0000000008003ab0                ADC1_2_IRQHandler
                0x0000000008003ab0                SPI1_IRQHandler
                0x0000000008003ab0                TAMPER_IRQHandler
                0x0000000008003ab0                DMA1_Channel4_IRQHandler
                0x0000000008003ab0                USART3_IRQHandler
                0x0000000008003ab0                RTC_IRQHandler
                0x0000000008003ab0                DMA1_Channel7_IRQHandler
                0x0000000008003ab0                CAN1_RX1_IRQHandler
                0x0000000008003ab0                TIM4_IRQHandler
                0x0000000008003ab0                I2C1_EV_IRQHandler
                0x0000000008003ab0                DMA1_Channel6_IRQHandler
                0x0000000008003ab0                TIM3_IRQHandler
                0x0000000008003ab0                RCC_IRQHandler
                0x0000000008003ab0                TIM1_TRG_COM_IRQHandler
                0x0000000008003ab0                DMA1_Channel1_IRQHandler
                0x0000000008003ab0                Default_Handler
                0x0000000008003ab0                EXTI15_10_IRQHandler
                0x0000000008003ab0                EXTI9_5_IRQHandler
                0x0000000008003ab0                SPI2_IRQHandler
                0x0000000008003ab0                DMA1_Channel5_IRQHandler
                0x0000000008003ab0                EXTI4_IRQHandler
                0x0000000008003ab0                USB_HP_CAN1_TX_IRQHandler
                0x0000000008003ab0                DMA1_Channel3_IRQHandler
                0x0000000008003ab0                TIM1_UP_IRQHandler
                0x0000000008003ab0                WWDG_IRQHandler
                0x0000000008003ab0                TIM2_IRQHandler
                0x0000000008003ab0                TIM1_BRK_IRQHandler
                0x0000000008003ab0                USART2_IRQHandler
                0x0000000008003ab0                I2C2_ER_IRQHandler
                0x0000000008003ab0                DMA1_Channel2_IRQHandler
                0x0000000008003ab0                CAN1_SCE_IRQHandler
                0x0000000008003ab0                FLASH_IRQHandler
                0x0000000008003ab0                USART1_IRQHandler
                0x0000000008003ab0                I2C1_ER_IRQHandler
                0x0000000008003ab0                USBWakeUp_IRQHandler
 *fill*         0x0000000008003ab2        0x2 
 .text.HAL_Init
                0x0000000008003ab4       0x2c ./Drivers/STM32F1xx_HAL_Driver/Src/stm32f1xx_hal.o
                0x0000000008003ab4                HAL_Init
 .text.HAL_InitTick
                0x0000000008003ae0       0x60 ./Drivers/STM32F1xx_HAL_Driver/Src/stm32f1xx_hal.o
                0x0000000008003ae0                HAL_InitTick
 .text.HAL_IncTick
                0x0000000008003b40       0x24 ./Drivers/STM32F1xx_HAL_Driver/Src/stm32f1xx_hal.o
                0x0000000008003b40                HAL_IncTick
 .text.HAL_GetTick
                0x0000000008003b64       0x14 ./Drivers/STM32F1xx_HAL_Driver/Src/stm32f1xx_hal.o
                0x0000000008003b64                HAL_GetTick
 .text.HAL_Delay
                0x0000000008003b78       0x48 ./Drivers/STM32F1xx_HAL_Driver/Src/stm32f1xx_hal.o
                0x0000000008003b78                HAL_Delay
 .text.__NVIC_SetPriorityGrouping
                0x0000000008003bc0       0x48 ./Drivers/STM32F1xx_HAL_Driver/Src/stm32f1xx_hal_cortex.o
 .text.__NVIC_GetPriorityGrouping
                0x0000000008003c08       0x1c ./Drivers/STM32F1xx_HAL_Driver/Src/stm32f1xx_hal_cortex.o
 .text.__NVIC_EnableIRQ
                0x0000000008003c24       0x38 ./Drivers/STM32F1xx_HAL_Driver/Src/stm32f1xx_hal_cortex.o
 .text.__NVIC_SetPriority
                0x0000000008003c5c       0x54 ./Drivers/STM32F1xx_HAL_Driver/Src/stm32f1xx_hal_cortex.o
 .text.NVIC_EncodePriority
                0x0000000008003cb0       0x64 ./Drivers/STM32F1xx_HAL_Driver/Src/stm32f1xx_hal_cortex.o
 .text.SysTick_Config
                0x0000000008003d14       0x44 ./Drivers/STM32F1xx_HAL_Driver/Src/stm32f1xx_hal_cortex.o
 .text.HAL_NVIC_SetPriorityGrouping
                0x0000000008003d58       0x16 ./Drivers/STM32F1xx_HAL_Driver/Src/stm32f1xx_hal_cortex.o
                0x0000000008003d58                HAL_NVIC_SetPriorityGrouping
 .text.HAL_NVIC_SetPriority
                0x0000000008003d6e       0x38 ./Drivers/STM32F1xx_HAL_Driver/Src/stm32f1xx_hal_cortex.o
                0x0000000008003d6e                HAL_NVIC_SetPriority
 .text.HAL_NVIC_EnableIRQ
                0x0000000008003da6       0x1c ./Drivers/STM32F1xx_HAL_Driver/Src/stm32f1xx_hal_cortex.o
                0x0000000008003da6                HAL_NVIC_EnableIRQ
 .text.HAL_SYSTICK_Config
                0x0000000008003dc2       0x18 ./Drivers/STM32F1xx_HAL_Driver/Src/stm32f1xx_hal_cortex.o
                0x0000000008003dc2                HAL_SYSTICK_Config
 *fill*         0x0000000008003dda        0x2 
 .text.HAL_GPIO_Init
                0x0000000008003ddc      0x308 ./Drivers/STM32F1xx_HAL_Driver/Src/stm32f1xx_hal_gpio.o
                0x0000000008003ddc                HAL_GPIO_Init
 .text.HAL_GPIO_WritePin
                0x00000000080040e4       0x30 ./Drivers/STM32F1xx_HAL_Driver/Src/stm32f1xx_hal_gpio.o
                0x00000000080040e4                HAL_GPIO_WritePin
 .text.HAL_GPIO_EXTI_IRQHandler
                0x0000000008004114       0x30 ./Drivers/STM32F1xx_HAL_Driver/Src/stm32f1xx_hal_gpio.o
                0x0000000008004114                HAL_GPIO_EXTI_IRQHandler
 .text.HAL_I2C_Init
                0x0000000008004144      0x288 ./Drivers/STM32F1xx_HAL_Driver/Src/stm32f1xx_hal_i2c.o
                0x0000000008004144                HAL_I2C_Init
 .text.HAL_I2C_Master_Transmit
                0x00000000080043cc      0x1fc ./Drivers/STM32F1xx_HAL_Driver/Src/stm32f1xx_hal_i2c.o
                0x00000000080043cc                HAL_I2C_Master_Transmit
 .text.HAL_I2C_Mem_Write
                0x00000000080045c8      0x1f4 ./Drivers/STM32F1xx_HAL_Driver/Src/stm32f1xx_hal_i2c.o
                0x00000000080045c8                HAL_I2C_Mem_Write
 .text.HAL_I2C_Mem_Read
                0x00000000080047bc      0x4e8 ./Drivers/STM32F1xx_HAL_Driver/Src/stm32f1xx_hal_i2c.o
                0x00000000080047bc                HAL_I2C_Mem_Read
 .text.I2C_MasterRequestWrite
                0x0000000008004ca4      0x104 ./Drivers/STM32F1xx_HAL_Driver/Src/stm32f1xx_hal_i2c.o
 .text.I2C_RequestMemoryWrite
                0x0000000008004da8      0x12c ./Drivers/STM32F1xx_HAL_Driver/Src/stm32f1xx_hal_i2c.o
 .text.I2C_RequestMemoryRead
                0x0000000008004ed4      0x1d0 ./Drivers/STM32F1xx_HAL_Driver/Src/stm32f1xx_hal_i2c.o
 .text.I2C_WaitOnFlagUntilTimeout
                0x00000000080050a4       0xf4 ./Drivers/STM32F1xx_HAL_Driver/Src/stm32f1xx_hal_i2c.o
 .text.I2C_WaitOnMasterAddressFlagUntilTimeout
                0x0000000008005198      0x140 ./Drivers/STM32F1xx_HAL_Driver/Src/stm32f1xx_hal_i2c.o
 .text.I2C_WaitOnTXEFlagUntilTimeout
                0x00000000080052d8       0x90 ./Drivers/STM32F1xx_HAL_Driver/Src/stm32f1xx_hal_i2c.o
 .text.I2C_WaitOnBTFFlagUntilTimeout
                0x0000000008005368       0x90 ./Drivers/STM32F1xx_HAL_Driver/Src/stm32f1xx_hal_i2c.o
 .text.I2C_WaitOnRXNEFlagUntilTimeout
                0x00000000080053f8       0xba ./Drivers/STM32F1xx_HAL_Driver/Src/stm32f1xx_hal_i2c.o
 .text.I2C_IsAcknowledgeFailed
                0x00000000080054b2       0x5c ./Drivers/STM32F1xx_HAL_Driver/Src/stm32f1xx_hal_i2c.o
 .text.HAL_PCD_Init
                0x000000000800550e      0x1ec ./Drivers/STM32F1xx_HAL_Driver/Src/stm32f1xx_hal_pcd.o
                0x000000000800550e                HAL_PCD_Init
 .text.HAL_PCD_Start
                0x00000000080056fa       0x4c ./Drivers/STM32F1xx_HAL_Driver/Src/stm32f1xx_hal_pcd.o
                0x00000000080056fa                HAL_PCD_Start
 .text.HAL_PCD_IRQHandler
                0x0000000008005746      0x264 ./Drivers/STM32F1xx_HAL_Driver/Src/stm32f1xx_hal_pcd.o
                0x0000000008005746                HAL_PCD_IRQHandler
 .text.HAL_PCD_SetAddress
                0x00000000080059aa       0x48 ./Drivers/STM32F1xx_HAL_Driver/Src/stm32f1xx_hal_pcd.o
                0x00000000080059aa                HAL_PCD_SetAddress
 .text.HAL_PCD_EP_Open
                0x00000000080059f2       0xba ./Drivers/STM32F1xx_HAL_Driver/Src/stm32f1xx_hal_pcd.o
                0x00000000080059f2                HAL_PCD_EP_Open
 .text.HAL_PCD_EP_Close
                0x0000000008005aac       0x90 ./Drivers/STM32F1xx_HAL_Driver/Src/stm32f1xx_hal_pcd.o
                0x0000000008005aac                HAL_PCD_EP_Close
 .text.HAL_PCD_EP_Receive
                0x0000000008005b3c       0x62 ./Drivers/STM32F1xx_HAL_Driver/Src/stm32f1xx_hal_pcd.o
                0x0000000008005b3c                HAL_PCD_EP_Receive
 .text.HAL_PCD_EP_GetRxCount
                0x0000000008005b9e       0x2e ./Drivers/STM32F1xx_HAL_Driver/Src/stm32f1xx_hal_pcd.o
                0x0000000008005b9e                HAL_PCD_EP_GetRxCount
 .text.HAL_PCD_EP_Transmit
                0x0000000008005bcc       0x6e ./Drivers/STM32F1xx_HAL_Driver/Src/stm32f1xx_hal_pcd.o
                0x0000000008005bcc                HAL_PCD_EP_Transmit
 .text.HAL_PCD_EP_SetStall
                0x0000000008005c3a       0xc0 ./Drivers/STM32F1xx_HAL_Driver/Src/stm32f1xx_hal_pcd.o
                0x0000000008005c3a                HAL_PCD_EP_SetStall
 .text.HAL_PCD_EP_ClrStall
                0x0000000008005cfa       0xa8 ./Drivers/STM32F1xx_HAL_Driver/Src/stm32f1xx_hal_pcd.o
                0x0000000008005cfa                HAL_PCD_EP_ClrStall
 .text.PCD_EP_ISR_Handler
                0x0000000008005da2      0x7a0 ./Drivers/STM32F1xx_HAL_Driver/Src/stm32f1xx_hal_pcd.o
 .text.HAL_PCD_EP_DB_Receive
                0x0000000008006542      0x21a ./Drivers/STM32F1xx_HAL_Driver/Src/stm32f1xx_hal_pcd.o
 .text.HAL_PCD_EP_DB_Transmit
                0x000000000800675c      0x7f4 ./Drivers/STM32F1xx_HAL_Driver/Src/stm32f1xx_hal_pcd.o
 .text.HAL_PCDEx_PMAConfig
                0x0000000008006f50       0x84 ./Drivers/STM32F1xx_HAL_Driver/Src/stm32f1xx_hal_pcd_ex.o
                0x0000000008006f50                HAL_PCDEx_PMAConfig
 .text.HAL_RCC_OscConfig
                0x0000000008006fd4      0x500 ./Drivers/STM32F1xx_HAL_Driver/Src/stm32f1xx_hal_rcc.o
                0x0000000008006fd4                HAL_RCC_OscConfig
 .text.HAL_RCC_ClockConfig
                0x00000000080074d4      0x1d4 ./Drivers/STM32F1xx_HAL_Driver/Src/stm32f1xx_hal_rcc.o
                0x00000000080074d4                HAL_RCC_ClockConfig
 .text.HAL_RCC_GetSysClockFreq
                0x00000000080076a8       0xa8 ./Drivers/STM32F1xx_HAL_Driver/Src/stm32f1xx_hal_rcc.o
                0x00000000080076a8                HAL_RCC_GetSysClockFreq
 .text.HAL_RCC_GetHCLKFreq
                0x0000000008007750       0x14 ./Drivers/STM32F1xx_HAL_Driver/Src/stm32f1xx_hal_rcc.o
                0x0000000008007750                HAL_RCC_GetHCLKFreq
 .text.HAL_RCC_GetPCLK1Freq
                0x0000000008007764       0x28 ./Drivers/STM32F1xx_HAL_Driver/Src/stm32f1xx_hal_rcc.o
                0x0000000008007764                HAL_RCC_GetPCLK1Freq
 .text.HAL_RCC_GetPCLK2Freq
                0x000000000800778c       0x28 ./Drivers/STM32F1xx_HAL_Driver/Src/stm32f1xx_hal_rcc.o
                0x000000000800778c                HAL_RCC_GetPCLK2Freq
 .text.RCC_Delay
                0x00000000080077b4       0x3c ./Drivers/STM32F1xx_HAL_Driver/Src/stm32f1xx_hal_rcc.o
 .text.HAL_RCCEx_PeriphCLKConfig
                0x00000000080077f0      0x16c ./Drivers/STM32F1xx_HAL_Driver/Src/stm32f1xx_hal_rcc_ex.o
                0x00000000080077f0                HAL_RCCEx_PeriphCLKConfig
 .text.HAL_TIM_PWM_Init
                0x000000000800795c       0x9e ./Drivers/STM32F1xx_HAL_Driver/Src/stm32f1xx_hal_tim.o
                0x000000000800795c                HAL_TIM_PWM_Init
 *fill*         0x00000000080079fa        0x2 
 .text.HAL_TIM_PWM_Start
                0x00000000080079fc      0x144 ./Drivers/STM32F1xx_HAL_Driver/Src/stm32f1xx_hal_tim.o
                0x00000000080079fc                HAL_TIM_PWM_Start
 .text.HAL_TIM_PWM_ConfigChannel
                0x0000000008007b40      0x184 ./Drivers/STM32F1xx_HAL_Driver/Src/stm32f1xx_hal_tim.o
                0x0000000008007b40                HAL_TIM_PWM_ConfigChannel
 .text.TIM_Base_SetConfig
                0x0000000008007cc4       0xdc ./Drivers/STM32F1xx_HAL_Driver/Src/stm32f1xx_hal_tim.o
                0x0000000008007cc4                TIM_Base_SetConfig
 .text.TIM_OC1_SetConfig
                0x0000000008007da0       0xcc ./Drivers/STM32F1xx_HAL_Driver/Src/stm32f1xx_hal_tim.o
 .text.TIM_OC2_SetConfig
                0x0000000008007e6c       0xd4 ./Drivers/STM32F1xx_HAL_Driver/Src/stm32f1xx_hal_tim.o
                0x0000000008007e6c                TIM_OC2_SetConfig
 .text.TIM_OC3_SetConfig
                0x0000000008007f40       0xd4 ./Drivers/STM32F1xx_HAL_Driver/Src/stm32f1xx_hal_tim.o
 .text.TIM_OC4_SetConfig
                0x0000000008008014       0x9c ./Drivers/STM32F1xx_HAL_Driver/Src/stm32f1xx_hal_tim.o
 .text.TIM_CCxChannelCmd
                0x00000000080080b0       0x48 ./Drivers/STM32F1xx_HAL_Driver/Src/stm32f1xx_hal_tim.o
                0x00000000080080b0                TIM_CCxChannelCmd
 .text.HAL_TIMEx_MasterConfigSynchronization
                0x00000000080080f8       0xbc ./Drivers/STM32F1xx_HAL_Driver/Src/stm32f1xx_hal_tim_ex.o
                0x00000000080080f8                HAL_TIMEx_MasterConfigSynchronization
 .text.HAL_TIMEx_ConfigBreakDeadTime
                0x00000000080081b4       0xa2 ./Drivers/STM32F1xx_HAL_Driver/Src/stm32f1xx_hal_tim_ex.o
                0x00000000080081b4                HAL_TIMEx_ConfigBreakDeadTime
 .text.HAL_UART_Init
                0x0000000008008256       0xa0 ./Drivers/STM32F1xx_HAL_Driver/Src/stm32f1xx_hal_uart.o
                0x0000000008008256                HAL_UART_Init
 .text.HAL_UART_Transmit
                0x00000000080082f6      0x116 ./Drivers/STM32F1xx_HAL_Driver/Src/stm32f1xx_hal_uart.o
                0x00000000080082f6                HAL_UART_Transmit
 .text.UART_WaitOnFlagUntilTimeout
                0x000000000800840c       0xb2 ./Drivers/STM32F1xx_HAL_Driver/Src/stm32f1xx_hal_uart.o
 .text.UART_EndRxTransfer
                0x00000000080084be       0xc4 ./Drivers/STM32F1xx_HAL_Driver/Src/stm32f1xx_hal_uart.o
 *fill*         0x0000000008008582        0x2 
 .text.UART_SetConfig
                0x0000000008008584      0x11c ./Drivers/STM32F1xx_HAL_Driver/Src/stm32f1xx_hal_uart.o
 .text.USB_CoreInit
                0x00000000080086a0       0x1a ./Drivers/STM32F1xx_HAL_Driver/Src/stm32f1xx_ll_usb.o
                0x00000000080086a0                USB_CoreInit
 .text.USB_EnableGlobalInt
                0x00000000080086ba       0x2c ./Drivers/STM32F1xx_HAL_Driver/Src/stm32f1xx_ll_usb.o
                0x00000000080086ba                USB_EnableGlobalInt
 .text.USB_DisableGlobalInt
                0x00000000080086e6       0x34 ./Drivers/STM32F1xx_HAL_Driver/Src/stm32f1xx_ll_usb.o
                0x00000000080086e6                USB_DisableGlobalInt
 .text.USB_SetCurrentMode
                0x000000000800871a       0x18 ./Drivers/STM32F1xx_HAL_Driver/Src/stm32f1xx_ll_usb.o
                0x000000000800871a                USB_SetCurrentMode
 .text.USB_DevInit
                0x0000000008008732       0x3a ./Drivers/STM32F1xx_HAL_Driver/Src/stm32f1xx_ll_usb.o
                0x0000000008008732                USB_DevInit
 .text.USB_ActivateEndpoint
                0x000000000800876c      0x780 ./Drivers/STM32F1xx_HAL_Driver/Src/stm32f1xx_ll_usb.o
                0x000000000800876c                USB_ActivateEndpoint
 .text.USB_DeactivateEndpoint
                0x0000000008008eec      0x3d8 ./Drivers/STM32F1xx_HAL_Driver/Src/stm32f1xx_ll_usb.o
                0x0000000008008eec                USB_DeactivateEndpoint
 .text.USB_EPStartXfer
                0x00000000080092c4     0x1298 ./Drivers/STM32F1xx_HAL_Driver/Src/stm32f1xx_ll_usb.o
                0x00000000080092c4                USB_EPStartXfer
 .text.USB_EPSetStall
                0x000000000800a55c       0xa0 ./Drivers/STM32F1xx_HAL_Driver/Src/stm32f1xx_ll_usb.o
                0x000000000800a55c                USB_EPSetStall
 .text.USB_EPClearStall
                0x000000000800a5fc      0x15a ./Drivers/STM32F1xx_HAL_Driver/Src/stm32f1xx_ll_usb.o
                0x000000000800a5fc                USB_EPClearStall
 .text.USB_SetDevAddress
                0x000000000800a756       0x26 ./Drivers/STM32F1xx_HAL_Driver/Src/stm32f1xx_ll_usb.o
                0x000000000800a756                USB_SetDevAddress
 .text.USB_DevConnect
                0x000000000800a77c       0x14 ./Drivers/STM32F1xx_HAL_Driver/Src/stm32f1xx_ll_usb.o
                0x000000000800a77c                USB_DevConnect
 .text.USB_DevDisconnect
                0x000000000800a790       0x14 ./Drivers/STM32F1xx_HAL_Driver/Src/stm32f1xx_ll_usb.o
                0x000000000800a790                USB_DevDisconnect
 .text.USB_ReadInterrupts
                0x000000000800a7a4       0x1e ./Drivers/STM32F1xx_HAL_Driver/Src/stm32f1xx_ll_usb.o
                0x000000000800a7a4                USB_ReadInterrupts
 .text.USB_EP0_OutStart
                0x000000000800a7c2       0x16 ./Drivers/STM32F1xx_HAL_Driver/Src/stm32f1xx_ll_usb.o
                0x000000000800a7c2                USB_EP0_OutStart
 .text.USB_WritePMA
                0x000000000800a7d8       0x8a ./Drivers/STM32F1xx_HAL_Driver/Src/stm32f1xx_ll_usb.o
                0x000000000800a7d8                USB_WritePMA
 .text.USB_ReadPMA
                0x000000000800a862       0x9e ./Drivers/STM32F1xx_HAL_Driver/Src/stm32f1xx_ll_usb.o
                0x000000000800a862                USB_ReadPMA
 .text.USBD_CDC_Init
                0x000000000800a900       0xf4 ./Middlewares/ST/STM32_USB_Device_Library/Class/CDC/Src/usbd_cdc.o
 .text.USBD_CDC_DeInit
                0x000000000800a9f4       0x6e ./Middlewares/ST/STM32_USB_Device_Library/Class/CDC/Src/usbd_cdc.o
 .text.USBD_CDC_Setup
                0x000000000800aa62      0x146 ./Middlewares/ST/STM32_USB_Device_Library/Class/CDC/Src/usbd_cdc.o
 .text.USBD_CDC_DataIn
                0x000000000800aba8       0xa6 ./Middlewares/ST/STM32_USB_Device_Library/Class/CDC/Src/usbd_cdc.o
 .text.USBD_CDC_DataOut
                0x000000000800ac4e       0x56 ./Middlewares/ST/STM32_USB_Device_Library/Class/CDC/Src/usbd_cdc.o
 .text.USBD_CDC_EP0_RxReady
                0x000000000800aca4       0x50 ./Middlewares/ST/STM32_USB_Device_Library/Class/CDC/Src/usbd_cdc.o
 .text.USBD_CDC_GetFSCfgDesc
                0x000000000800acf4       0x20 ./Middlewares/ST/STM32_USB_Device_Library/Class/CDC/Src/usbd_cdc.o
 .text.USBD_CDC_GetHSCfgDesc
                0x000000000800ad14       0x20 ./Middlewares/ST/STM32_USB_Device_Library/Class/CDC/Src/usbd_cdc.o
 .text.USBD_CDC_GetOtherSpeedCfgDesc
                0x000000000800ad34       0x20 ./Middlewares/ST/STM32_USB_Device_Library/Class/CDC/Src/usbd_cdc.o
 .text.USBD_CDC_GetDeviceQualifierDescriptor
                0x000000000800ad54       0x20 ./Middlewares/ST/STM32_USB_Device_Library/Class/CDC/Src/usbd_cdc.o
                0x000000000800ad54                USBD_CDC_GetDeviceQualifierDescriptor
 .text.USBD_CDC_RegisterInterface
                0x000000000800ad74       0x2c ./Middlewares/ST/STM32_USB_Device_Library/Class/CDC/Src/usbd_cdc.o
                0x000000000800ad74                USBD_CDC_RegisterInterface
 .text.USBD_CDC_SetTxBuffer
                0x000000000800ada0       0x32 ./Middlewares/ST/STM32_USB_Device_Library/Class/CDC/Src/usbd_cdc.o
                0x000000000800ada0                USBD_CDC_SetTxBuffer
 .text.USBD_CDC_SetRxBuffer
                0x000000000800add2       0x26 ./Middlewares/ST/STM32_USB_Device_Library/Class/CDC/Src/usbd_cdc.o
                0x000000000800add2                USBD_CDC_SetRxBuffer
 .text.USBD_CDC_ReceivePacket
                0x000000000800adf8       0x54 ./Middlewares/ST/STM32_USB_Device_Library/Class/CDC/Src/usbd_cdc.o
                0x000000000800adf8                USBD_CDC_ReceivePacket
 .text.USBD_Init
                0x000000000800ae4c       0x56 ./Middlewares/ST/STM32_USB_Device_Library/Core/Src/usbd_core.o
                0x000000000800ae4c                USBD_Init
 .text.USBD_RegisterClass
                0x000000000800aea2       0x32 ./Middlewares/ST/STM32_USB_Device_Library/Core/Src/usbd_core.o
                0x000000000800aea2                USBD_RegisterClass
 .text.USBD_Start
                0x000000000800aed4       0x18 ./Middlewares/ST/STM32_USB_Device_Library/Core/Src/usbd_core.o
                0x000000000800aed4                USBD_Start
 .text.USBD_RunTestMode
                0x000000000800aeec       0x14 ./Middlewares/ST/STM32_USB_Device_Library/Core/Src/usbd_core.o
                0x000000000800aeec                USBD_RunTestMode
 .text.USBD_SetClassConfig
                0x000000000800af00       0x3e ./Middlewares/ST/STM32_USB_Device_Library/Core/Src/usbd_core.o
                0x000000000800af00                USBD_SetClassConfig
 .text.USBD_ClrClassConfig
                0x000000000800af3e       0x26 ./Middlewares/ST/STM32_USB_Device_Library/Core/Src/usbd_core.o
                0x000000000800af3e                USBD_ClrClassConfig
 .text.USBD_LL_SetupStage
                0x000000000800af64       0x9a ./Middlewares/ST/STM32_USB_Device_Library/Core/Src/usbd_core.o
                0x000000000800af64                USBD_LL_SetupStage
 .text.USBD_LL_DataOutStage
                0x000000000800affe       0xe2 ./Middlewares/ST/STM32_USB_Device_Library/Core/Src/usbd_core.o
                0x000000000800affe                USBD_LL_DataOutStage
 .text.USBD_LL_DataInStage
                0x000000000800b0e0      0x14a ./Middlewares/ST/STM32_USB_Device_Library/Core/Src/usbd_core.o
                0x000000000800b0e0                USBD_LL_DataInStage
 .text.USBD_LL_Reset
                0x000000000800b22a       0x82 ./Middlewares/ST/STM32_USB_Device_Library/Core/Src/usbd_core.o
                0x000000000800b22a                USBD_LL_Reset
 .text.USBD_LL_SetSpeed
                0x000000000800b2ac       0x1e ./Middlewares/ST/STM32_USB_Device_Library/Core/Src/usbd_core.o
                0x000000000800b2ac                USBD_LL_SetSpeed
 .text.USBD_LL_Suspend
                0x000000000800b2ca       0x28 ./Middlewares/ST/STM32_USB_Device_Library/Core/Src/usbd_core.o
                0x000000000800b2ca                USBD_LL_Suspend
 .text.USBD_LL_Resume
                0x000000000800b2f2       0x2a ./Middlewares/ST/STM32_USB_Device_Library/Core/Src/usbd_core.o
                0x000000000800b2f2                USBD_LL_Resume
 .text.USBD_LL_SOF
                0x000000000800b31c       0x34 ./Middlewares/ST/STM32_USB_Device_Library/Core/Src/usbd_core.o
                0x000000000800b31c                USBD_LL_SOF
 .text.USBD_StdDevReq
                0x000000000800b350       0xd4 ./Middlewares/ST/STM32_USB_Device_Library/Core/Src/usbd_ctlreq.o
                0x000000000800b350                USBD_StdDevReq
 .text.USBD_StdItfReq
                0x000000000800b424       0x90 ./Middlewares/ST/STM32_USB_Device_Library/Core/Src/usbd_ctlreq.o
                0x000000000800b424                USBD_StdItfReq
 .text.USBD_StdEPReq
                0x000000000800b4b4      0x2c6 ./Middlewares/ST/STM32_USB_Device_Library/Core/Src/usbd_ctlreq.o
                0x000000000800b4b4                USBD_StdEPReq
 *fill*         0x000000000800b77a        0x2 
 .text.USBD_GetDescriptor
                0x000000000800b77c      0x2d0 ./Middlewares/ST/STM32_USB_Device_Library/Core/Src/usbd_ctlreq.o
 .text.USBD_SetAddress
                0x000000000800ba4c       0x86 ./Middlewares/ST/STM32_USB_Device_Library/Core/Src/usbd_ctlreq.o
 *fill*         0x000000000800bad2        0x2 
 .text.USBD_SetConfig
                0x000000000800bad4      0x11c ./Middlewares/ST/STM32_USB_Device_Library/Core/Src/usbd_ctlreq.o
 .text.USBD_GetConfig
                0x000000000800bbf0       0x6a ./Middlewares/ST/STM32_USB_Device_Library/Core/Src/usbd_ctlreq.o
 .text.USBD_GetStatus
                0x000000000800bc5a       0x66 ./Middlewares/ST/STM32_USB_Device_Library/Core/Src/usbd_ctlreq.o
 .text.USBD_SetFeature
                0x000000000800bcc0       0x28 ./Middlewares/ST/STM32_USB_Device_Library/Core/Src/usbd_ctlreq.o
 .text.USBD_ClrFeature
                0x000000000800bce8       0x42 ./Middlewares/ST/STM32_USB_Device_Library/Core/Src/usbd_ctlreq.o
 .text.USBD_ParseSetupRequest
                0x000000000800bd2a       0x78 ./Middlewares/ST/STM32_USB_Device_Library/Core/Src/usbd_ctlreq.o
                0x000000000800bd2a                USBD_ParseSetupRequest
 .text.USBD_CtlError
                0x000000000800bda2       0x22 ./Middlewares/ST/STM32_USB_Device_Library/Core/Src/usbd_ctlreq.o
                0x000000000800bda2                USBD_CtlError
 .text.USBD_GetString
                0x000000000800bdc4       0x84 ./Middlewares/ST/STM32_USB_Device_Library/Core/Src/usbd_ctlreq.o
                0x000000000800bdc4                USBD_GetString
 .text.USBD_GetLen
                0x000000000800be48       0x2e ./Middlewares/ST/STM32_USB_Device_Library/Core/Src/usbd_ctlreq.o
 .text.USBD_CtlSendData
                0x000000000800be76       0x38 ./Middlewares/ST/STM32_USB_Device_Library/Core/Src/usbd_ioreq.o
                0x000000000800be76                USBD_CtlSendData
 .text.USBD_CtlContinueSendData
                0x000000000800beae       0x24 ./Middlewares/ST/STM32_USB_Device_Library/Core/Src/usbd_ioreq.o
                0x000000000800beae                USBD_CtlContinueSendData
 .text.USBD_CtlPrepareRx
                0x000000000800bed2       0x3c ./Middlewares/ST/STM32_USB_Device_Library/Core/Src/usbd_ioreq.o
                0x000000000800bed2                USBD_CtlPrepareRx
 .text.USBD_CtlContinueRx
                0x000000000800bf0e       0x24 ./Middlewares/ST/STM32_USB_Device_Library/Core/Src/usbd_ioreq.o
                0x000000000800bf0e                USBD_CtlContinueRx
 .text.USBD_CtlSendStatus
                0x000000000800bf32       0x26 ./Middlewares/ST/STM32_USB_Device_Library/Core/Src/usbd_ioreq.o
                0x000000000800bf32                USBD_CtlSendStatus
 .text.USBD_CtlReceiveStatus
                0x000000000800bf58       0x26 ./Middlewares/ST/STM32_USB_Device_Library/Core/Src/usbd_ioreq.o
                0x000000000800bf58                USBD_CtlReceiveStatus
 *fill*         0x000000000800bf7e        0x2 
 .text.MX_USB_DEVICE_Init
                0x000000000800bf80       0x60 ./USB_DEVICE/App/usb_device.o
                0x000000000800bf80                MX_USB_DEVICE_Init
 .text.CDC_Init_FS
                0x000000000800bfe0       0x28 ./USB_DEVICE/App/usbd_cdc_if.o
 .text.CDC_DeInit_FS
                0x000000000800c008        0xe ./USB_DEVICE/App/usbd_cdc_if.o
 *fill*         0x000000000800c016        0x2 
 .text.CDC_Control_FS
                0x000000000800c018       0xbc ./USB_DEVICE/App/usbd_cdc_if.o
 .text.CDC_Receive_FS
                0x000000000800c0d4       0x28 ./USB_DEVICE/App/usbd_cdc_if.o
 .text.USBD_FS_DeviceDescriptor
                0x000000000800c0fc       0x24 ./USB_DEVICE/App/usbd_desc.o
                0x000000000800c0fc                USBD_FS_DeviceDescriptor
 .text.USBD_FS_LangIDStrDescriptor
                0x000000000800c120       0x24 ./USB_DEVICE/App/usbd_desc.o
                0x000000000800c120                USBD_FS_LangIDStrDescriptor
 .text.USBD_FS_ProductStrDescriptor
                0x000000000800c144       0x3c ./USB_DEVICE/App/usbd_desc.o
                0x000000000800c144                USBD_FS_ProductStrDescriptor
 .text.USBD_FS_ManufacturerStrDescriptor
                0x000000000800c180       0x28 ./USB_DEVICE/App/usbd_desc.o
                0x000000000800c180                USBD_FS_ManufacturerStrDescriptor
 .text.USBD_FS_SerialStrDescriptor
                0x000000000800c1a8       0x24 ./USB_DEVICE/App/usbd_desc.o
                0x000000000800c1a8                USBD_FS_SerialStrDescriptor
 .text.USBD_FS_ConfigStrDescriptor
                0x000000000800c1cc       0x3c ./USB_DEVICE/App/usbd_desc.o
                0x000000000800c1cc                USBD_FS_ConfigStrDescriptor
 .text.USBD_FS_InterfaceStrDescriptor
                0x000000000800c208       0x3c ./USB_DEVICE/App/usbd_desc.o
                0x000000000800c208                USBD_FS_InterfaceStrDescriptor
 .text.Get_SerialNum
                0x000000000800c244       0x58 ./USB_DEVICE/App/usbd_desc.o
 .text.IntToUnicode
                0x000000000800c29c       0x7c ./USB_DEVICE/App/usbd_desc.o
 .text.HAL_PCD_MspInit
                0x000000000800c318       0x4c ./USB_DEVICE/Target/usbd_conf.o
                0x000000000800c318                HAL_PCD_MspInit
 .text.HAL_PCD_SetupStageCallback
                0x000000000800c364       0x24 ./USB_DEVICE/Target/usbd_conf.o
                0x000000000800c364                HAL_PCD_SetupStageCallback
 .text.HAL_PCD_DataOutStageCallback
                0x000000000800c388       0x36 ./USB_DEVICE/Target/usbd_conf.o
                0x000000000800c388                HAL_PCD_DataOutStageCallback
 .text.HAL_PCD_DataInStageCallback
                0x000000000800c3be       0x34 ./USB_DEVICE/Target/usbd_conf.o
                0x000000000800c3be                HAL_PCD_DataInStageCallback
 .text.HAL_PCD_SOFCallback
                0x000000000800c3f2       0x1c ./USB_DEVICE/Target/usbd_conf.o
                0x000000000800c3f2                HAL_PCD_SOFCallback
 .text.HAL_PCD_ResetCallback
                0x000000000800c40e       0x3c ./USB_DEVICE/Target/usbd_conf.o
                0x000000000800c40e                HAL_PCD_ResetCallback
 *fill*         0x000000000800c44a        0x2 
 .text.HAL_PCD_SuspendCallback
                0x000000000800c44c       0x34 ./USB_DEVICE/Target/usbd_conf.o
                0x000000000800c44c                HAL_PCD_SuspendCallback
 .text.HAL_PCD_ResumeCallback
                0x000000000800c480       0x1c ./USB_DEVICE/Target/usbd_conf.o
                0x000000000800c480                HAL_PCD_ResumeCallback
 .text.USBD_LL_Init
                0x000000000800c49c       0xb4 ./USB_DEVICE/Target/usbd_conf.o
                0x000000000800c49c                USBD_LL_Init
 .text.USBD_LL_Start
                0x000000000800c550       0x36 ./USB_DEVICE/Target/usbd_conf.o
                0x000000000800c550                USBD_LL_Start
 .text.USBD_LL_OpenEP
                0x000000000800c586       0x4c ./USB_DEVICE/Target/usbd_conf.o
                0x000000000800c586                USBD_LL_OpenEP
 .text.USBD_LL_CloseEP
                0x000000000800c5d2       0x3e ./USB_DEVICE/Target/usbd_conf.o
                0x000000000800c5d2                USBD_LL_CloseEP
 .text.USBD_LL_StallEP
                0x000000000800c610       0x3e ./USB_DEVICE/Target/usbd_conf.o
                0x000000000800c610                USBD_LL_StallEP
 .text.USBD_LL_ClearStallEP
                0x000000000800c64e       0x3e ./USB_DEVICE/Target/usbd_conf.o
                0x000000000800c64e                USBD_LL_ClearStallEP
 .text.USBD_LL_IsStallEP
                0x000000000800c68c       0x56 ./USB_DEVICE/Target/usbd_conf.o
                0x000000000800c68c                USBD_LL_IsStallEP
 .text.USBD_LL_SetUSBAddress
                0x000000000800c6e2       0x3e ./USB_DEVICE/Target/usbd_conf.o
                0x000000000800c6e2                USBD_LL_SetUSBAddress
 .text.USBD_LL_Transmit
                0x000000000800c720       0x46 ./USB_DEVICE/Target/usbd_conf.o
                0x000000000800c720                USBD_LL_Transmit
 .text.USBD_LL_PrepareReceive
                0x000000000800c766       0x46 ./USB_DEVICE/Target/usbd_conf.o
                0x000000000800c766                USBD_LL_PrepareReceive
 .text.USBD_LL_GetRxDataSize
                0x000000000800c7ac       0x26 ./USB_DEVICE/Target/usbd_conf.o
                0x000000000800c7ac                USBD_LL_GetRxDataSize
 *fill*         0x000000000800c7d2        0x2 
 .text.USBD_static_malloc
                0x000000000800c7d4       0x18 ./USB_DEVICE/Target/usbd_conf.o
                0x000000000800c7d4                USBD_static_malloc
 .text.USBD_static_free
                0x000000000800c7ec       0x12 ./USB_DEVICE/Target/usbd_conf.o
                0x000000000800c7ec                USBD_static_free
 .text.HAL_PCDEx_SetConnectionState
                0x000000000800c7fe       0x16 ./USB_DEVICE/Target/usbd_conf.o
                0x000000000800c7fe                HAL_PCDEx_SetConnectionState
 .text.USBD_Get_USB_Status
                0x000000000800c814       0x58 ./USB_DEVICE/Target/usbd_conf.o
 .text.cos      0x000000000800c86c       0x84 c:/st/stm32cubeide_1.7.0/stm32cubeide/plugins/com.st.stm32cube.ide.mcu.externaltools.gnu-tools-for-stm32.9-2020-q2-update.win32_2.0.0.202105311346/tools/bin/../lib/gcc/arm-none-eabi/9.3.1/../../../../arm-none-eabi/lib/thumb/v7-m/nofp\libm.a(lib_a-s_cos.o)
                0x000000000800c86c                cos
 .text.sin      0x000000000800c8f0       0x8c c:/st/stm32cubeide_1.7.0/stm32cubeide/plugins/com.st.stm32cube.ide.mcu.externaltools.gnu-tools-for-stm32.9-2020-q2-update.win32_2.0.0.202105311346/tools/bin/../lib/gcc/arm-none-eabi/9.3.1/../../../../arm-none-eabi/lib/thumb/v7-m/nofp\libm.a(lib_a-s_sin.o)
                0x000000000800c8f0                sin
 .text.fmod     0x000000000800c97c       0x6c c:/st/stm32cubeide_1.7.0/stm32cubeide/plugins/com.st.stm32cube.ide.mcu.externaltools.gnu-tools-for-stm32.9-2020-q2-update.win32_2.0.0.202105311346/tools/bin/../lib/gcc/arm-none-eabi/9.3.1/../../../../arm-none-eabi/lib/thumb/v7-m/nofp\libm.a(lib_a-w_fmod.o)
                0x000000000800c97c                fmod
 .text.__ieee754_fmod
                0x000000000800c9e8      0x224 c:/st/stm32cubeide_1.7.0/stm32cubeide/plugins/com.st.stm32cube.ide.mcu.externaltools.gnu-tools-for-stm32.9-2020-q2-update.win32_2.0.0.202105311346/tools/bin/../lib/gcc/arm-none-eabi/9.3.1/../../../../arm-none-eabi/lib/thumb/v7-m/nofp\libm.a(lib_a-e_fmod.o)
                0x000000000800c9e8                __ieee754_fmod
 *fill*         0x000000000800cc0c        0x4 
 .text.__ieee754_rem_pio2
                0x000000000800cc10      0x3e0 c:/st/stm32cubeide_1.7.0/stm32cubeide/plugins/com.st.stm32cube.ide.mcu.externaltools.gnu-tools-for-stm32.9-2020-q2-update.win32_2.0.0.202105311346/tools/bin/../lib/gcc/arm-none-eabi/9.3.1/../../../../arm-none-eabi/lib/thumb/v7-m/nofp\libm.a(lib_a-e_rem_pio2.o)
                0x000000000800cc10                __ieee754_rem_pio2
 .text.__kernel_cos
                0x000000000800cff0      0x17c c:/st/stm32cubeide_1.7.0/stm32cubeide/plugins/com.st.stm32cube.ide.mcu.externaltools.gnu-tools-for-stm32.9-2020-q2-update.win32_2.0.0.202105311346/tools/bin/../lib/gcc/arm-none-eabi/9.3.1/../../../../arm-none-eabi/lib/thumb/v7-m/nofp\libm.a(lib_a-k_cos.o)
                0x000000000800cff0                __kernel_cos
 .text.__kernel_rem_pio2
                0x000000000800d16c      0x690 c:/st/stm32cubeide_1.7.0/stm32cubeide/plugins/com.st.stm32cube.ide.mcu.externaltools.gnu-tools-for-stm32.9-2020-q2-update.win32_2.0.0.202105311346/tools/bin/../lib/gcc/arm-none-eabi/9.3.1/../../../../arm-none-eabi/lib/thumb/v7-m/nofp\libm.a(lib_a-k_rem_pio2.o)
                0x000000000800d16c                __kernel_rem_pio2
 *fill*         0x000000000800d7fc        0x4 
 .text.__kernel_sin
                0x000000000800d800      0x16c c:/st/stm32cubeide_1.7.0/stm32cubeide/plugins/com.st.stm32cube.ide.mcu.externaltools.gnu-tools-for-stm32.9-2020-q2-update.win32_2.0.0.202105311346/tools/bin/../lib/gcc/arm-none-eabi/9.3.1/../../../../arm-none-eabi/lib/thumb/v7-m/nofp\libm.a(lib_a-k_sin.o)
                0x000000000800d800                __kernel_sin
 .text.fabs     0x000000000800d96c        0x6 c:/st/stm32cubeide_1.7.0/stm32cubeide/plugins/com.st.stm32cube.ide.mcu.externaltools.gnu-tools-for-stm32.9-2020-q2-update.win32_2.0.0.202105311346/tools/bin/../lib/gcc/arm-none-eabi/9.3.1/../../../../arm-none-eabi/lib/thumb/v7-m/nofp\libm.a(lib_a-s_fabs.o)
                0x000000000800d96c                fabs
 *fill*         0x000000000800d972        0x6 
 .text.floor    0x000000000800d978      0x100 c:/st/stm32cubeide_1.7.0/stm32cubeide/plugins/com.st.stm32cube.ide.mcu.externaltools.gnu-tools-for-stm32.9-2020-q2-update.win32_2.0.0.202105311346/tools/bin/../lib/gcc/arm-none-eabi/9.3.1/../../../../arm-none-eabi/lib/thumb/v7-m/nofp\libm.a(lib_a-s_floor.o)
                0x000000000800d978                floor
 .text.scalbn   0x000000000800da78      0x10c c:/st/stm32cubeide_1.7.0/stm32cubeide/plugins/com.st.stm32cube.ide.mcu.externaltools.gnu-tools-for-stm32.9-2020-q2-update.win32_2.0.0.202105311346/tools/bin/../lib/gcc/arm-none-eabi/9.3.1/../../../../arm-none-eabi/lib/thumb/v7-m/nofp\libm.a(lib_a-s_scalbn.o)
                0x000000000800da78                scalbn
 .text.__errno  0x000000000800db84        0xc c:/st/stm32cubeide_1.7.0/stm32cubeide/plugins/com.st.stm32cube.ide.mcu.externaltools.gnu-tools-for-stm32.9-2020-q2-update.win32_2.0.0.202105311346/tools/bin/../lib/gcc/arm-none-eabi/9.3.1/../../../../arm-none-eabi/lib/thumb/v7-m/nofp\libc_nano.a(lib_a-errno.o)
                0x000000000800db84                __errno
 .text.__libc_init_array
                0x000000000800db90       0x48 c:/st/stm32cubeide_1.7.0/stm32cubeide/plugins/com.st.stm32cube.ide.mcu.externaltools.gnu-tools-for-stm32.9-2020-q2-update.win32_2.0.0.202105311346/tools/bin/../lib/gcc/arm-none-eabi/9.3.1/../../../../arm-none-eabi/lib/thumb/v7-m/nofp\libc_nano.a(lib_a-init.o)
                0x000000000800db90                __libc_init_array
 .text.memset   0x000000000800dbd8       0x10 c:/st/stm32cubeide_1.7.0/stm32cubeide/plugins/com.st.stm32cube.ide.mcu.externaltools.gnu-tools-for-stm32.9-2020-q2-update.win32_2.0.0.202105311346/tools/bin/../lib/gcc/arm-none-eabi/9.3.1/../../../../arm-none-eabi/lib/thumb/v7-m/nofp\libc_nano.a(lib_a-memset.o)
                0x000000000800dbd8                memset
 .text._puts_r  0x000000000800dbe8       0xdc c:/st/stm32cubeide_1.7.0/stm32cubeide/plugins/com.st.stm32cube.ide.mcu.externaltools.gnu-tools-for-stm32.9-2020-q2-update.win32_2.0.0.202105311346/tools/bin/../lib/gcc/arm-none-eabi/9.3.1/../../../../arm-none-eabi/lib/thumb/v7-m/nofp\libc_nano.a(lib_a-puts.o)
                0x000000000800dbe8                _puts_r
 .text.puts     0x000000000800dcc4       0x10 c:/st/stm32cubeide_1.7.0/stm32cubeide/plugins/com.st.stm32cube.ide.mcu.externaltools.gnu-tools-for-stm32.9-2020-q2-update.win32_2.0.0.202105311346/tools/bin/../lib/gcc/arm-none-eabi/9.3.1/../../../../arm-none-eabi/lib/thumb/v7-m/nofp\libc_nano.a(lib_a-puts.o)
                0x000000000800dcc4                puts
 .text.sprintf  0x000000000800dcd4       0x40 c:/st/stm32cubeide_1.7.0/stm32cubeide/plugins/com.st.stm32cube.ide.mcu.externaltools.gnu-tools-for-stm32.9-2020-q2-update.win32_2.0.0.202105311346/tools/bin/../lib/gcc/arm-none-eabi/9.3.1/../../../../arm-none-eabi/lib/thumb/v7-m/nofp\libc_nano.a(lib_a-sprintf.o)
                0x000000000800dcd4                siprintf
                0x000000000800dcd4                sprintf
 .text.__swbuf_r
                0x000000000800dd14       0xa4 c:/st/stm32cubeide_1.7.0/stm32cubeide/plugins/com.st.stm32cube.ide.mcu.externaltools.gnu-tools-for-stm32.9-2020-q2-update.win32_2.0.0.202105311346/tools/bin/../lib/gcc/arm-none-eabi/9.3.1/../../../../arm-none-eabi/lib/thumb/v7-m/nofp\libc_nano.a(lib_a-wbuf.o)
                0x000000000800dd14                __swbuf_r
 .text.__swsetup_r
                0x000000000800ddb8       0xdc c:/st/stm32cubeide_1.7.0/stm32cubeide/plugins/com.st.stm32cube.ide.mcu.externaltools.gnu-tools-for-stm32.9-2020-q2-update.win32_2.0.0.202105311346/tools/bin/../lib/gcc/arm-none-eabi/9.3.1/../../../../arm-none-eabi/lib/thumb/v7-m/nofp\libc_nano.a(lib_a-wsetup.o)
                0x000000000800ddb8                __swsetup_r
 .text.__sflush_r
                0x000000000800de94      0x10c c:/st/stm32cubeide_1.7.0/stm32cubeide/plugins/com.st.stm32cube.ide.mcu.externaltools.gnu-tools-for-stm32.9-2020-q2-update.win32_2.0.0.202105311346/tools/bin/../lib/gcc/arm-none-eabi/9.3.1/../../../../arm-none-eabi/lib/thumb/v7-m/nofp\libc_nano.a(lib_a-fflush.o)
                0x000000000800de94                __sflush_r
 .text._fflush_r
                0x000000000800dfa0       0x78 c:/st/stm32cubeide_1.7.0/stm32cubeide/plugins/com.st.stm32cube.ide.mcu.externaltools.gnu-tools-for-stm32.9-2020-q2-update.win32_2.0.0.202105311346/tools/bin/../lib/gcc/arm-none-eabi/9.3.1/../../../../arm-none-eabi/lib/thumb/v7-m/nofp\libc_nano.a(lib_a-fflush.o)
                0x000000000800dfa0                _fflush_r
 .text.std      0x000000000800e018       0x48 c:/st/stm32cubeide_1.7.0/stm32cubeide/plugins/com.st.stm32cube.ide.mcu.externaltools.gnu-tools-for-stm32.9-2020-q2-update.win32_2.0.0.202105311346/tools/bin/../lib/gcc/arm-none-eabi/9.3.1/../../../../arm-none-eabi/lib/thumb/v7-m/nofp\libc_nano.a(lib_a-findfp.o)
 .text._cleanup_r
                0x000000000800e060        0xc c:/st/stm32cubeide_1.7.0/stm32cubeide/plugins/com.st.stm32cube.ide.mcu.externaltools.gnu-tools-for-stm32.9-2020-q2-update.win32_2.0.0.202105311346/tools/bin/../lib/gcc/arm-none-eabi/9.3.1/../../../../arm-none-eabi/lib/thumb/v7-m/nofp\libc_nano.a(lib_a-findfp.o)
                0x000000000800e060                _cleanup_r
 .text.__sfmoreglue
                0x000000000800e06c       0x2c c:/st/stm32cubeide_1.7.0/stm32cubeide/plugins/com.st.stm32cube.ide.mcu.externaltools.gnu-tools-for-stm32.9-2020-q2-update.win32_2.0.0.202105311346/tools/bin/../lib/gcc/arm-none-eabi/9.3.1/../../../../arm-none-eabi/lib/thumb/v7-m/nofp\libc_nano.a(lib_a-findfp.o)
                0x000000000800e06c                __sfmoreglue
 .text.__sfp_lock_acquire
                0x000000000800e098        0xc c:/st/stm32cubeide_1.7.0/stm32cubeide/plugins/com.st.stm32cube.ide.mcu.externaltools.gnu-tools-for-stm32.9-2020-q2-update.win32_2.0.0.202105311346/tools/bin/../lib/gcc/arm-none-eabi/9.3.1/../../../../arm-none-eabi/lib/thumb/v7-m/nofp\libc_nano.a(lib_a-findfp.o)
                0x000000000800e098                __sfp_lock_acquire
 .text.__sfp_lock_release
                0x000000000800e0a4        0xc c:/st/stm32cubeide_1.7.0/stm32cubeide/plugins/com.st.stm32cube.ide.mcu.externaltools.gnu-tools-for-stm32.9-2020-q2-update.win32_2.0.0.202105311346/tools/bin/../lib/gcc/arm-none-eabi/9.3.1/../../../../arm-none-eabi/lib/thumb/v7-m/nofp\libc_nano.a(lib_a-findfp.o)
                0x000000000800e0a4                __sfp_lock_release
 .text.__sinit_lock_acquire
                0x000000000800e0b0        0xc c:/st/stm32cubeide_1.7.0/stm32cubeide/plugins/com.st.stm32cube.ide.mcu.externaltools.gnu-tools-for-stm32.9-2020-q2-update.win32_2.0.0.202105311346/tools/bin/../lib/gcc/arm-none-eabi/9.3.1/../../../../arm-none-eabi/lib/thumb/v7-m/nofp\libc_nano.a(lib_a-findfp.o)
                0x000000000800e0b0                __sinit_lock_acquire
 .text.__sinit_lock_release
                0x000000000800e0bc        0xc c:/st/stm32cubeide_1.7.0/stm32cubeide/plugins/com.st.stm32cube.ide.mcu.externaltools.gnu-tools-for-stm32.9-2020-q2-update.win32_2.0.0.202105311346/tools/bin/../lib/gcc/arm-none-eabi/9.3.1/../../../../arm-none-eabi/lib/thumb/v7-m/nofp\libc_nano.a(lib_a-findfp.o)
                0x000000000800e0bc                __sinit_lock_release
 .text.__sinit  0x000000000800e0c8       0x70 c:/st/stm32cubeide_1.7.0/stm32cubeide/plugins/com.st.stm32cube.ide.mcu.externaltools.gnu-tools-for-stm32.9-2020-q2-update.win32_2.0.0.202105311346/tools/bin/../lib/gcc/arm-none-eabi/9.3.1/../../../../arm-none-eabi/lib/thumb/v7-m/nofp\libc_nano.a(lib_a-findfp.o)
                0x000000000800e0c8                __sinit
 .text.__sfp    0x000000000800e138       0x8c c:/st/stm32cubeide_1.7.0/stm32cubeide/plugins/com.st.stm32cube.ide.mcu.externaltools.gnu-tools-for-stm32.9-2020-q2-update.win32_2.0.0.202105311346/tools/bin/../lib/gcc/arm-none-eabi/9.3.1/../../../../arm-none-eabi/lib/thumb/v7-m/nofp\libc_nano.a(lib_a-findfp.o)
                0x000000000800e138                __sfp
 .text._fwalk_reent
                0x000000000800e1c4       0x3e c:/st/stm32cubeide_1.7.0/stm32cubeide/plugins/com.st.stm32cube.ide.mcu.externaltools.gnu-tools-for-stm32.9-2020-q2-update.win32_2.0.0.202105311346/tools/bin/../lib/gcc/arm-none-eabi/9.3.1/../../../../arm-none-eabi/lib/thumb/v7-m/nofp\libc_nano.a(lib_a-fwalk.o)
                0x000000000800e1c4                _fwalk_reent
 .text.__retarget_lock_init_recursive
                0x000000000800e202        0x2 c:/st/stm32cubeide_1.7.0/stm32cubeide/plugins/com.st.stm32cube.ide.mcu.externaltools.gnu-tools-for-stm32.9-2020-q2-update.win32_2.0.0.202105311346/tools/bin/../lib/gcc/arm-none-eabi/9.3.1/../../../../arm-none-eabi/lib/thumb/v7-m/nofp\libc_nano.a(lib_a-lock.o)
                0x000000000800e202                __retarget_lock_init_recursive
 .text.__retarget_lock_acquire_recursive
                0x000000000800e204        0x2 c:/st/stm32cubeide_1.7.0/stm32cubeide/plugins/com.st.stm32cube.ide.mcu.externaltools.gnu-tools-for-stm32.9-2020-q2-update.win32_2.0.0.202105311346/tools/bin/../lib/gcc/arm-none-eabi/9.3.1/../../../../arm-none-eabi/lib/thumb/v7-m/nofp\libc_nano.a(lib_a-lock.o)
                0x000000000800e204                __retarget_lock_acquire_recursive
 .text.__retarget_lock_release_recursive
                0x000000000800e206        0x2 c:/st/stm32cubeide_1.7.0/stm32cubeide/plugins/com.st.stm32cube.ide.mcu.externaltools.gnu-tools-for-stm32.9-2020-q2-update.win32_2.0.0.202105311346/tools/bin/../lib/gcc/arm-none-eabi/9.3.1/../../../../arm-none-eabi/lib/thumb/v7-m/nofp\libc_nano.a(lib_a-lock.o)
                0x000000000800e206                __retarget_lock_release_recursive
 .text.__swhatbuf_r
                0x000000000800e208       0x48 c:/st/stm32cubeide_1.7.0/stm32cubeide/plugins/com.st.stm32cube.ide.mcu.externaltools.gnu-tools-for-stm32.9-2020-q2-update.win32_2.0.0.202105311346/tools/bin/../lib/gcc/arm-none-eabi/9.3.1/../../../../arm-none-eabi/lib/thumb/v7-m/nofp\libc_nano.a(lib_a-makebuf.o)
                0x000000000800e208                __swhatbuf_r
 .text.__smakebuf_r
                0x000000000800e250       0x80 c:/st/stm32cubeide_1.7.0/stm32cubeide/plugins/com.st.stm32cube.ide.mcu.externaltools.gnu-tools-for-stm32.9-2020-q2-update.win32_2.0.0.202105311346/tools/bin/../lib/gcc/arm-none-eabi/9.3.1/../../../../arm-none-eabi/lib/thumb/v7-m/nofp\libc_nano.a(lib_a-makebuf.o)
                0x000000000800e250                __smakebuf_r
 .text._free_r  0x000000000800e2d0       0x98 c:/st/stm32cubeide_1.7.0/stm32cubeide/plugins/com.st.stm32cube.ide.mcu.externaltools.gnu-tools-for-stm32.9-2020-q2-update.win32_2.0.0.202105311346/tools/bin/../lib/gcc/arm-none-eabi/9.3.1/../../../../arm-none-eabi/lib/thumb/v7-m/nofp\libc_nano.a(lib_a-nano-freer.o)
                0x000000000800e2d0                _free_r
 .text._malloc_r
                0x000000000800e368       0xb4 c:/st/stm32cubeide_1.7.0/stm32cubeide/plugins/com.st.stm32cube.ide.mcu.externaltools.gnu-tools-for-stm32.9-2020-q2-update.win32_2.0.0.202105311346/tools/bin/../lib/gcc/arm-none-eabi/9.3.1/../../../../arm-none-eabi/lib/thumb/v7-m/nofp\libc_nano.a(lib_a-nano-mallocr.o)
                0x000000000800e368                _malloc_r
 .text.__ssputs_r
                0x000000000800e41c       0xb6 c:/st/stm32cubeide_1.7.0/stm32cubeide/plugins/com.st.stm32cube.ide.mcu.externaltools.gnu-tools-for-stm32.9-2020-q2-update.win32_2.0.0.202105311346/tools/bin/../lib/gcc/arm-none-eabi/9.3.1/../../../../arm-none-eabi/lib/thumb/v7-m/nofp\libc_nano.a(lib_a-nano-svfprintf.o)
                0x000000000800e41c                __ssputs_r
 *fill*         0x000000000800e4d2        0x2 
 .text._svfprintf_r
                0x000000000800e4d4      0x200 c:/st/stm32cubeide_1.7.0/stm32cubeide/plugins/com.st.stm32cube.ide.mcu.externaltools.gnu-tools-for-stm32.9-2020-q2-update.win32_2.0.0.202105311346/tools/bin/../lib/gcc/arm-none-eabi/9.3.1/../../../../arm-none-eabi/lib/thumb/v7-m/nofp\libc_nano.a(lib_a-nano-svfprintf.o)
                0x000000000800e4d4                _svfiprintf_r
                0x000000000800e4d4                _svfprintf_r
 .text._printf_common
                0x000000000800e6d4       0xde c:/st/stm32cubeide_1.7.0/stm32cubeide/plugins/com.st.stm32cube.ide.mcu.externaltools.gnu-tools-for-stm32.9-2020-q2-update.win32_2.0.0.202105311346/tools/bin/../lib/gcc/arm-none-eabi/9.3.1/../../../../arm-none-eabi/lib/thumb/v7-m/nofp\libc_nano.a(lib_a-nano-vfprintf_i.o)
                0x000000000800e6d4                _printf_common
 *fill*         0x000000000800e7b2        0x2 
 .text._printf_i
                0x000000000800e7b4      0x24c c:/st/stm32cubeide_1.7.0/stm32cubeide/plugins/com.st.stm32cube.ide.mcu.externaltools.gnu-tools-for-stm32.9-2020-q2-update.win32_2.0.0.202105311346/tools/bin/../lib/gcc/arm-none-eabi/9.3.1/../../../../arm-none-eabi/lib/thumb/v7-m/nofp\libc_nano.a(lib_a-nano-vfprintf_i.o)
                0x000000000800e7b4                _printf_i
 .text._sbrk_r  0x000000000800ea00       0x20 c:/st/stm32cubeide_1.7.0/stm32cubeide/plugins/com.st.stm32cube.ide.mcu.externaltools.gnu-tools-for-stm32.9-2020-q2-update.win32_2.0.0.202105311346/tools/bin/../lib/gcc/arm-none-eabi/9.3.1/../../../../arm-none-eabi/lib/thumb/v7-m/nofp\libc_nano.a(lib_a-sbrkr.o)
                0x000000000800ea00                _sbrk_r
 .text.__sread  0x000000000800ea20       0x22 c:/st/stm32cubeide_1.7.0/stm32cubeide/plugins/com.st.stm32cube.ide.mcu.externaltools.gnu-tools-for-stm32.9-2020-q2-update.win32_2.0.0.202105311346/tools/bin/../lib/gcc/arm-none-eabi/9.3.1/../../../../arm-none-eabi/lib/thumb/v7-m/nofp\libc_nano.a(lib_a-stdio.o)
                0x000000000800ea20                __sread
 .text.__swrite
                0x000000000800ea42       0x38 c:/st/stm32cubeide_1.7.0/stm32cubeide/plugins/com.st.stm32cube.ide.mcu.externaltools.gnu-tools-for-stm32.9-2020-q2-update.win32_2.0.0.202105311346/tools/bin/../lib/gcc/arm-none-eabi/9.3.1/../../../../arm-none-eabi/lib/thumb/v7-m/nofp\libc_nano.a(lib_a-stdio.o)
                0x000000000800ea42                __swrite
 .text.__sseek  0x000000000800ea7a       0x24 c:/st/stm32cubeide_1.7.0/stm32cubeide/plugins/com.st.stm32cube.ide.mcu.externaltools.gnu-tools-for-stm32.9-2020-q2-update.win32_2.0.0.202105311346/tools/bin/../lib/gcc/arm-none-eabi/9.3.1/../../../../arm-none-eabi/lib/thumb/v7-m/nofp\libc_nano.a(lib_a-stdio.o)
                0x000000000800ea7a                __sseek
 .text.__sclose
                0x000000000800ea9e        0x8 c:/st/stm32cubeide_1.7.0/stm32cubeide/plugins/com.st.stm32cube.ide.mcu.externaltools.gnu-tools-for-stm32.9-2020-q2-update.win32_2.0.0.202105311346/tools/bin/../lib/gcc/arm-none-eabi/9.3.1/../../../../arm-none-eabi/lib/thumb/v7-m/nofp\libc_nano.a(lib_a-stdio.o)
                0x000000000800ea9e                __sclose
 *fill*         0x000000000800eaa6        0x2 
 .text._write_r
                0x000000000800eaa8       0x24 c:/st/stm32cubeide_1.7.0/stm32cubeide/plugins/com.st.stm32cube.ide.mcu.externaltools.gnu-tools-for-stm32.9-2020-q2-update.win32_2.0.0.202105311346/tools/bin/../lib/gcc/arm-none-eabi/9.3.1/../../../../arm-none-eabi/lib/thumb/v7-m/nofp\libc_nano.a(lib_a-writer.o)
                0x000000000800eaa8                _write_r
 .text._close_r
                0x000000000800eacc       0x20 c:/st/stm32cubeide_1.7.0/stm32cubeide/plugins/com.st.stm32cube.ide.mcu.externaltools.gnu-tools-for-stm32.9-2020-q2-update.win32_2.0.0.202105311346/tools/bin/../lib/gcc/arm-none-eabi/9.3.1/../../../../arm-none-eabi/lib/thumb/v7-m/nofp\libc_nano.a(lib_a-closer.o)
                0x000000000800eacc                _close_r
 .text._fstat_r
                0x000000000800eaec       0x24 c:/st/stm32cubeide_1.7.0/stm32cubeide/plugins/com.st.stm32cube.ide.mcu.externaltools.gnu-tools-for-stm32.9-2020-q2-update.win32_2.0.0.202105311346/tools/bin/../lib/gcc/arm-none-eabi/9.3.1/../../../../arm-none-eabi/lib/thumb/v7-m/nofp\libc_nano.a(lib_a-fstatr.o)
                0x000000000800eaec                _fstat_r
 .text._isatty_r
                0x000000000800eb10       0x20 c:/st/stm32cubeide_1.7.0/stm32cubeide/plugins/com.st.stm32cube.ide.mcu.externaltools.gnu-tools-for-stm32.9-2020-q2-update.win32_2.0.0.202105311346/tools/bin/../lib/gcc/arm-none-eabi/9.3.1/../../../../arm-none-eabi/lib/thumb/v7-m/nofp\libc_nano.a(lib_a-isattyr.o)
                0x000000000800eb10                _isatty_r
 .text._lseek_r
                0x000000000800eb30       0x24 c:/st/stm32cubeide_1.7.0/stm32cubeide/plugins/com.st.stm32cube.ide.mcu.externaltools.gnu-tools-for-stm32.9-2020-q2-update.win32_2.0.0.202105311346/tools/bin/../lib/gcc/arm-none-eabi/9.3.1/../../../../arm-none-eabi/lib/thumb/v7-m/nofp\libc_nano.a(lib_a-lseekr.o)
                0x000000000800eb30                _lseek_r
 .text.memchr   0x000000000800eb54       0x1c c:/st/stm32cubeide_1.7.0/stm32cubeide/plugins/com.st.stm32cube.ide.mcu.externaltools.gnu-tools-for-stm32.9-2020-q2-update.win32_2.0.0.202105311346/tools/bin/../lib/gcc/arm-none-eabi/9.3.1/../../../../arm-none-eabi/lib/thumb/v7-m/nofp\libc_nano.a(lib_a-memchr-stub.o)
                0x000000000800eb54                memchr
 .text.memcpy   0x000000000800eb70       0x1c c:/st/stm32cubeide_1.7.0/stm32cubeide/plugins/com.st.stm32cube.ide.mcu.externaltools.gnu-tools-for-stm32.9-2020-q2-update.win32_2.0.0.202105311346/tools/bin/../lib/gcc/arm-none-eabi/9.3.1/../../../../arm-none-eabi/lib/thumb/v7-m/nofp\libc_nano.a(lib_a-memcpy-stub.o)
                0x000000000800eb70                memcpy
 .text.memmove  0x000000000800eb8c       0x34 c:/st/stm32cubeide_1.7.0/stm32cubeide/plugins/com.st.stm32cube.ide.mcu.externaltools.gnu-tools-for-stm32.9-2020-q2-update.win32_2.0.0.202105311346/tools/bin/../lib/gcc/arm-none-eabi/9.3.1/../../../../arm-none-eabi/lib/thumb/v7-m/nofp\libc_nano.a(lib_a-memmove.o)
                0x000000000800eb8c                memmove
 .text.__malloc_lock
                0x000000000800ebc0        0xc c:/st/stm32cubeide_1.7.0/stm32cubeide/plugins/com.st.stm32cube.ide.mcu.externaltools.gnu-tools-for-stm32.9-2020-q2-update.win32_2.0.0.202105311346/tools/bin/../lib/gcc/arm-none-eabi/9.3.1/../../../../arm-none-eabi/lib/thumb/v7-m/nofp\libc_nano.a(lib_a-mlock.o)
                0x000000000800ebc0                __malloc_lock
 .text.__malloc_unlock
                0x000000000800ebcc        0xc c:/st/stm32cubeide_1.7.0/stm32cubeide/plugins/com.st.stm32cube.ide.mcu.externaltools.gnu-tools-for-stm32.9-2020-q2-update.win32_2.0.0.202105311346/tools/bin/../lib/gcc/arm-none-eabi/9.3.1/../../../../arm-none-eabi/lib/thumb/v7-m/nofp\libc_nano.a(lib_a-mlock.o)
                0x000000000800ebcc                __malloc_unlock
 .text._realloc_r
                0x000000000800ebd8       0x4c c:/st/stm32cubeide_1.7.0/stm32cubeide/plugins/com.st.stm32cube.ide.mcu.externaltools.gnu-tools-for-stm32.9-2020-q2-update.win32_2.0.0.202105311346/tools/bin/../lib/gcc/arm-none-eabi/9.3.1/../../../../arm-none-eabi/lib/thumb/v7-m/nofp\libc_nano.a(lib_a-nano-reallocr.o)
                0x000000000800ebd8                _realloc_r
 .text._read_r  0x000000000800ec24       0x24 c:/st/stm32cubeide_1.7.0/stm32cubeide/plugins/com.st.stm32cube.ide.mcu.externaltools.gnu-tools-for-stm32.9-2020-q2-update.win32_2.0.0.202105311346/tools/bin/../lib/gcc/arm-none-eabi/9.3.1/../../../../arm-none-eabi/lib/thumb/v7-m/nofp\libc_nano.a(lib_a-readr.o)
                0x000000000800ec24                _read_r
 .text._malloc_usable_size_r
                0x000000000800ec48       0x10 c:/st/stm32cubeide_1.7.0/stm32cubeide/plugins/com.st.stm32cube.ide.mcu.externaltools.gnu-tools-for-stm32.9-2020-q2-update.win32_2.0.0.202105311346/tools/bin/../lib/gcc/arm-none-eabi/9.3.1/../../../../arm-none-eabi/lib/thumb/v7-m/nofp\libc_nano.a(lib_a-nano-msizer.o)
                0x000000000800ec48                _malloc_usable_size_r
 *(.glue_7)
 .glue_7        0x000000000800ec58        0x0 linker stubs
 *(.glue_7t)
 .glue_7t       0x000000000800ec58        0x0 linker stubs
 *(.eh_frame)
 .eh_frame      0x000000000800ec58        0x0 c:/st/stm32cubeide_1.7.0/stm32cubeide/plugins/com.st.stm32cube.ide.mcu.externaltools.gnu-tools-for-stm32.9-2020-q2-update.win32_2.0.0.202105311346/tools/bin/../lib/gcc/arm-none-eabi/9.3.1/thumb/v7-m/nofp/crtbegin.o
 *(.init)
 .init          0x000000000800ec58        0x4 c:/st/stm32cubeide_1.7.0/stm32cubeide/plugins/com.st.stm32cube.ide.mcu.externaltools.gnu-tools-for-stm32.9-2020-q2-update.win32_2.0.0.202105311346/tools/bin/../lib/gcc/arm-none-eabi/9.3.1/thumb/v7-m/nofp/crti.o
                0x000000000800ec58                _init
 .init          0x000000000800ec5c        0x8 c:/st/stm32cubeide_1.7.0/stm32cubeide/plugins/com.st.stm32cube.ide.mcu.externaltools.gnu-tools-for-stm32.9-2020-q2-update.win32_2.0.0.202105311346/tools/bin/../lib/gcc/arm-none-eabi/9.3.1/thumb/v7-m/nofp/crtn.o
 *(.fini)
 .fini          0x000000000800ec64        0x4 c:/st/stm32cubeide_1.7.0/stm32cubeide/plugins/com.st.stm32cube.ide.mcu.externaltools.gnu-tools-for-stm32.9-2020-q2-update.win32_2.0.0.202105311346/tools/bin/../lib/gcc/arm-none-eabi/9.3.1/thumb/v7-m/nofp/crti.o
                0x000000000800ec64                _fini
 .fini          0x000000000800ec68        0x8 c:/st/stm32cubeide_1.7.0/stm32cubeide/plugins/com.st.stm32cube.ide.mcu.externaltools.gnu-tools-for-stm32.9-2020-q2-update.win32_2.0.0.202105311346/tools/bin/../lib/gcc/arm-none-eabi/9.3.1/thumb/v7-m/nofp/crtn.o
                0x000000000800ec70                . = ALIGN (0x4)
                0x000000000800ec70                _etext = .

.vfp11_veneer   0x000000000800ec70        0x0
 .vfp11_veneer  0x000000000800ec70        0x0 linker stubs

.v4_bx          0x000000000800ec70        0x0
 .v4_bx         0x000000000800ec70        0x0 linker stubs

.iplt           0x000000000800ec70        0x0
 .iplt          0x000000000800ec70        0x0 c:/st/stm32cubeide_1.7.0/stm32cubeide/plugins/com.st.stm32cube.ide.mcu.externaltools.gnu-tools-for-stm32.9-2020-q2-update.win32_2.0.0.202105311346/tools/bin/../lib/gcc/arm-none-eabi/9.3.1/thumb/v7-m/nofp/crtbegin.o

.rodata         0x000000000800ec70      0x7b8
                0x000000000800ec70                . = ALIGN (0x4)
 *(.rodata)
 .rodata        0x000000000800ec70      0x430 ./Core/Src/BNO055.o
 .rodata        0x000000000800f0a0       0x3e ./Core/Src/bluetooth_uart.o
 *fill*         0x000000000800f0de        0x2 
 .rodata        0x000000000800f0e0        0x8 ./Core/Src/main.o
 .rodata        0x000000000800f0e8       0x46 ./USB_DEVICE/App/usbd_desc.o
 *(.rodata*)
 *fill*         0x000000000800f12e        0x2 
 .rodata._ZN9Constants7kMaxPWME
                0x000000000800f130        0x4 ./Core/Src/Motor.o
                0x000000000800f130                Constants::kMaxPWM
 .rodata._ZN9Constants7kMinPWME
                0x000000000800f134        0x4 ./Core/Src/Motor.o
                0x000000000800f134                Constants::kMinPWM
 .rodata._ZN9Constants11kFrontLeftAE
                0x000000000800f138        0x8 ./Core/Src/Movement.o
                0x000000000800f138                Constants::kFrontLeftA
 .rodata._ZN9Constants11kFrontLeftBE
                0x000000000800f140        0x8 ./Core/Src/Movement.o
                0x000000000800f140                Constants::kFrontLeftB
 .rodata._ZN9Constants12kFrontRightAE
                0x000000000800f148        0x8 ./Core/Src/Movement.o
                0x000000000800f148                Constants::kFrontRightA
 .rodata._ZN9Constants12kFrontRightBE
                0x000000000800f150        0x8 ./Core/Src/Movement.o
                0x000000000800f150                Constants::kFrontRightB
 .rodata._ZN9Constants10kBackLeftAE
                0x000000000800f158        0x8 ./Core/Src/Movement.o
                0x000000000800f158                Constants::kBackLeftA
 .rodata._ZN9Constants10kBackLeftBE
                0x000000000800f160        0x8 ./Core/Src/Movement.o
                0x000000000800f160                Constants::kBackLeftB
 .rodata._ZN9Constants11kBackRightAE
                0x000000000800f168        0x8 ./Core/Src/Movement.o
                0x000000000800f168                Constants::kBackRightA
 .rodata._ZN9Constants11kBackRightBE
                0x000000000800f170        0x8 ./Core/Src/Movement.o
                0x000000000800f170                Constants::kBackRightB
 .rodata.AHBPrescTable
                0x000000000800f178       0x10 ./Core/Src/system_stm32f1xx.o
                0x000000000800f178                AHBPrescTable
 .rodata.APBPrescTable
                0x000000000800f188        0x8 ./Core/Src/system_stm32f1xx.o
                0x000000000800f188                APBPrescTable
 .rodata.aPLLMULFactorTable.6752
                0x000000000800f190       0x10 ./Drivers/STM32F1xx_HAL_Driver/Src/stm32f1xx_hal_rcc.o
 .rodata.aPredivFactorTable.6753
                0x000000000800f1a0        0x2 ./Drivers/STM32F1xx_HAL_Driver/Src/stm32f1xx_hal_rcc.o
 *fill*         0x000000000800f1a2        0x6 
 .rodata.Zero   0x000000000800f1a8       0x10 c:/st/stm32cubeide_1.7.0/stm32cubeide/plugins/com.st.stm32cube.ide.mcu.externaltools.gnu-tools-for-stm32.9-2020-q2-update.win32_2.0.0.202105311346/tools/bin/../lib/gcc/arm-none-eabi/9.3.1/../../../../arm-none-eabi/lib/thumb/v7-m/nofp\libm.a(lib_a-e_fmod.o)
 .rodata.npio2_hw
                0x000000000800f1b8       0x80 c:/st/stm32cubeide_1.7.0/stm32cubeide/plugins/com.st.stm32cube.ide.mcu.externaltools.gnu-tools-for-stm32.9-2020-q2-update.win32_2.0.0.202105311346/tools/bin/../lib/gcc/arm-none-eabi/9.3.1/../../../../arm-none-eabi/lib/thumb/v7-m/nofp\libm.a(lib_a-e_rem_pio2.o)
 .rodata.two_over_pi
                0x000000000800f238      0x108 c:/st/stm32cubeide_1.7.0/stm32cubeide/plugins/com.st.stm32cube.ide.mcu.externaltools.gnu-tools-for-stm32.9-2020-q2-update.win32_2.0.0.202105311346/tools/bin/../lib/gcc/arm-none-eabi/9.3.1/../../../../arm-none-eabi/lib/thumb/v7-m/nofp\libm.a(lib_a-e_rem_pio2.o)
 .rodata.PIo2   0x000000000800f340       0x40 c:/st/stm32cubeide_1.7.0/stm32cubeide/plugins/com.st.stm32cube.ide.mcu.externaltools.gnu-tools-for-stm32.9-2020-q2-update.win32_2.0.0.202105311346/tools/bin/../lib/gcc/arm-none-eabi/9.3.1/../../../../arm-none-eabi/lib/thumb/v7-m/nofp\libm.a(lib_a-k_rem_pio2.o)
 .rodata.init_jk
                0x000000000800f380       0x10 c:/st/stm32cubeide_1.7.0/stm32cubeide/plugins/com.st.stm32cube.ide.mcu.externaltools.gnu-tools-for-stm32.9-2020-q2-update.win32_2.0.0.202105311346/tools/bin/../lib/gcc/arm-none-eabi/9.3.1/../../../../arm-none-eabi/lib/thumb/v7-m/nofp\libm.a(lib_a-k_rem_pio2.o)
 .rodata._global_impure_ptr
                0x000000000800f390        0x4 c:/st/stm32cubeide_1.7.0/stm32cubeide/plugins/com.st.stm32cube.ide.mcu.externaltools.gnu-tools-for-stm32.9-2020-q2-update.win32_2.0.0.202105311346/tools/bin/../lib/gcc/arm-none-eabi/9.3.1/../../../../arm-none-eabi/lib/thumb/v7-m/nofp\libc_nano.a(lib_a-impure.o)
                0x000000000800f390                _global_impure_ptr
 .rodata.__sf_fake_stderr
                0x000000000800f394       0x20 c:/st/stm32cubeide_1.7.0/stm32cubeide/plugins/com.st.stm32cube.ide.mcu.externaltools.gnu-tools-for-stm32.9-2020-q2-update.win32_2.0.0.202105311346/tools/bin/../lib/gcc/arm-none-eabi/9.3.1/../../../../arm-none-eabi/lib/thumb/v7-m/nofp\libc_nano.a(lib_a-findfp.o)
                0x000000000800f394                __sf_fake_stderr
 .rodata.__sf_fake_stdin
                0x000000000800f3b4       0x20 c:/st/stm32cubeide_1.7.0/stm32cubeide/plugins/com.st.stm32cube.ide.mcu.externaltools.gnu-tools-for-stm32.9-2020-q2-update.win32_2.0.0.202105311346/tools/bin/../lib/gcc/arm-none-eabi/9.3.1/../../../../arm-none-eabi/lib/thumb/v7-m/nofp\libc_nano.a(lib_a-findfp.o)
                0x000000000800f3b4                __sf_fake_stdin
 .rodata.__sf_fake_stdout
                0x000000000800f3d4       0x20 c:/st/stm32cubeide_1.7.0/stm32cubeide/plugins/com.st.stm32cube.ide.mcu.externaltools.gnu-tools-for-stm32.9-2020-q2-update.win32_2.0.0.202105311346/tools/bin/../lib/gcc/arm-none-eabi/9.3.1/../../../../arm-none-eabi/lib/thumb/v7-m/nofp\libc_nano.a(lib_a-findfp.o)
                0x000000000800f3d4                __sf_fake_stdout
 .rodata._svfprintf_r.str1.1
                0x000000000800f3f4       0x11 c:/st/stm32cubeide_1.7.0/stm32cubeide/plugins/com.st.stm32cube.ide.mcu.externaltools.gnu-tools-for-stm32.9-2020-q2-update.win32_2.0.0.202105311346/tools/bin/../lib/gcc/arm-none-eabi/9.3.1/../../../../arm-none-eabi/lib/thumb/v7-m/nofp\libc_nano.a(lib_a-nano-svfprintf.o)
 .rodata._printf_i.str1.1