Archive member included to satisfy reference by file (symbol)

c:/st/stm32cubeide_1.7.0/stm32cubeide/plugins/com.st.stm32cube.ide.mcu.externaltools.gnu-tools-for-stm32.9-2020-q2-update.win32_2.0.0.202105311346/tools/bin/../lib/gcc/arm-none-eabi/9.3.1/../../../../arm-none-eabi/lib/thumb/v7-m/nofp\libc_nano.a(lib_a-errno.o)
                              ./Core/Src/syscalls.o (__errno)
c:/st/stm32cubeide_1.7.0/stm32cubeide/plugins/com.st.stm32cube.ide.mcu.externaltools.gnu-tools-for-stm32.9-2020-q2-update.win32_2.0.0.202105311346/tools/bin/../lib/gcc/arm-none-eabi/9.3.1/../../../../arm-none-eabi/lib/thumb/v7-m/nofp\libc_nano.a(lib_a-exit.o)
                              c:/st/stm32cubeide_1.7.0/stm32cubeide/plugins/com.st.stm32cube.ide.mcu.externaltools.gnu-tools-for-stm32.9-2020-q2-update.win32_2.0.0.202105311346/tools/bin/../lib/gcc/arm-none-eabi/9.3.1/../../../../arm-none-eabi/lib/thumb/v7-m/nofp/crt0.o (exit)
c:/st/stm32cubeide_1.7.0/stm32cubeide/plugins/com.st.stm32cube.ide.mcu.externaltools.gnu-tools-for-stm32.9-2020-q2-update.win32_2.0.0.202105311346/tools/bin/../lib/gcc/arm-none-eabi/9.3.1/../../../../arm-none-eabi/lib/thumb/v7-m/nofp\libc_nano.a(lib_a-impure.o)
                              c:/st/stm32cubeide_1.7.0/stm32cubeide/plugins/com.st.stm32cube.ide.mcu.externaltools.gnu-tools-for-stm32.9-2020-q2-update.win32_2.0.0.202105311346/tools/bin/../lib/gcc/arm-none-eabi/9.3.1/../../../../arm-none-eabi/lib/thumb/v7-m/nofp\libc_nano.a(lib_a-exit.o) (_global_impure_ptr)
c:/st/stm32cubeide_1.7.0/stm32cubeide/plugins/com.st.stm32cube.ide.mcu.externaltools.gnu-tools-for-stm32.9-2020-q2-update.win32_2.0.0.202105311346/tools/bin/../lib/gcc/arm-none-eabi/9.3.1/../../../../arm-none-eabi/lib/thumb/v7-m/nofp\libc_nano.a(lib_a-init.o)
                              c:/st/stm32cubeide_1.7.0/stm32cubeide/plugins/com.st.stm32cube.ide.mcu.externaltools.gnu-tools-for-stm32.9-2020-q2-update.win32_2.0.0.202105311346/tools/bin/../lib/gcc/arm-none-eabi/9.3.1/../../../../arm-none-eabi/lib/thumb/v7-m/nofp/crt0.o (__libc_init_array)
c:/st/stm32cubeide_1.7.0/stm32cubeide/plugins/com.st.stm32cube.ide.mcu.externaltools.gnu-tools-for-stm32.9-2020-q2-update.win32_2.0.0.202105311346/tools/bin/../lib/gcc/arm-none-eabi/9.3.1/../../../../arm-none-eabi/lib/thumb/v7-m/nofp\libc_nano.a(lib_a-memset.o)
                              c:/st/stm32cubeide_1.7.0/stm32cubeide/plugins/com.st.stm32cube.ide.mcu.externaltools.gnu-tools-for-stm32.9-2020-q2-update.win32_2.0.0.202105311346/tools/bin/../lib/gcc/arm-none-eabi/9.3.1/../../../../arm-none-eabi/lib/thumb/v7-m/nofp/crt0.o (memset)
c:/st/stm32cubeide_1.7.0/stm32cubeide/plugins/com.st.stm32cube.ide.mcu.externaltools.gnu-tools-for-stm32.9-2020-q2-update.win32_2.0.0.202105311346/tools/bin/../lib/gcc/arm-none-eabi/9.3.1/../../../../arm-none-eabi/lib/thumb/v7-m/nofp\libc_nano.a(lib_a-printf.o)
                              ./Core/Src/BNO055.o (printf)
c:/st/stm32cubeide_1.7.0/stm32cubeide/plugins/com.st.stm32cube.ide.mcu.externaltools.gnu-tools-for-stm32.9-2020-q2-update.win32_2.0.0.202105311346/tools/bin/../lib/gcc/arm-none-eabi/9.3.1/../../../../arm-none-eabi/lib/thumb/v7-m/nofp\libc_nano.a(lib_a-puts.o)
                              ./Core/Src/BNO055.o (puts)
c:/st/stm32cubeide_1.7.0/stm32cubeide/plugins/com.st.stm32cube.ide.mcu.externaltools.gnu-tools-for-stm32.9-2020-q2-update.win32_2.0.0.202105311346/tools/bin/../lib/gcc/arm-none-eabi/9.3.1/../../../../arm-none-eabi/lib/thumb/v7-m/nofp\libc_nano.a(lib_a-sprintf.o)
                              ./Core/Src/bluetooth_uart.o (sprintf)
c:/st/stm32cubeide_1.7.0/stm32cubeide/plugins/com.st.stm32cube.ide.mcu.externaltools.gnu-tools-for-stm32.9-2020-q2-update.win32_2.0.0.202105311346/tools/bin/../lib/gcc/arm-none-eabi/9.3.1/../../../../arm-none-eabi/lib/thumb/v7-m/nofp\libc_nano.a(lib_a-strlen.o)
                              ./Core/Src/bluetooth_uart.o (strlen)
c:/st/stm32cubeide_1.7.0/stm32cubeide/plugins/com.st.stm32cube.ide.mcu.externaltools.gnu-tools-for-stm32.9-2020-q2-update.win32_2.0.0.202105311346/tools/bin/../lib/gcc/arm-none-eabi/9.3.1/../../../../arm-none-eabi/lib/thumb/v7-m/nofp\libc_nano.a(lib_a-wbuf.o)
                              c:/st/stm32cubeide_1.7.0/stm32cubeide/plugins/com.st.stm32cube.ide.mcu.externaltools.gnu-tools-for-stm32.9-2020-q2-update.win32_2.0.0.202105311346/tools/bin/../lib/gcc/arm-none-eabi/9.3.1/../../../../arm-none-eabi/lib/thumb/v7-m/nofp\libc_nano.a(lib_a-puts.o) (__swbuf_r)
c:/st/stm32cubeide_1.7.0/stm32cubeide/plugins/com.st.stm32cube.ide.mcu.externaltools.gnu-tools-for-stm32.9-2020-q2-update.win32_2.0.0.202105311346/tools/bin/../lib/gcc/arm-none-eabi/9.3.1/../../../../arm-none-eabi/lib/thumb/v7-m/nofp\libc_nano.a(lib_a-wsetup.o)
[...]
Memory Configuration

Name             Origin             Length             Attributes
RAM              0x0000000020000000 0x0000000000005000 xrw
FLASH            0x0000000008000000 0x0000000000010000 xr
*default*        0x0000000000000000 0xffffffffffffffff

Linker script and memory map

LOAD c:/st/stm32cubeide_1.7.0/stm32cubeide/plugins/com.st.stm32cube.ide.mcu.externaltools.gnu-tools-for-stm32.9-2020-q2-update.win32_2.0.0.202105311346/tools/bin/../lib/gcc/arm-none-eabi/9.3.1/thumb/v7-m/nofp/crti.o
LOAD c:/st/stm32cubeide_1.7.0/stm32cubeide/plugins/com.st.stm32cube.ide.mcu.externaltools.gnu-tools-for-stm32.9-2020-q2-update.win32_2.0.0.202105311346/tools/bin/../lib/gcc/arm-none-eabi/9.3.1/thumb/v7-m/nofp/crtbegin.o
LOAD c:/st/stm32cubeide_1.7.0/stm32cubeide/plugins/com.st.stm32cube.ide.mcu.externaltools.gnu-tools-for-stm32.9-2020-q2-update.win32_2.0.0.202105311346/tools/bin/../lib/gcc/arm-none-eabi/9.3.1/../../../../arm-none-eabi/lib/thumb/v7-m/nofp/crt0.o
LOAD ./Core/Src/BNO055.o
LOAD ./Core/Src/Motor.o
LOAD ./Core/Src/Movement.o
LOAD ./Core/Src/PID.o
LOAD ./Core/Src/bluetooth_uart.o
LOAD ./Core/Src/lcd.o
LOAD ./Core/Src/main.o
LOAD ./Core/Src/stm32f1xx_hal_msp.o
LOAD ./Core/Src/stm32f1xx_it.o
LOAD ./Core/Src/syscalls.o
LOAD ./Core/Src/sysmem.o
LOAD ./Core/Src/system_stm32f1xx.o
LOAD ./Core/Src/usb_comms.o
LOAD ./Core/Startup/startup_stm32f103c8tx.o
LOAD ./Drivers/STM32F1xx_HAL_Driver/Src/stm32f1xx_hal.o
LOAD ./Drivers/STM32F1xx_HAL_Driver/Src/stm32f1xx_hal_cortex.o
LOAD ./Drivers/STM32F1xx_HAL_Driver/Src/stm32f1xx_hal_dma.o
LOAD ./Drivers/STM32F1xx_HAL_Driver/Src/stm32f1xx_hal_exti.o
LOAD ./Drivers/STM32F1xx_HAL_Driver/Src/stm32f1xx_hal_flash.o
LOAD ./Drivers/STM32F1xx_HAL_Driver/Src/stm32f1xx_hal_flash_ex.o
LOAD ./Drivers/STM32F1xx_HAL_Driver/Src/stm32f1xx_hal_gpio.o
LOAD ./Drivers/STM32F1xx_HAL_Driver/Src/stm32f1xx_hal_gpio_ex.o
LOAD ./Drivers/STM32F1xx_HAL_Driver/Src/stm32f1xx_hal_i2c.o
LOAD ./Drivers/STM32F1xx_HAL_Driver/Src/stm32f1xx_hal_pcd.o
LOAD ./Drivers/STM32F1xx_HAL_Driver/Src/stm32f1xx_hal_pcd_ex.o
LOAD ./Drivers/STM32F1xx_HAL_Driver/Src/stm32f1xx_hal_pwr.o
LOAD ./Drivers/STM32F1xx_HAL_Driver/Src/stm32f1xx_hal_rcc.o
LOAD ./Drivers/STM32F1xx_HAL_Driver/Src/stm32f1xx_hal_rcc_ex.o
LOAD ./Drivers/STM32F1xx_HAL_Driver/Src/stm32f1xx_hal_tim.o
LOAD ./Drivers/STM32F1xx_HAL_Driver/Src/stm32f1xx_hal_tim_ex.o
LOAD ./Drivers/STM32F1xx_HAL_Driver/Src/stm32f1xx_hal_uart.o
LOAD ./Drivers/STM32F1xx_HAL_Driver/Src/stm32f1xx_ll_usb.o
LOAD ./Middlewares/ST/STM32_USB_Device_Library/Class/CDC/Src/usbd_cdc.o
LOAD ./Middlewares/ST/STM32_USB_Device_Library/Core/Src/usbd_core.o
LOAD ./Middlewares/ST/STM32_USB_Device_Library/Core/Src/usbd_ctlreq.o
LOAD ./Middlewares/ST/STM32_USB_Device_Library/Core/Src/usbd_ioreq.o
LOAD ./USB_DEVICE/App/usb_device.o
LOAD ./USB_DEVICE/App/usbd_cdc_if.o
LOAD ./USB_DEVICE/App/usbd_desc.o
LOAD ./USB_DEVICE/Target/usbd_conf.o
START GROUP
LOAD c:/st/stm32cubeide_1.7.0/stm32cubeide/plugins/com.st.stm32cube.ide.mcu.externaltools.gnu-tools-for-stm32.9-2020-q2-update.win32_2.0.0.202105311346/tools/bin/../lib/gcc/arm-none-eabi/9.3.1/../../../../arm-none-eabi/lib/thumb/v7-m/nofp\libstdc++_nano.a
LOAD c:/st/stm32cubeide_1.7.0/stm32cubeide/plugins/com.st.stm32cube.ide.mcu.externaltools.gnu-tools-for-stm32.9-2020-q2-update.win32_2.0.0.202105311346/tools/bin/../lib/gcc/arm-none-eabi/9.3.1/../../../../arm-none-eabi/lib/thumb/v7-m/nofp\libsupc++_nano.a
END GROUP
LOAD c:/st/stm32cubeide_1.7.0/stm32cubeide/plugins/com.st.stm32cube.ide.mcu.externaltools.gnu-tools-for-stm32.9-2020-q2-update.win32_2.0.0.202105311346/tools/bin/../lib/gcc/arm-none-eabi/9.3.1/../../../../arm-none-eabi/lib/thumb/v7-m/nofp\libstdc++_nano.a
LOAD c:/st/stm32cubeide_1.7.0/stm32cubeide/plugins/com.st.stm32cube.ide.mcu.externaltools.gnu-tools-for-stm32.9-2020-q2-update.win32_2.0.0.202105311346/tools/bin/../lib/gcc/arm-none-eabi/9.3.1/../../../../arm-none-eabi/lib/thumb/v7-m/nofp\libm.a
LOAD c:/st/stm32cubeide_1.7.0/stm32cubeide/plugins/com.st.stm32cube.ide.mcu.externaltools.gnu-tools-for-stm32.9-2020-q2-update.win32_2.0.0.202105311346/tools/bin/../lib/gcc/arm-none-eabi/9.3.1/../../../../arm-none-eabi/lib/thumb/v7-m/nofp\libc_nano.a
START GROUP
LOAD c:/st/stm32cubeide_1.7.0/stm32cubeide/plugins/com.st.stm32cube.ide.mcu.externaltools.gnu-tools-for-stm32.9-2020-q2-update.win32_2.0.0.202105311346/tools/bin/../lib/gcc/arm-none-eabi/9.3.1/thumb/v7-m/nofp\libgcc.a
LOAD c:/st/stm32cubeide_1.7.0/stm32cubeide/plugins/com.st.stm32cube.ide.mcu.externaltools.gnu-tools-for-stm32.9-2020-q2-update.win32_2.0.0.202105311346/tools/bin/../lib/gcc/arm-none-eabi/9.3.1/../../../../arm-none-eabi/lib/thumb/v7-m/nofp\libc_nano.a
END GROUP
START GROUP
LOAD c:/st/stm32cubeide_1.7.0/stm32cubeide/plugins/com.st.stm32cube.ide.mcu.externaltools.gnu-tools-for-stm32.9-2020-q2-update.win32_2.0.0.202105311346/tools/bin/../lib/gcc/arm-none-eabi/9.3.1/thumb/v7-m/nofp\libgcc.a
LOAD c:/st/stm32cubeide_1.7.0/stm32cubeide/plugins/com.st.stm32cube.ide.mcu.externaltools.gnu-tools-for-stm32.9-2020-q2-update.win32_2.0.0.202105311346/tools/bin/../lib/gcc/arm-none-eabi/9.3.1/../../../../arm-none-eabi/lib/thumb/v7-m/nofp\libc_nano.a
LOAD c:/st/stm32cubeide_1.7.0/stm32cubeide/plugins/com.st.stm32cube.ide.mcu.externaltools.gnu-tools-for-stm32.9-2020-q2-update.win32_2.0.0.202105311346/tools/bin/../lib/gcc/arm-none-eabi/9.3.1/../../../../arm-none-eabi/lib/thumb/v7-m/nofp\libnosys.a
END GROUP
START GROUP
LOAD c:/st/stm32cubeide_1.7.0/stm32cubeide/plugins/com.st.stm32cube.ide.mcu.externaltools.gnu-tools-for-stm32.9-2020-q2-update.win32_2.0.0.202105311346/tools/bin/../lib/gcc/arm-none-eabi/9.3.1/thumb/v7-m/nofp\libgcc.a
LOAD c:/st/stm32cubeide_1.7.0/stm32cubeide/plugins/com.st.stm32cube.ide.mcu.externaltools.gnu-tools-for-stm32.9-2020-q2-update.win32_2.0.0.202105311346/tools/bin/../lib/gcc/arm-none-eabi/9.3.1/../../../../arm-none-eabi/lib/thumb/v7-m/nofp\libc_nano.a
LOAD c:/st/stm32cubeide_1.7.0/stm32cubeide/plugins/com.st.stm32cube.ide.mcu.externaltools.gnu-tools-for-stm32.9-2020-q2-update.win32_2.0.0.202105311346/tools/bin/../lib/gcc/arm-none-eabi/9.3.1/../../../../arm-none-eabi/lib/thumb/v7-m/nofp\libnosys.a
END GROUP
LOAD c:/st/stm32cubeide_1.7.0/stm32cubeide/plugins/com.st.stm32cube.ide.mcu.externaltools.gnu-tools-for-stm32.9-2020-q2-update.win32_2.0.0.202105311346/tools/bin/../lib/gcc/arm-none-eabi/9.3.1/thumb/v7-m/nofp/crtend.o
LOAD c:/st/stm32cubeide_1.7.0/stm32cubeide/plugins/com.st.stm32cube.ide.mcu.externaltools.gnu-tools-for-stm32.9-2020-q2-update.win32_2.0.0.202105311346/tools/bin/../lib/gcc/arm-none-eabi/9.3.1/thumb/v7-m/nofp/crtn.o
                0x0000000020005000                _estack = (ORIGIN (RAM) + LENGTH (RAM))
                0x0000000000000200                _Min_Heap_Size = 0x200
                0x0000000000000400                _Min_Stack_Size = 0x400

.isr_vector     0x0000000008000000      0x10c
                0x0000000008000000                . = ALIGN (0x4)
 *(.isr_vector)
 .isr_vector    0x0000000008000000      0x10c ./Core/Startup/startup_stm32f103c8tx.o
                0x0000000008000000                g_pfnVectors
                0x000000000800010c                . = ALIGN (0x4)

.text           0x0000000008000110     0xae14
                0x0000000008000110                . = ALIGN (0x4)
 *(.text)
 .text          0x0000000008000110       0x40 c:/st/stm32cubeide_1.7.0/stm32cubeide/plugins/com.st.stm32cube.ide.mcu.externaltools.gnu-tools-for-stm32.9-2020-q2-update.win32_2.0.0.202105311346/tools/bin/../lib/gcc/arm-none-eabi/9.3.1/thumb/v7-m/nofp/crtbegin.o
 .text          0x0000000008000150       0x10 c:/st/stm32cubeide_1.7.0/stm32cubeide/plugins/com.st.stm32cube.ide.mcu.externaltools.gnu-tools-for-stm32.9-2020-q2-update.win32_2.0.0.202105311346/tools/bin/../lib/gcc/arm-none-eabi/9.3.1/../../../../arm-none-eabi/lib/thumb/v7-m/nofp\libc_nano.a(lib_a-strlen.o)
                0x0000000008000150                strlen
 .text          0x0000000008000160      0x378 c:/st/stm32cubeide_1.7.0/stm32cubeide/plugins/com.st.stm32cube.ide.mcu.externaltools.gnu-tools-for-stm32.9-2020-q2-update.win32_2.0.0.202105311346/tools/bin/../lib/gcc/arm-none-eabi/9.3.1/thumb/v7-m/nofp\libgcc.a(_arm_addsubdf3.o)
                0x0000000008000160                __aeabi_drsub
                0x0000000008000168                __aeabi_dsub
                0x0000000008000168                __subdf3
                0x000000000800016c                __aeabi_dadd
                0x000000000800016c                __adddf3
                0x00000000080003e4                __floatunsidf
                0x00000000080003e4                __aeabi_ui2d
                0x0000000008000404                __floatsidf
                0x0000000008000404                __aeabi_i2d
                0x0000000008000428                __aeabi_f2d
                0x0000000008000428                __extendsfdf2
                0x000000000800046c                __floatundidf
                0x000000000800046c                __aeabi_ul2d
                0x000000000800047c                __floatdidf
                0x000000000800047c                __aeabi_l2d
 .text          0x00000000080004d8      0x110 c:/st/stm32cubeide_1.7.0/stm32cubeide/plugins/com.st.stm32cube.ide.mcu.externaltools.gnu-tools-for-stm32.9-2020-q2-update.win32_2.0.0.202105311346/tools/bin/../lib/gcc/arm-none-eabi/9.3.1/thumb/v7-m/nofp\libgcc.a(_arm_cmpdf2.o)
                0x00000000080004d8                __gtdf2
                0x00000000080004d8                __gedf2
                0x00000000080004e0                __ltdf2
                0x00000000080004e0                __ledf2
                0x00000000080004e8                __nedf2
                0x00000000080004e8                __eqdf2
                0x00000000080004e8                __cmpdf2
                0x0000000008000564                __aeabi_cdrcmple
                0x0000000008000574                __aeabi_cdcmpeq
                0x0000000008000574                __aeabi_cdcmple
                0x0000000008000584                __aeabi_dcmpeq
                0x0000000008000598                __aeabi_dcmplt
                0x00000000080005ac                __aeabi_dcmple
                0x00000000080005c0                __aeabi_dcmpge
                0x00000000080005d4                __aeabi_dcmpgt
 .text          0x00000000080005e8      0x21c c:/st/stm32cubeide_1.7.0/stm32cubeide/plugins/com.st.stm32cube.ide.mcu.externaltools.gnu-tools-for-stm32.9-2020-q2-update.win32_2.0.0.202105311346/tools/bin/../lib/gcc/arm-none-eabi/9.3.1/thumb/v7-m/nofp\libgcc.a(_arm_addsubsf3.o)
                0x00000000080005e8                __aeabi_frsub
                0x00000000080005f0                __subsf3
                0x00000000080005f0                __aeabi_fsub
                0x00000000080005f4                __aeabi_fadd
                0x00000000080005f4                __addsf3
                0x0000000008000754                __aeabi_ui2f
                0x0000000008000754                __floatunsisf
                0x000000000800075c                __aeabi_i2f
                0x000000000800075c                __floatsisf
                0x0000000008000778                __aeabi_ul2f
                0x0000000008000778                __floatundisf
                0x0000000008000788                __aeabi_l2f
                0x0000000008000788                __floatdisf
 .text          0x0000000008000804      0x2a0 c:/st/stm32cubeide_1.7.0/stm32cubeide/plugins/com.st.stm32cube.ide.mcu.externaltools.gnu-tools-for-stm32.9-2020-q2-update.win32_2.0.0.202105311346/tools/bin/../lib/gcc/arm-none-eabi/9.3.1/thumb/v7-m/nofp\libgcc.a(_arm_muldivsf3.o)
                0x0000000008000804                __mulsf3
                0x0000000008000804                __aeabi_fmul
                0x000000000800096c                __aeabi_fdiv
                0x000000000800096c                __divsf3
 .text          0x0000000008000aa4       0xec c:/st/stm32cubeide_1.7.0/stm32cubeide/plugins/com.st.stm32cube.ide.mcu.externaltools.gnu-tools-for-stm32.9-2020-q2-update.win32_2.0.0.202105311346/tools/bin/../lib/gcc/arm-none-eabi/9.3.1/thumb/v7-m/nofp\libgcc.a(_arm_cmpsf2.o)
                0x0000000008000aa4                __gesf2
                0x0000000008000aa4                __gtsf2
                0x0000000008000aac                __lesf2
                0x0000000008000aac                __ltsf2
                0x0000000008000ab4                __nesf2
                0x0000000008000ab4                __eqsf2
                0x0000000008000ab4                __cmpsf2
                0x0000000008000b14                __aeabi_cfrcmple
                0x0000000008000b1c                __aeabi_cfcmpeq
                0x0000000008000b1c                __aeabi_cfcmple
                0x0000000008000b2c                __aeabi_fcmpeq
                0x0000000008000b40                __aeabi_fcmplt
                0x0000000008000b54                __aeabi_fcmple
                0x0000000008000b68                __aeabi_fcmpge
                0x0000000008000b7c                __aeabi_fcmpgt
 .text          0x0000000008000b90       0x4c c:/st/stm32cubeide_1.7.0/stm32cubeide/plugins/com.st.stm32cube.ide.mcu.externaltools.gnu-tools-for-stm32.9-2020-q2-update.win32_2.0.0.202105311346/tools/bin/../lib/gcc/arm-none-eabi/9.3.1/thumb/v7-m/nofp\libgcc.a(_arm_fixsfsi.o)
                0x0000000008000b90                __aeabi_f2iz
                0x0000000008000b90                __fixsfsi
 .text          0x0000000008000bdc       0x40 c:/st/stm32cubeide_1.7.0/stm32cubeide/plugins/com.st.stm32cube.ide.mcu.externaltools.gnu-tools-for-stm32.9-2020-q2-update.win32_2.0.0.202105311346/tools/bin/../lib/gcc/arm-none-eabi/9.3.1/thumb/v7-m/nofp\libgcc.a(_arm_fixunssfsi.o)
                0x0000000008000bdc                __fixunssfsi
                0x0000000008000bdc                __aeabi_f2uiz
 *(.text*)
 .text._ZN3PIDC2Ev
                0x0000000008000c1c       0x50 ./Core/Src/Motor.o
                0x0000000008000c1c                PID::PID()
                0x0000000008000c1c                PID::PID()
 .text._ZN5MotorC2Ev
                0x0000000008000c6c       0x98 ./Core/Src/Motor.o
                0x0000000008000c6c                Motor::Motor()
                0x0000000008000c6c                Motor::Motor()
 .text._ZN5Motor4initE3PinS0_tmP17TIM_HandleTypeDef
                0x0000000008000d04       0x4e ./Core/Src/Motor.o
                0x0000000008000d04                Motor::init(Pin, Pin, unsigned short, unsigned long, TIM_HandleTypeDef*)
 *fill*         0x0000000008000d52        0x6 
 .text._ZN5Motor12update_motorEm
                0x0000000008000d58      0x200 ./Core/Src/Motor.o
                0x0000000008000d58                Motor::update_motor(unsigned long)
 .text._ZN5Motor10stop_motorEv
                0x0000000008000f58       0x76 ./Core/Src/Motor.o
                0x0000000008000f58                Motor::stop_motor()
 .text._ZN5Motor9setTargetEf
                0x0000000008000fce       0x1a ./Core/Src/Motor.o
                0x0000000008000fce                Motor::setTarget(float)
 .text._ZN5Motor11getDistanceEv
                0x0000000008000fe8       0x16 ./Core/Src/Motor.o
                0x0000000008000fe8                Motor::getDistance()
 .text._ZN5Motor8addTicksEv
                0x0000000008000ffe       0x1c ./Core/Src/Motor.o
                0x0000000008000ffe                Motor::addTicks()
 .text._ZN5Motor8getSpeedEv
                0x000000000800101a       0x16 ./Core/Src/Motor.o
                0x000000000800101a                Motor::getSpeed()
 .text._ZSt3maxIfERKT_S2_S2_
                0x0000000008001030       0x2e ./Core/Src/Motor.o
                0x0000000008001030                float const& std::max<float>(float const&, float const&)
 .text._ZSt3minIfERKT_S2_S2_
                0x000000000800105e       0x2e ./Core/Src/Motor.o
                0x000000000800105e                float const& std::min<float>(float const&, float const&)
 .text._Z12movementInitv
                0x000000000800108c       0xbc ./Core/Src/Movement.o
                0x000000000800108c                movementInit()
 .text._Z8setSpeedi
                0x0000000008001148       0x60 ./Core/Src/Movement.o
                0x0000000008001148                setSpeed(int)
 .text._Z4stopv
                0x00000000080011a8       0x30 ./Core/Src/Movement.o
                0x00000000080011a8                stop()
 .text._Z14updateMovementm
                0x00000000080011d8       0x40 ./Core/Src/Movement.o
                0x00000000080011d8                updateMovement(unsigned long)
 .text._Z41__static_initialization_and_destruction_0ii
                0x0000000008001218       0xcc ./Core/Src/Movement.o
 .text._GLOBAL__sub_I__Z12movementInitv
                0x00000000080012e4       0x10 ./Core/Src/Movement.o
 .text._ZN3PID3setEfffff
                0x00000000080012f4       0x36 ./Core/Src/PID.o
                0x00000000080012f4                PID::set(float, float, float, float, float)
 .text._ZN3PID9calculateEfff
                0x000000000800132a       0xda ./Core/Src/PID.o
                0x000000000800132a                PID::calculate(float, float, float)
 .text._Z7BT_SendPKc
                0x0000000008001404       0x2c ./Core/Src/bluetooth_uart.o
                0x0000000008001404                BT_Send(char const*)
 .text._Z15sendMotorSpeedsv
                0x0000000008001430       0x7c ./Core/Src/bluetooth_uart.o
                0x0000000008001430                sendMotorSpeeds()
 .text._Z41__static_initialization_and_destruction_0ii
                0x00000000080014ac       0xcc ./Core/Src/bluetooth_uart.o
 .text._GLOBAL__sub_I__Z7BT_SendPKc
                0x0000000008001578       0x10 ./Core/Src/bluetooth_uart.o
 .text._Z9lcd_beginv
                0x0000000008001588       0xbc ./Core/Src/lcd.o
                0x0000000008001588                lcd_begin()
 .text._Z16send_lcd_commandhh
                0x0000000008001644       0x58 ./Core/Src/lcd.o
                0x0000000008001644                send_lcd_command(unsigned char, unsigned char)
 .text._Z8send_msgPc
                0x000000000800169c       0x54 ./Core/Src/lcd.o
                0x000000000800169c                send_msg(char*)
 .text._Z9lcd_cleanv
                0x00000000080016f0       0x40 ./Core/Src/lcd.o
                0x00000000080016f0                lcd_clean()
 .text.HAL_GPIO_EXTI_Callback
                0x0000000008001730       0x70 ./Core/Src/main.o
                0x0000000008001730                HAL_GPIO_EXTI_Callback
 .text.main     0x00000000080017a0      0x164 ./Core/Src/main.o
                0x00000000080017a0                main
 .text._Z18SystemClock_Configv
                0x0000000008001904       0xd2 ./Core/Src/main.o
                0x0000000008001904                SystemClock_Config()
 *fill*         0x00000000080019d6        0x2 
 .text._ZL12MX_I2C1_Initv
                0x00000000080019d8       0x68 ./Core/Src/main.o
 .text._ZL12MX_TIM1_Initv
                0x0000000008001a40      0x12c ./Core/Src/main.o
 .text._ZL12MX_TIM3_Initv
                0x0000000008001b6c      0x110 ./Core/Src/main.o
 .text._ZL19MX_USART1_UART_Initv
                0x0000000008001c7c       0x5c ./Core/Src/main.o
 .text._ZL12MX_GPIO_Initv
                0x0000000008001cd8      0x134 ./Core/Src/main.o
 .text.Error_Handler
                0x0000000008001e0c        0xa ./Core/Src/main.o
                0x0000000008001e0c                Error_Handler
 *fill*         0x0000000008001e16        0x2 
 .text._Z41__static_initialization_and_destruction_0ii
                0x0000000008001e18       0xcc ./Core/Src/main.o
 .text._GLOBAL__sub_I_hi2c1
                0x0000000008001ee4       0x10 ./Core/Src/main.o
 .text.HAL_MspInit
                0x0000000008001ef4       0x64 ./Core/Src/stm32f1xx_hal_msp.o
                0x0000000008001ef4                HAL_MspInit
 .text.HAL_I2C_MspInit
                0x0000000008001f58       0x7c ./Core/Src/stm32f1xx_hal_msp.o
                0x0000000008001f58                HAL_I2C_MspInit
 .text.HAL_TIM_PWM_MspInit
                0x0000000008001fd4       0x64 ./Core/Src/stm32f1xx_hal_msp.o
                0x0000000008001fd4                HAL_TIM_PWM_MspInit
 .text.HAL_TIM_MspPostInit
                0x0000000008002038       0xdc ./Core/Src/stm32f1xx_hal_msp.o
                0x0000000008002038                HAL_TIM_MspPostInit
 .text.HAL_UART_MspInit
                0x0000000008002114       0x98 ./Core/Src/stm32f1xx_hal_msp.o
                0x0000000008002114                HAL_UART_MspInit
 .text.NMI_Handler
                0x00000000080021ac        0x6 ./Core/Src/stm32f1xx_it.o
                0x00000000080021ac                NMI_Handler
 .text.HardFault_Handler
                0x00000000080021b2        0x6 ./Core/Src/stm32f1xx_it.o
                0x00000000080021b2                HardFault_Handler
 .text.MemManage_Handler
                0x00000000080021b8        0x6 ./Core/Src/stm32f1xx_it.o
                0x00000000080021b8                MemManage_Handler
 .text.BusFault_Handler
                0x00000000080021be        0x6 ./Core/Src/stm32f1xx_it.o
                0x00000000080021be                BusFault_Handler
 .text.UsageFault_Handler
                0x00000000080021c4        0x6 ./Core/Src/stm32f1xx_it.o
                0x00000000080021c4                UsageFault_Handler
 .text.SVC_Handler
                0x00000000080021ca        0xc ./Core/Src/stm32f1xx_it.o
                0x00000000080021ca                SVC_Handler
 .text.DebugMon_Handler
                0x00000000080021d6        0xc ./Core/Src/stm32f1xx_it.o
                0x00000000080021d6                DebugMon_Handler
 .text.PendSV_Handler
                0x00000000080021e2        0xc ./Core/Src/stm32f1xx_it.o
                0x00000000080021e2                PendSV_Handler
 .text.SysTick_Handler
                0x00000000080021ee        0xc ./Core/Src/stm32f1xx_it.o
                0x00000000080021ee                SysTick_Handler
 .text.EXTI0_IRQHandler
                0x00000000080021fa        0xe ./Core/Src/stm32f1xx_it.o
                0x00000000080021fa                EXTI0_IRQHandler
 .text.EXTI1_IRQHandler
                0x0000000008002208        0xe ./Core/Src/stm32f1xx_it.o
                0x0000000008002208                EXTI1_IRQHandler
 .text.EXTI2_IRQHandler
                0x0000000008002216        0xe ./Core/Src/stm32f1xx_it.o
                0x0000000008002216                EXTI2_IRQHandler
 .text.EXTI3_IRQHandler
                0x0000000008002224        0xe ./Core/Src/stm32f1xx_it.o
                0x0000000008002224                EXTI3_IRQHandler
 *fill*         0x0000000008002232        0x2 
 .text.USB_LP_CAN1_RX0_IRQHandler
                0x0000000008002234       0x14 ./Core/Src/stm32f1xx_it.o
                0x0000000008002234                USB_LP_CAN1_RX0_IRQHandler
 .text._sbrk    0x0000000008002248       0x6c ./Core/Src/sysmem.o
                0x0000000008002248                _sbrk
 .text.SystemInit
                0x00000000080022b4        0xc ./Core/Src/system_stm32f1xx.o
                0x00000000080022b4                SystemInit
 .text.Reset_Handler
                0x00000000080022c0       0x48 ./Core/Startup/startup_stm32f103c8tx.o
                0x00000000080022c0                Reset_Handler
 .text.Default_Handler
                0x0000000008002308        0x2 ./Core/Startup/startup_stm32f103c8tx.o
                0x0000000008002308                RTC_Alarm_IRQHandler
                0x0000000008002308                TIM1_CC_IRQHandler
                0x0000000008002308                PVD_IRQHandler
                0x0000000008002308                I2C2_EV_IRQHandler
                0x0000000008002308                ADC1_2_IRQHandler
                0x0000000008002308                SPI1_IRQHandler
                0x0000000008002308                TAMPER_IRQHandler
                0x0000000008002308                DMA1_Channel4_IRQHandler
                0x0000000008002308                USART3_IRQHandler
                0x0000000008002308                RTC_IRQHandler
                0x0000000008002308                DMA1_Channel7_IRQHandler
                0x0000000008002308                CAN1_RX1_IRQHandler
                0x0000000008002308                TIM4_IRQHandler
                0x0000000008002308                I2C1_EV_IRQHandler
                0x0000000008002308                DMA1_Channel6_IRQHandler
                0x0000000008002308                TIM3_IRQHandler
                0x0000000008002308                RCC_IRQHandler
                0x0000000008002308                TIM1_TRG_COM_IRQHandler
                0x0000000008002308                DMA1_Channel1_IRQHandler
                0x0000000008002308                Default_Handler
                0x0000000008002308                EXTI15_10_IRQHandler
                0x0000000008002308                EXTI9_5_IRQHandler
                0x0000000008002308                SPI2_IRQHandler
                0x0000000008002308                DMA1_Channel5_IRQHandler
                0x0000000008002308                EXTI4_IRQHandler
                0x0000000008002308                USB_HP_CAN1_TX_IRQHandler
                0x0000000008002308                DMA1_Channel3_IRQHandler
                0x0000000008002308                TIM1_UP_IRQHandler
                0x0000000008002308                WWDG_IRQHandler
                0x0000000008002308                TIM2_IRQHandler
                0x0000000008002308                TIM1_BRK_IRQHandler
                0x0000000008002308                USART2_IRQHandler
                0x0000000008002308                I2C2_ER_IRQHandler
                0x0000000008002308                DMA1_Channel2_IRQHandler
                0x0000000008002308                CAN1_SCE_IRQHandler
                0x0000000008002308                FLASH_IRQHandler
                0x0000000008002308                USART1_IRQHandler
                0x0000000008002308                I2C1_ER_IRQHandler
                0x0000000008002308                USBWakeUp_IRQHandler
 *fill*         0x000000000800230a        0x2 
 .text.HAL_Init
                0x000000000800230c       0x2c ./Drivers/STM32F1xx_HAL_Driver/Src/stm32f1xx_hal.o
                0x000000000800230c                HAL_Init
 .text.HAL_InitTick
                0x0000000008002338       0x60 ./Drivers/STM32F1xx_HAL_Driver/Src/stm32f1xx_hal.o
                0x0000000008002338                HAL_InitTick
 .text.HAL_IncTick
                0x0000000008002398       0x24 ./Drivers/STM32F1xx_HAL_Driver/Src/stm32f1xx_hal.o
                0x0000000008002398                HAL_IncTick
 .text.HAL_GetTick
                0x00000000080023bc       0x14 ./Drivers/STM32F1xx_HAL_Driver/Src/stm32f1xx_hal.o
                0x00000000080023bc                HAL_GetTick
 .text.HAL_Delay
                0x00000000080023d0       0x48 ./Drivers/STM32F1xx_HAL_Driver/Src/stm32f1xx_hal.o
                0x00000000080023d0                HAL_Delay
 .text.__NVIC_SetPriorityGrouping
                0x0000000008002418       0x48 ./Drivers/STM32F1xx_HAL_Driver/Src/stm32f1xx_hal_cortex.o
 .text.__NVIC_GetPriorityGrouping
                0x0000000008002460       0x1c ./Drivers/STM32F1xx_HAL_Driver/Src/stm32f1xx_hal_cortex.o
 .text.__NVIC_EnableIRQ
                0x000000000800247c       0x38 ./Drivers/STM32F1xx_HAL_Driver/Src/stm32f1xx_hal_cortex.o
 .text.__NVIC_SetPriority
                0x00000000080024b4       0x54 ./Drivers/STM32F1xx_HAL_Driver/Src/stm32f1xx_hal_cortex.o
 .text.NVIC_EncodePriority
                0x0000000008002508       0x64 ./Drivers/STM32F1xx_HAL_Driver/Src/stm32f1xx_hal_cortex.o
 .text.SysTick_Config
                0x000000000800256c       0x44 ./Drivers/STM32F1xx_HAL_Driver/Src/stm32f1xx_hal_cortex.o
 .text.HAL_NVIC_SetPriorityGrouping
                0x00000000080025b0       0x16 ./Drivers/STM32F1xx_HAL_Driver/Src/stm32f1xx_hal_cortex.o
                0x00000000080025b0                HAL_NVIC_SetPriorityGrouping
 .text.HAL_NVIC_SetPriority
                0x00000000080025c6       0x38 ./Drivers/STM32F1xx_HAL_Driver/Src/stm32f1xx_hal_cortex.o
                0x00000000080025c6                HAL_NVIC_SetPriority
 .text.HAL_NVIC_EnableIRQ
                0x00000000080025fe       0x1c ./Drivers/STM32F1xx_HAL_Driver/Src/stm32f1xx_hal_cortex.o
                0x00000000080025fe                HAL_NVIC_EnableIRQ
 .text.HAL_SYSTICK_Config
                0x000000000800261a       0x18 ./Drivers/STM32F1xx_HAL_Driver/Src/stm32f1xx_hal_cortex.o
                0x000000000800261a                HAL_SYSTICK_Config
 *fill*         0x0000000008002632        0x2 
 .text.HAL_GPIO_Init
                0x0000000008002634      0x308 ./Drivers/STM32F1xx_HAL_Driver/Src/stm32f1xx_hal_gpio.o
                0x0000000008002634                HAL_GPIO_Init
 .text.HAL_GPIO_WritePin
                0x000000000800293c       0x30 ./Drivers/STM32F1xx_HAL_Driver/Src/stm32f1xx_hal_gpio.o
                0x000000000800293c                HAL_GPIO_WritePin
 .text.HAL_GPIO_EXTI_IRQHandler
                0x000000000800296c       0x30 ./Drivers/STM32F1xx_HAL_Driver/Src/stm32f1xx_hal_gpio.o
                0x000000000800296c                HAL_GPIO_EXTI_IRQHandler
 .text.HAL_I2C_Init
                0x000000000800299c      0x288 ./Drivers/STM32F1xx_HAL_Driver/Src/stm32f1xx_hal_i2c.o
                0x000000000800299c                HAL_I2C_Init
 .text.HAL_I2C_Master_Transmit
                0x0000000008002c24      0x1fc ./Drivers/STM32F1xx_HAL_Driver/Src/stm32f1xx_hal_i2c.o
                0x0000000008002c24                HAL_I2C_Master_Transmit
 .text.I2C_MasterRequestWrite
                0x0000000008002e20      0x104 ./Drivers/STM32F1xx_HAL_Driver/Src/stm32f1xx_hal_i2c.o
 .text.I2C_WaitOnFlagUntilTimeout
                0x0000000008002f24       0xf4 ./Drivers/STM32F1xx_HAL_Driver/Src/stm32f1xx_hal_i2c.o
 .text.I2C_WaitOnMasterAddressFlagUntilTimeout
                0x0000000008003018      0x140 ./Drivers/STM32F1xx_HAL_Driver/Src/stm32f1xx_hal_i2c.o
 .text.I2C_WaitOnTXEFlagUntilTimeout
                0x0000000008003158       0x90 ./Drivers/STM32F1xx_HAL_Driver/Src/stm32f1xx_hal_i2c.o
 .text.I2C_WaitOnBTFFlagUntilTimeout
                0x00000000080031e8       0x90 ./Drivers/STM32F1xx_HAL_Driver/Src/stm32f1xx_hal_i2c.o
 .text.I2C_IsAcknowledgeFailed
                0x0000000008003278       0x5c ./Drivers/STM32F1xx_HAL_Driver/Src/stm32f1xx_hal_i2c.o
 .text.HAL_PCD_Init
                0x00000000080032d4      0x1ec ./Drivers/STM32F1xx_HAL_Driver/Src/stm32f1xx_hal_pcd.o
                0x00000000080032d4                HAL_PCD_Init
 .text.HAL_PCD_Start
                0x00000000080034c0       0x4c ./Drivers/STM32F1xx_HAL_Driver/Src/stm32f1xx_hal_pcd.o
                0x00000000080034c0                HAL_PCD_Start
 .text.HAL_PCD_IRQHandler
                0x000000000800350c      0x264 ./Drivers/STM32F1xx_HAL_Driver/Src/stm32f1xx_hal_pcd.o
                0x000000000800350c                HAL_PCD_IRQHandler
 .text.HAL_PCD_SetAddress
                0x0000000008003770       0x48 ./Drivers/STM32F1xx_HAL_Driver/Src/stm32f1xx_hal_pcd.o
                0x0000000008003770                HAL_PCD_SetAddress
 .text.HAL_PCD_EP_Open
                0x00000000080037b8       0xba ./Drivers/STM32F1xx_HAL_Driver/Src/stm32f1xx_hal_pcd.o
                0x00000000080037b8                HAL_PCD_EP_Open
 .text.HAL_PCD_EP_Close
                0x0000000008003872       0x90 ./Drivers/STM32F1xx_HAL_Driver/Src/stm32f1xx_hal_pcd.o
                0x0000000008003872                HAL_PCD_EP_Close
 .text.HAL_PCD_EP_Receive
                0x0000000008003902       0x62 ./Drivers/STM32F1xx_HAL_Driver/Src/stm32f1xx_hal_pcd.o
                0x0000000008003902                HAL_PCD_EP_Receive
 .text.HAL_PCD_EP_GetRxCount
                0x0000000008003964       0x2e ./Drivers/STM32F1xx_HAL_Driver/Src/stm32f1xx_hal_pcd.o
                0x0000000008003964                HAL_PCD_EP_GetRxCount
 .text.HAL_PCD_EP_Transmit
                0x0000000008003992       0x6e ./Drivers/STM32F1xx_HAL_Driver/Src/stm32f1xx_hal_pcd.o
                0x0000000008003992                HAL_PCD_EP_Transmit
 .text.HAL_PCD_EP_SetStall
                0x0000000008003a00       0xc0 ./Drivers/STM32F1xx_HAL_Driver/Src/stm32f1xx_hal_pcd.o
                0x0000000008003a00                HAL_PCD_EP_SetStall
 .text.HAL_PCD_EP_ClrStall
                0x0000000008003ac0       0xa8 ./Drivers/STM32F1xx_HAL_Driver/Src/stm32f1xx_hal_pcd.o
                0x0000000008003ac0                HAL_PCD_EP_ClrStall
 .text.PCD_EP_ISR_Handler
                0x0000000008003b68      0x7a0 ./Drivers/STM32F1xx_HAL_Driver/Src/stm32f1xx_hal_pcd.o
 .text.HAL_PCD_EP_DB_Receive
                0x0000000008004308      0x21a ./Drivers/STM32F1xx_HAL_Driver/Src/stm32f1xx_hal_pcd.o
 .text.HAL_PCD_EP_DB_Transmit
                0x0000000008004522      0x7f4 ./Drivers/STM32F1xx_HAL_Driver/Src/stm32f1xx_hal_pcd.o
 .text.HAL_PCDEx_PMAConfig
                0x0000000008004d16       0x84 ./Drivers/STM32F1xx_HAL_Driver/Src/stm32f1xx_hal_pcd_ex.o
                0x0000000008004d16                HAL_PCDEx_PMAConfig
 *fill*         0x0000000008004d9a        0x2 
 .text.HAL_RCC_OscConfig
                0x0000000008004d9c      0x500 ./Drivers/STM32F1xx_HAL_Driver/Src/stm32f1xx_hal_rcc.o
                0x0000000008004d9c                HAL_RCC_OscConfig
 .text.HAL_RCC_ClockConfig
                0x000000000800529c      0x1d4 ./Drivers/STM32F1xx_HAL_Driver/Src/stm32f1xx_hal_rcc.o
                0x000000000800529c                HAL_RCC_ClockConfig
 .text.HAL_RCC_GetSysClockFreq
                0x0000000008005470       0xa8 ./Drivers/STM32F1xx_HAL_Driver/Src/stm32f1xx_hal_rcc.o
                0x0000000008005470                HAL_RCC_GetSysClockFreq
 .text.HAL_RCC_GetHCLKFreq
                0x0000000008005518       0x14 ./Drivers/STM32F1xx_HAL_Driver/Src/stm32f1xx_hal_rcc.o
                0x0000000008005518                HAL_RCC_GetHCLKFreq
 .text.HAL_RCC_GetPCLK1Freq
                0x000000000800552c       0x28 ./Drivers/STM32F1xx_HAL_Driver/Src/stm32f1xx_hal_rcc.o
                0x000000000800552c                HAL_RCC_GetPCLK1Freq
 .text.HAL_RCC_GetPCLK2Freq
                0x0000000008005554       0x28 ./Drivers/STM32F1xx_HAL_Driver/Src/stm32f1xx_hal_rcc.o
                0x0000000008005554                HAL_RCC_GetPCLK2Freq
 .text.RCC_Delay
                0x000000000800557c       0x3c ./Drivers/STM32F1xx_HAL_Driver/Src/stm32f1xx_hal_rcc.o
 .text.HAL_RCCEx_PeriphCLKConfig
                0x00000000080055b8      0x16c ./Drivers/STM32F1xx_HAL_Driver/Src/stm32f1xx_hal_rcc_ex.o
                0x00000000080055b8                HAL_RCCEx_PeriphCLKConfig
 .text.HAL_TIM_PWM_Init
                0x0000000008005724       0x9e ./Drivers/STM32F1xx_HAL_Driver/Src/stm32f1xx_hal_tim.o
                0x0000000008005724                HAL_TIM_PWM_Init
 *fill*         0x00000000080057c2        0x2 
 .text.HAL_TIM_PWM_Start
                0x00000000080057c4      0x144 ./Drivers/STM32F1xx_HAL_Driver/Src/stm32f1xx_hal_tim.o
                0x00000000080057c4                HAL_TIM_PWM_Start
 .text.HAL_TIM_PWM_ConfigChannel
                0x0000000008005908      0x184 ./Drivers/STM32F1xx_HAL_Driver/Src/stm32f1xx_hal_tim.o
                0x0000000008005908                HAL_TIM_PWM_ConfigChannel
 .text.TIM_Base_SetConfig
                0x0000000008005a8c       0xdc ./Drivers/STM32F1xx_HAL_Driver/Src/stm32f1xx_hal_tim.o
                0x0000000008005a8c                TIM_Base_SetConfig
 .text.TIM_OC1_SetConfig
                0x0000000008005b68       0xcc ./Drivers/STM32F1xx_HAL_Driver/Src/stm32f1xx_hal_tim.o
 .text.TIM_OC2_SetConfig
                0x0000000008005c34       0xd4 ./Drivers/STM32F1xx_HAL_Driver/Src/stm32f1xx_hal_tim.o
                0x0000000008005c34                TIM_OC2_SetConfig
 .text.TIM_OC3_SetConfig
                0x0000000008005d08       0xd4 ./Drivers/STM32F1xx_HAL_Driver/Src/stm32f1xx_hal_tim.o
 .text.TIM_OC4_SetConfig
                0x0000000008005ddc       0x9c ./Drivers/STM32F1xx_HAL_Driver/Src/stm32f1xx_hal_tim.o
 .text.TIM_CCxChannelCmd
                0x0000000008005e78       0x48 ./Drivers/STM32F1xx_HAL_Driver/Src/stm32f1xx_hal_tim.o
                0x0000000008005e78                TIM_CCxChannelCmd
 .text.HAL_TIMEx_MasterConfigSynchronization
                0x0000000008005ec0       0xbc ./Drivers/STM32F1xx_HAL_Driver/Src/stm32f1xx_hal_tim_ex.o
                0x0000000008005ec0                HAL_TIMEx_MasterConfigSynchronization
 .text.HAL_TIMEx_ConfigBreakDeadTime
                0x0000000008005f7c       0xa2 ./Drivers/STM32F1xx_HAL_Driver/Src/stm32f1xx_hal_tim_ex.o
                0x0000000008005f7c                HAL_TIMEx_ConfigBreakDeadTime
 .text.HAL_UART_Init
                0x000000000800601e       0xa0 ./Drivers/STM32F1xx_HAL_Driver/Src/stm32f1xx_hal_uart.o
                0x000000000800601e                HAL_UART_Init
 .text.HAL_UART_Transmit
                0x00000000080060be      0x116 ./Drivers/STM32F1xx_HAL_Driver/Src/stm32f1xx_hal_uart.o
                0x00000000080060be                HAL_UART_Transmit
 .text.UART_WaitOnFlagUntilTimeout
                0x00000000080061d4       0xb2 ./Drivers/STM32F1xx_HAL_Driver/Src/stm32f1xx_hal_uart.o
 .text.UART_EndRxTransfer
                0x0000000008006286       0xc4 ./Drivers/STM32F1xx_HAL_Driver/Src/stm32f1xx_hal_uart.o
 *fill*         0x000000000800634a        0x2 
 .text.UART_SetConfig
                0x000000000800634c      0x11c ./Drivers/STM32F1xx_HAL_Driver/Src/stm32f1xx_hal_uart.o
 .text.USB_CoreInit
                0x0000000008006468       0x1a ./Drivers/STM32F1xx_HAL_Driver/Src/stm32f1xx_ll_usb.o
                0x0000000008006468                USB_CoreInit
 .text.USB_EnableGlobalInt
                0x0000000008006482       0x2c ./Drivers/STM32F1xx_HAL_Driver/Src/stm32f1xx_ll_usb.o
                0x0000000008006482                USB_EnableGlobalInt
 .text.USB_DisableGlobalInt
                0x00000000080064ae       0x34 ./Drivers/STM32F1xx_HAL_Driver/Src/stm32f1xx_ll_usb.o
                0x00000000080064ae                USB_DisableGlobalInt
 .text.USB_SetCurrentMode
                0x00000000080064e2       0x18 ./Drivers/STM32F1xx_HAL_Driver/Src/stm32f1xx_ll_usb.o
                0x00000000080064e2                USB_SetCurrentMode
 .text.USB_DevInit
                0x00000000080064fa       0x3a ./Drivers/STM32F1xx_HAL_Driver/Src/stm32f1xx_ll_usb.o
                0x00000000080064fa                USB_DevInit
 .text.USB_ActivateEndpoint
                0x0000000008006534      0x780 ./Drivers/STM32F1xx_HAL_Driver/Src/stm32f1xx_ll_usb.o
                0x0000000008006534                USB_ActivateEndpoint
 .text.USB_DeactivateEndpoint
                0x0000000008006cb4      0x3d8 ./Drivers/STM32F1xx_HAL_Driver/Src/stm32f1xx_ll_usb.o
                0x0000000008006cb4                USB_DeactivateEndpoint
 .text.USB_EPStartXfer
                0x000000000800708c     0x1298 ./Drivers/STM32F1xx_HAL_Driver/Src/stm32f1xx_ll_usb.o
                0x000000000800708c                USB_EPStartXfer
 .text.USB_EPSetStall
                0x0000000008008324       0xa0 ./Drivers/STM32F1xx_HAL_Driver/Src/stm32f1xx_ll_usb.o
                0x0000000008008324                USB_EPSetStall
 .text.USB_EPClearStall
                0x00000000080083c4      0x15a ./Drivers/STM32F1xx_HAL_Driver/Src/stm32f1xx_ll_usb.o
                0x00000000080083c4                USB_EPClearStall
 .text.USB_SetDevAddress
                0x000000000800851e       0x26 ./Drivers/STM32F1xx_HAL_Driver/Src/stm32f1xx_ll_usb.o
                0x000000000800851e                USB_SetDevAddress
 .text.USB_DevConnect
                0x0000000008008544       0x14 ./Drivers/STM32F1xx_HAL_Driver/Src/stm32f1xx_ll_usb.o
                0x0000000008008544                USB_DevConnect
 .text.USB_DevDisconnect
                0x0000000008008558       0x14 ./Drivers/STM32F1xx_HAL_Driver/Src/stm32f1xx_ll_usb.o
                0x0000000008008558                USB_DevDisconnect
 .text.USB_ReadInterrupts
                0x000000000800856c       0x1e ./Drivers/STM32F1xx_HAL_Driver/Src/stm32f1xx_ll_usb.o
                0x000000000800856c                USB_ReadInterrupts
 .text.USB_EP0_OutStart
                0x000000000800858a       0x16 ./Drivers/STM32F1xx_HAL_Driver/Src/stm32f1xx_ll_usb.o
                0x000000000800858a                USB_EP0_OutStart
 .text.USB_WritePMA
                0x00000000080085a0       0x8a ./Drivers/STM32F1xx_HAL_Driver/Src/stm32f1xx_ll_usb.o
                0x00000000080085a0                USB_WritePMA
 .text.USB_ReadPMA
                0x000000000800862a       0x9e ./Drivers/STM32F1xx_HAL_Driver/Src/stm32f1xx_ll_usb.o
                0x000000000800862a                USB_ReadPMA
 .text.USBD_CDC_Init
                0x00000000080086c8       0xf4 ./Middlewares/ST/STM32_USB_Device_Library/Class/CDC/Src/usbd_cdc.o
 .text.USBD_CDC_DeInit
                0x00000000080087bc       0x6e ./Middlewares/ST/STM32_USB_Device_Library/Class/CDC/Src/usbd_cdc.o
 .text.USBD_CDC_Setup
                0x000000000800882a      0x146 ./Middlewares/ST/STM32_USB_Device_Library/Class/CDC/Src/usbd_cdc.o
 .text.USBD_CDC_DataIn
                0x0000000008008970       0xa6 ./Middlewares/ST/STM32_USB_Device_Library/Class/CDC/Src/usbd_cdc.o
 .text.USBD_CDC_DataOut
                0x0000000008008a16       0x56 ./Middlewares/ST/STM32_USB_Device_Library/Class/CDC/Src/usbd_cdc.o
 .text.USBD_CDC_EP0_RxReady
                0x0000000008008a6c       0x50 ./Middlewares/ST/STM32_USB_Device_Library/Class/CDC/Src/usbd_cdc.o
 .text.USBD_CDC_GetFSCfgDesc
                0x0000000008008abc       0x20 ./Middlewares/ST/STM32_USB_Device_Library/Class/CDC/Src/usbd_cdc.o
 .text.USBD_CDC_GetHSCfgDesc
                0x0000000008008adc       0x20 ./Middlewares/ST/STM32_USB_Device_Library/Class/CDC/Src/usbd_cdc.o
 .text.USBD_CDC_GetOtherSpeedCfgDesc
                0x0000000008008afc       0x20 ./Middlewares/ST/STM32_USB_Device_Library/Class/CDC/Src/usbd_cdc.o
 .text.USBD_CDC_GetDeviceQualifierDescriptor
                0x0000000008008b1c       0x20 ./Middlewares/ST/STM32_USB_Device_Library/Class/CDC/Src/usbd_cdc.o
                0x0000000008008b1c                USBD_CDC_GetDeviceQualifierDescriptor
 .text.USBD_CDC_RegisterInterface
                0x0000000008008b3c       0x2c ./Middlewares/ST/STM32_USB_Device_Library/Class/CDC/Src/usbd_cdc.o
                0x0000000008008b3c                USBD_CDC_RegisterInterface
 .text.USBD_CDC_SetTxBuffer
                0x0000000008008b68       0x32 ./Middlewares/ST/STM32_USB_Device_Library/Class/CDC/Src/usbd_cdc.o
                0x0000000008008b68                USBD_CDC_SetTxBuffer
 .text.USBD_CDC_SetRxBuffer
                0x0000000008008b9a       0x26 ./Middlewares/ST/STM32_USB_Device_Library/Class/CDC/Src/usbd_cdc.o
                0x0000000008008b9a                USBD_CDC_SetRxBuffer
 .text.USBD_CDC_ReceivePacket
                0x0000000008008bc0       0x54 ./Middlewares/ST/STM32_USB_Device_Library/Class/CDC/Src/usbd_cdc.o
                0x0000000008008bc0                USBD_CDC_ReceivePacket
 .text.USBD_Init
                0x0000000008008c14       0x56 ./Middlewares/ST/STM32_USB_Device_Library/Core/Src/usbd_core.o
                0x0000000008008c14                USBD_Init
 .text.USBD_RegisterClass
                0x0000000008008c6a       0x32 ./Middlewares/ST/STM32_USB_Device_Library/Core/Src/usbd_core.o
                0x0000000008008c6a                USBD_RegisterClass
 .text.USBD_Start
                0x0000000008008c9c       0x18 ./Middlewares/ST/STM32_USB_Device_Library/Core/Src/usbd_core.o
                0x0000000008008c9c                USBD_Start
 .text.USBD_RunTestMode
                0x0000000008008cb4       0x14 ./Middlewares/ST/STM32_USB_Device_Library/Core/Src/usbd_core.o
                0x0000000008008cb4                USBD_RunTestMode
 .text.USBD_SetClassConfig
                0x0000000008008cc8       0x3e ./Middlewares/ST/STM32_USB_Device_Library/Core/Src/usbd_core.o
                0x0000000008008cc8                USBD_SetClassConfig
 .text.USBD_ClrClassConfig
                0x0000000008008d06       0x26 ./Middlewares/ST/STM32_USB_Device_Library/Core/Src/usbd_core.o
                0x0000000008008d06                USBD_ClrClassConfig
 .text.USBD_LL_SetupStage
                0x0000000008008d2c       0x9a ./Middlewares/ST/STM32_USB_Device_Library/Core/Src/usbd_core.o
                0x0000000008008d2c                USBD_LL_SetupStage
 .text.USBD_LL_DataOutStage
                0x0000000008008dc6       0xe2 ./Middlewares/ST/STM32_USB_Device_Library/Core/Src/usbd_core.o
                0x0000000008008dc6                USBD_LL_DataOutStage
 .text.USBD_LL_DataInStage
                0x0000000008008ea8      0x14a ./Middlewares/ST/STM32_USB_Device_Library/Core/Src/usbd_core.o
                0x0000000008008ea8                USBD_LL_DataInStage
 .text.USBD_LL_Reset
                0x0000000008008ff2       0x82 ./Middlewares/ST/STM32_USB_Device_Library/Core/Src/usbd_core.o
                0x0000000008008ff2                USBD_LL_Reset
 .text.USBD_LL_SetSpeed
                0x0000000008009074       0x1e ./Middlewares/ST/STM32_USB_Device_Library/Core/Src/usbd_core.o
                0x0000000008009074                USBD_LL_SetSpeed
 .text.USBD_LL_Suspend
                0x0000000008009092       0x28 ./Middlewares/ST/STM32_USB_Device_Library/Core/Src/usbd_core.o
                0x0000000008009092                USBD_LL_Suspend
 .text.USBD_LL_Resume
                0x00000000080090ba       0x2a ./Middlewares/ST/STM32_USB_Device_Library/Core/Src/usbd_core.o
                0x00000000080090ba                USBD_LL_Resume
 .text.USBD_LL_SOF
                0x00000000080090e4       0x34 ./Middlewares/ST/STM32_USB_Device_Library/Core/Src/usbd_core.o
                0x00000000080090e4                USBD_LL_SOF
 .text.USBD_StdDevReq
                0x0000000008009118       0xd4 ./Middlewares/ST/STM32_USB_Device_Library/Core/Src/usbd_ctlreq.o
                0x0000000008009118                USBD_StdDevReq
 .text.USBD_StdItfReq
                0x00000000080091ec       0x90 ./Middlewares/ST/STM32_USB_Device_Library/Core/Src/usbd_ctlreq.o
                0x00000000080091ec                USBD_StdItfReq
 .text.USBD_StdEPReq
                0x000000000800927c      0x2c6 ./Middlewares/ST/STM32_USB_Device_Library/Core/Src/usbd_ctlreq.o
                0x000000000800927c                USBD_StdEPReq
 *fill*         0x0000000008009542        0x2 
 .text.USBD_GetDescriptor
                0x0000000008009544      0x2d0 ./Middlewares/ST/STM32_USB_Device_Library/Core/Src/usbd_ctlreq.o
 .text.USBD_SetAddress
                0x0000000008009814       0x86 ./Middlewares/ST/STM32_USB_Device_Library/Core/Src/usbd_ctlreq.o
 *fill*         0x000000000800989a        0x2 
 .text.USBD_SetConfig
                0x000000000800989c      0x11c ./Middlewares/ST/STM32_USB_Device_Library/Core/Src/usbd_ctlreq.o
 .text.USBD_GetConfig
                0x00000000080099b8       0x6a ./Middlewares/ST/STM32_USB_Device_Library/Core/Src/usbd_ctlreq.o
 .text.USBD_GetStatus
                0x0000000008009a22       0x66 ./Middlewares/ST/STM32_USB_Device_Library/Core/Src/usbd_ctlreq.o
 .text.USBD_SetFeature
                0x0000000008009a88       0x28 ./Middlewares/ST/STM32_USB_Device_Library/Core/Src/usbd_ctlreq.o
 .text.USBD_ClrFeature
                0x0000000008009ab0       0x42 ./Middlewares/ST/STM32_USB_Device_Library/Core/Src/usbd_ctlreq.o
 .text.USBD_ParseSetupRequest
                0x0000000008009af2       0x78 ./Middlewares/ST/STM32_USB_Device_Library/Core/Src/usbd_ctlreq.o
                0x0000000008009af2                USBD_ParseSetupRequest
 .text.USBD_CtlError
                0x0000000008009b6a       0x22 ./Middlewares/ST/STM32_USB_Device_Library/Core/Src/usbd_ctlreq.o
                0x0000000008009b6a                USBD_CtlError
 .text.USBD_GetString
                0x0000000008009b8c       0x84 ./Middlewares/ST/STM32_USB_Device_Library/Core/Src/usbd_ctlreq.o
                0x0000000008009b8c                USBD_GetString
 .text.USBD_GetLen
                0x0000000008009c10       0x2e ./Middlewares/ST/STM32_USB_Device_Library/Core/Src/usbd_ctlreq.o
 .text.USBD_CtlSendData
                0x0000000008009c3e       0x38 ./Middlewares/ST/STM32_USB_Device_Library/Core/Src/usbd_ioreq.o
                0x0000000008009c3e                USBD_CtlSendData
 .text.USBD_CtlContinueSendData
                0x0000000008009c76       0x24 ./Middlewares/ST/STM32_USB_Device_Library/Core/Src/usbd_ioreq.o
                0x0000000008009c76                USBD_CtlContinueSendData
 .text.USBD_CtlPrepareRx
                0x0000000008009c9a       0x3c ./Middlewares/ST/STM32_USB_Device_Library/Core/Src/usbd_ioreq.o
                0x0000000008009c9a                USBD_CtlPrepareRx
 .text.USBD_CtlContinueRx
                0x0000000008009cd6       0x24 ./Middlewares/ST/STM32_USB_Device_Library/Core/Src/usbd_ioreq.o
                0x0000000008009cd6                USBD_CtlContinueRx
 .text.USBD_CtlSendStatus
                0x0000000008009cfa       0x26 ./Middlewares/ST/STM32_USB_Device_Library/Core/Src/usbd_ioreq.o
                0x0000000008009cfa                USBD_CtlSendStatus
 .text.USBD_CtlReceiveStatus
                0x0000000008009d20       0x26 ./Middlewares/ST/STM32_USB_Device_Library/Core/Src/usbd_ioreq.o
                0x0000000008009d20                USBD_CtlReceiveStatus
 *fill*         0x0000000008009d46        0x2 
 .text.MX_USB_DEVICE_Init
                0x0000000008009d48       0x60 ./USB_DEVICE/App/usb_device.o
                0x0000000008009d48                MX_USB_DEVICE_Init
 .text.CDC_Init_FS
                0x0000000008009da8       0x28 ./USB_DEVICE/App/usbd_cdc_if.o
 .text.CDC_DeInit_FS
                0x0000000008009dd0        0xe ./USB_DEVICE/App/usbd_cdc_if.o
 *fill*         0x0000000008009dde        0x2 
 .text.CDC_Control_FS
                0x0000000008009de0       0xbc ./USB_DEVICE/App/usbd_cdc_if.o
 .text.CDC_Receive_FS
                0x0000000008009e9c       0x28 ./USB_DEVICE/App/usbd_cdc_if.o
 .text.USBD_FS_DeviceDescriptor
                0x0000000008009ec4       0x24 ./USB_DEVICE/App/usbd_desc.o
                0x0000000008009ec4                USBD_FS_DeviceDescriptor
 .text.USBD_FS_LangIDStrDescriptor
                0x0000000008009ee8       0x24 ./USB_DEVICE/App/usbd_desc.o
                0x0000000008009ee8                USBD_FS_LangIDStrDescriptor
 .text.USBD_FS_ProductStrDescriptor
                0x0000000008009f0c       0x3c ./USB_DEVICE/App/usbd_desc.o
                0x0000000008009f0c                USBD_FS_ProductStrDescriptor
 .text.USBD_FS_ManufacturerStrDescriptor
                0x0000000008009f48       0x28 ./USB_DEVICE/App/usbd_desc.o
                0x0000000008009f48                USBD_FS_ManufacturerStrDescriptor
 .text.USBD_FS_SerialStrDescriptor
                0x0000000008009f70       0x24 ./USB_DEVICE/App/usbd_desc.o
                0x0000000008009f70                USBD_FS_SerialStrDescriptor
 .text.USBD_FS_ConfigStrDescriptor
                0x0000000008009f94       0x3c ./USB_DEVICE/App/usbd_desc.o
                0x0000000008009f94                USBD_FS_ConfigStrDescriptor
 .text.USBD_FS_InterfaceStrDescriptor
                0x0000000008009fd0       0x3c ./USB_DEVICE/App/usbd_desc.o
                0x0000000008009fd0                USBD_FS_InterfaceStrDescriptor
 .text.Get_SerialNum
                0x000000000800a00c       0x58 ./USB_DEVICE/App/usbd_desc.o
 .text.IntToUnicode
                0x000000000800a064       0x7c ./USB_DEVICE/App/usbd_desc.o
 .text.HAL_PCD_MspInit
                0x000000000800a0e0       0x4c ./USB_DEVICE/Target/usbd_conf.o
                0x000000000800a0e0                HAL_PCD_MspInit
 .text.HAL_PCD_SetupStageCallback
                0x000000000800a12c       0x24 ./USB_DEVICE/Target/usbd_conf.o
                0x000000000800a12c                HAL_PCD_SetupStageCallback
 .text.HAL_PCD_DataOutStageCallback
                0x000000000800a150       0x36 ./USB_DEVICE/Target/usbd_conf.o
                0x000000000800a150                HAL_PCD_DataOutStageCallback
 .text.HAL_PCD_DataInStageCallback
                0x000000000800a186       0x34 ./USB_DEVICE/Target/usbd_conf.o
                0x000000000800a186                HAL_PCD_DataInStageCallback
 .text.HAL_PCD_SOFCallback
                0x000000000800a1ba       0x1c ./USB_DEVICE/Target/usbd_conf.o
                0x000000000800a1ba                HAL_PCD_SOFCallback
 .text.HAL_PCD_ResetCallback
                0x000000000800a1d6       0x3c ./USB_DEVICE/Target/usbd_conf.o
                0x000000000800a1d6                HAL_PCD_ResetCallback
 *fill*         0x000000000800a212        0x2 
 .text.HAL_PCD_SuspendCallback
                0x000000000800a214       0x34 ./USB_DEVICE/Target/usbd_conf.o
                0x000000000800a214                HAL_PCD_SuspendCallback
 .text.HAL_PCD_ResumeCallback
                0x000000000800a248       0x1c ./USB_DEVICE/Target/usbd_conf.o
                0x000000000800a248                HAL_PCD_ResumeCallback
 .text.USBD_LL_Init
                0x000000000800a264       0xb4 ./USB_DEVICE/Target/usbd_conf.o
                0x000000000800a264                USBD_LL_Init
 .text.USBD_LL_Start
                0x000000000800a318       0x36 ./USB_DEVICE/Target/usbd_conf.o
                0x000000000800a318                USBD_LL_Start
 .text.USBD_LL_OpenEP
                0x000000000800a34e       0x4c ./USB_DEVICE/Target/usbd_conf.o
                0x000000000800a34e                USBD_LL_OpenEP
 .text.USBD_LL_CloseEP
                0x000000000800a39a       0x3e ./USB_DEVICE/Target/usbd_conf.o
                0x000000000800a39a                USBD_LL_CloseEP
 .text.USBD_LL_StallEP
                0x000000000800a3d8       0x3e ./USB_DEVICE/Target/usbd_conf.o
                0x000000000800a3d8                USBD_LL_StallEP
 .text.USBD_LL_ClearStallEP
                0x000000000800a416       0x3e ./USB_DEVICE/Target/usbd_conf.o
                0x000000000800a416                USBD_LL_ClearStallEP
 .text.USBD_LL_IsStallEP
                0x000000000800a454       0x56 ./USB_DEVICE/Target/usbd_conf.o
                0x000000000800a454                USBD_LL_IsStallEP
 .text.USBD_LL_SetUSBAddress
                0x000000000800a4aa       0x3e ./USB_DEVICE/Target/usbd_conf.o
                0x000000000800a4aa                USBD_LL_SetUSBAddress
 .text.USBD_LL_Transmit
                0x000000000800a4e8       0x46 ./USB_DEVICE/Target/usbd_conf.o
                0x000000000800a4e8                USBD_LL_Transmit
 .text.USBD_LL_PrepareReceive
                0x000000000800a52e       0x46 ./USB_DEVICE/Target/usbd_conf.o
                0x000000000800a52e                USBD_LL_PrepareReceive
 .text.USBD_LL_GetRxDataSize
                0x000000000800a574       0x26 ./USB_DEVICE/Target/usbd_conf.o
                0x000000000800a574                USBD_LL_GetRxDataSize
 *fill*         0x000000000800a59a        0x2 
 .text.USBD_static_malloc
                0x000000000800a59c       0x18 ./USB_DEVICE/Target/usbd_conf.o
                0x000000000800a59c                USBD_static_malloc
 .text.USBD_static_free
                0x000000000800a5b4       0x12 ./USB_DEVICE/Target/usbd_conf.o
                0x000000000800a5b4                USBD_static_free
 .text.HAL_PCDEx_SetConnectionState
                0x000000000800a5c6       0x16 ./USB_DEVICE/Target/usbd_conf.o
                0x000000000800a5c6                HAL_PCDEx_SetConnectionState
 .text.USBD_Get_USB_Status
                0x000000000800a5dc       0x58 ./USB_DEVICE/Target/usbd_conf.o
 .text.__errno  0x000000000800a634        0xc c:/st/stm32cubeide_1.7.0/stm32cubeide/plugins/com.st.stm32cube.ide.mcu.externaltools.gnu-tools-for-stm32.9-2020-q2-update.win32_2.0.0.202105311346/tools/bin/../lib/gcc/arm-none-eabi/9.3.1/../../../../arm-none-eabi/lib/thumb/v7-m/nofp\libc_nano.a(lib_a-errno.o)
                0x000000000800a634                __errno
 .text.__libc_init_array
                0x000000000800a640       0x48 c:/st/stm32cubeide_1.7.0/stm32cubeide/plugins/com.st.stm32cube.ide.mcu.externaltools.gnu-tools-for-stm32.9-2020-q2-update.win32_2.0.0.202105311346/tools/bin/../lib/gcc/arm-none-eabi/9.3.1/../../../../arm-none-eabi/lib/thumb/v7-m/nofp\libc_nano.a(lib_a-init.o)
                0x000000000800a640                __libc_init_array
 .text.memset   0x000000000800a688       0x10 c:/st/stm32cubeide_1.7.0/stm32cubeide/plugins/com.st.stm32cube.ide.mcu.externaltools.gnu-tools-for-stm32.9-2020-q2-update.win32_2.0.0.202105311346/tools/bin/../lib/gcc/arm-none-eabi/9.3.1/../../../../arm-none-eabi/lib/thumb/v7-m/nofp\libc_nano.a(lib_a-memset.o)
                0x000000000800a688                memset
 .text.sprintf  0x000000000800a698       0x40 c:/st/stm32cubeide_1.7.0/stm32cubeide/plugins/com.st.stm32cube.ide.mcu.externaltools.gnu-tools-for-stm32.9-2020-q2-update.win32_2.0.0.202105311346/tools/bin/../lib/gcc/arm-none-eabi/9.3.1/../../../../arm-none-eabi/lib/thumb/v7-m/nofp\libc_nano.a(lib_a-sprintf.o)
                0x000000000800a698                siprintf
                0x000000000800a698                sprintf
 .text.__retarget_lock_acquire_recursive
                0x000000000800a6d8        0x2 c:/st/stm32cubeide_1.7.0/stm32cubeide/plugins/com.st.stm32cube.ide.mcu.externaltools.gnu-tools-for-stm32.9-2020-q2-update.win32_2.0.0.202105311346/tools/bin/../lib/gcc/arm-none-eabi/9.3.1/../../../../arm-none-eabi/lib/thumb/v7-m/nofp\libc_nano.a(lib_a-lock.o)
                0x000000000800a6d8                __retarget_lock_acquire_recursive
 .text.__retarget_lock_release_recursive
                0x000000000800a6da        0x2 c:/st/stm32cubeide_1.7.0/stm32cubeide/plugins/com.st.stm32cube.ide.mcu.externaltools.gnu-tools-for-stm32.9-2020-q2-update.win32_2.0.0.202105311346/tools/bin/../lib/gcc/arm-none-eabi/9.3.1/../../../../arm-none-eabi/lib/thumb/v7-m/nofp\libc_nano.a(lib_a-lock.o)
                0x000000000800a6da                __retarget_lock_release_recursive
 .text._free_r  0x000000000800a6dc       0x98 c:/st/stm32cubeide_1.7.0/stm32cubeide/plugins/com.st.stm32cube.ide.mcu.externaltools.gnu-tools-for-stm32.9-2020-q2-update.win32_2.0.0.202105311346/tools/bin/../lib/gcc/arm-none-eabi/9.3.1/../../../../arm-none-eabi/lib/thumb/v7-m/nofp\libc_nano.a(lib_a-nano-freer.o)
                0x000000000800a6dc                _free_r
 .text._malloc_r
                0x000000000800a774       0xb4 c:/st/stm32cubeide_1.7.0/stm32cubeide/plugins/com.st.stm32cube.ide.mcu.externaltools.gnu-tools-for-stm32.9-2020-q2-update.win32_2.0.0.202105311346/tools/bin/../lib/gcc/arm-none-eabi/9.3.1/../../../../arm-none-eabi/lib/thumb/v7-m/nofp\libc_nano.a(lib_a-nano-mallocr.o)
                0x000000000800a774                _malloc_r
 .text.__ssputs_r
                0x000000000800a828       0xb6 c:/st/stm32cubeide_1.7.0/stm32cubeide/plugins/com.st.stm32cube.ide.mcu.externaltools.gnu-tools-for-stm32.9-2020-q2-update.win32_2.0.0.202105311346/tools/bin/../lib/gcc/arm-none-eabi/9.3.1/../../../../arm-none-eabi/lib/thumb/v7-m/nofp\libc_nano.a(lib_a-nano-svfprintf.o)
                0x000000000800a828                __ssputs_r
 *fill*         0x000000000800a8de        0x2 
 .text._svfprintf_r
                0x000000000800a8e0      0x200 c:/st/stm32cubeide_1.7.0/stm32cubeide/plugins/com.st.stm32cube.ide.mcu.externaltools.gnu-tools-for-stm32.9-2020-q2-update.win32_2.0.0.202105311346/tools/bin/../lib/gcc/arm-none-eabi/9.3.1/../../../../arm-none-eabi/lib/thumb/v7-m/nofp\libc_nano.a(lib_a-nano-svfprintf.o)
                0x000000000800a8e0                _svfiprintf_r
                0x000000000800a8e0                _svfprintf_r
 .text._printf_common
                0x000000000800aae0       0xde c:/st/stm32cubeide_1.7.0/stm32cubeide/plugins/com.st.stm32cube.ide.mcu.externaltools.gnu-tools-for-stm32.9-2020-q2-update.win32_2.0.0.202105311346/tools/bin/../lib/gcc/arm-none-eabi/9.3.1/../../../../arm-none-eabi/lib/thumb/v7-m/nofp\libc_nano.a(lib_a-nano-vfprintf_i.o)
                0x000000000800aae0                _printf_common
 *fill*         0x000000000800abbe        0x2 
 .text._printf_i
                0x000000000800abc0      0x24c c:/st/stm32cubeide_1.7.0/stm32cubeide/plugins/com.st.stm32cube.ide.mcu.externaltools.gnu-tools-for-stm32.9-2020-q2-update.win32_2.0.0.202105311346/tools/bin/../lib/gcc/arm-none-eabi/9.3.1/../../../../arm-none-eabi/lib/thumb/v7-m/nofp\libc_nano.a(lib_a-nano-vfprintf_i.o)
                0x000000000800abc0                _printf_i
 .text._sbrk_r  0x000000000800ae0c       0x20 c:/st/stm32cubeide_1.7.0/stm32cubeide/plugins/com.st.stm32cube.ide.mcu.externaltools.gnu-tools-for-stm32.9-2020-q2-update.win32_2.0.0.202105311346/tools/bin/../lib/gcc/arm-none-eabi/9.3.1/../../../../arm-none-eabi/lib/thumb/v7-m/nofp\libc_nano.a(lib_a-sbrkr.o)
                0x000000000800ae0c                _sbrk_r
 .text.memchr   0x000000000800ae2c       0x1c c:/st/stm32cubeide_1.7.0/stm32cubeide/plugins/com.st.stm32cube.ide.mcu.externaltools.gnu-tools-for-stm32.9-2020-q2-update.win32_2.0.0.202105311346/tools/bin/../lib/gcc/arm-none-eabi/9.3.1/../../../../arm-none-eabi/lib/thumb/v7-m/nofp\libc_nano.a(lib_a-memchr-stub.o)
                0x000000000800ae2c                memchr
 .text.memcpy   0x000000000800ae48       0x1c c:/st/stm32cubeide_1.7.0/stm32cubeide/plugins/com.st.stm32cube.ide.mcu.externaltools.gnu-tools-for-stm32.9-2020-q2-update.win32_2.0.0.202105311346/tools/bin/../lib/gcc/arm-none-eabi/9.3.1/../../../../arm-none-eabi/lib/thumb/v7-m/nofp\libc_nano.a(lib_a-memcpy-stub.o)
                0x000000000800ae48                memcpy
 .text.memmove  0x000000000800ae64       0x34 c:/st/stm32cubeide_1.7.0/stm32cubeide/plugins/com.st.stm32cube.ide.mcu.externaltools.gnu-tools-for-stm32.9-2020-q2-update.win32_2.0.0.202105311346/tools/bin/../lib/gcc/arm-none-eabi/9.3.1/../../../../arm-none-eabi/lib/thumb/v7-m/nofp\libc_nano.a(lib_a-memmove.o)
                0x000000000800ae64                memmove
 .text.__malloc_lock
                0x000000000800ae98        0xc c:/st/stm32cubeide_1.7.0/stm32cubeide/plugins/com.st.stm32cube.ide.mcu.externaltools.gnu-tools-for-stm32.9-2020-q2-update.win32_2.0.0.202105311346/tools/bin/../lib/gcc/arm-none-eabi/9.3.1/../../../../arm-none-eabi/lib/thumb/v7-m/nofp\libc_nano.a(lib_a-mlock.o)
                0x000000000800ae98                __malloc_lock
 .text.__malloc_unlock
                0x000000000800aea4        0xc c:/st/stm32cubeide_1.7.0/stm32cubeide/plugins/com.st.stm32cube.ide.mcu.externaltools.gnu-tools-for-stm32.9-2020-q2-update.win32_2.0.0.202105311346/tools/bin/../lib/gcc/arm-none-eabi/9.3.1/../../../../arm-none-eabi/lib/thumb/v7-m/nofp\libc_nano.a(lib_a-mlock.o)
                0x000000000800aea4                __malloc_unlock
 .text._realloc_r
                0x000000000800aeb0       0x4c c:/st/stm32cubeide_1.7.0/stm32cubeide/plugins/com.st.stm32cube.ide.mcu.externaltools.gnu-tools-for-stm32.9-2020-q2-update.win32_2.0.0.202105311346/tools/bin/../lib/gcc/arm-none-eabi/9.3.1/../../../../arm-none-eabi/lib/thumb/v7-m/nofp\libc_nano.a(lib_a-nano-reallocr.o)
                0x000000000800aeb0                _realloc_r
 .text._malloc_usable_size_r
                0x000000000800aefc       0x10 c:/st/stm32cubeide_1.7.0/stm32cubeide/plugins/com.st.stm32cube.ide.mcu.externaltools.gnu-tools-for-stm32.9-2020-q2-update.win32_2.0.0.202105311346/tools/bin/../lib/gcc/arm-none-eabi/9.3.1/../../../../arm-none-eabi/lib/thumb/v7-m/nofp\libc_nano.a(lib_a-nano-msizer.o)
                0x000000000800aefc                _malloc_usable_size_r
 *(.glue_7)
 .glue_7        0x000000000800af0c        0x0 linker stubs
 *(.glue_7t)
 .glue_7t       0x000000000800af0c        0x0 linker stubs
 *(.eh_frame)
 .eh_frame      0x000000000800af0c        0x0 c:/st/stm32cubeide_1.7.0/stm32cubeide/plugins/com.st.stm32cube.ide.mcu.externaltools.gnu-tools-for-stm32.9-2020-q2-update.win32_2.0.0.202105311346/tools/bin/../lib/gcc/arm-none-eabi/9.3.1/thumb/v7-m/nofp/crtbegin.o
 *(.init)
 .init          0x000000000800af0c        0x4 c:/st/stm32cubeide_1.7.0/stm32cubeide/plugins/com.st.stm32cube.ide.mcu.externaltools.gnu-tools-for-stm32.9-2020-q2-update.win32_2.0.0.202105311346/tools/bin/../lib/gcc/arm-none-eabi/9.3.1/thumb/v7-m/nofp/crti.o
                0x000000000800af0c                _init
 .init          0x000000000800af10        0x8 c:/st/stm32cubeide_1.7.0/stm32cubeide/plugins/com.st.stm32cube.ide.mcu.externaltools.gnu-tools-for-stm32.9-2020-q2-update.win32_2.0.0.202105311346/tools/bin/../lib/gcc/arm-none-eabi/9.3.1/thumb/v7-m/nofp/crtn.o
 *(.fini)
 .fini          0x000000000800af18        0x4 c:/st/stm32cubeide_1.7.0/stm32cubeide/plugins/com.st.stm32cube.ide.mcu.externaltools.gnu-tools-for-stm32.9-2020-q2-update.win32_2.0.0.202105311346/tools/bin/../lib/gcc/arm-none-eabi/9.3.1/thumb/v7-m/nofp/crti.o
                0x000000000800af18                _fini
 .fini          0x000000000800af1c        0x8 c:/st/stm32cubeide_1.7.0/stm32cubeide/plugins/com.st.stm32cube.ide.mcu.externaltools.gnu-tools-for-stm32.9-2020-q2-update.win32_2.0.0.202105311346/tools/bin/../lib/gcc/arm-none-eabi/9.3.1/thumb/v7-m/nofp/crtn.o
                0x000000000800af24                . = ALIGN (0x4)
                0x000000000800af24                _etext = .

.vfp11_veneer   0x000000000800af24        0x0
 .vfp11_veneer  0x000000000800af24        0x0 linker stubs

.v4_bx          0x000000000800af24        0x0
 .v4_bx         0x000000000800af24        0x0 linker stubs

.iplt           0x000000000800af24        0x0
 .iplt          0x000000000800af24        0x0 c:/st/stm32cubeide_1.7.0/stm32cubeide/plugins/com.st.stm32cube.ide.mcu.externaltools.gnu-tools-for-stm32.9-2020-q2-update.win32_2.0.0.202105311346/tools/bin/../lib/gcc/arm-none-eabi/9.3.1/thumb/v7-m/nofp/crtbegin.o

.rodata         0x000000000800af24      0x184
                0x000000000800af24                . = ALIGN (0x4)
 *(.rodata)
 .rodata        0x000000000800af24       0x1a ./Core/Src/bluetooth_uart.o
 *fill*         0x000000000800af3e        0x2 
 .rodata        0x000000000800af40       0x17 ./Core/Src/main.o
 *fill*         0x000000000800af57        0x1 
 .rodata        0x000000000800af58       0x46 ./USB_DEVICE/App/usbd_desc.o
 *(.rodata*)
 *fill*         0x000000000800af9e        0x2 
 .rodata._ZN9Constants7kMaxPWME
                0x000000000800afa0        0x4 ./Core/Src/Motor.o
                0x000000000800afa0                Constants::kMaxPWM
 .rodata._ZN9Constants7kMinPWME
                0x000000000800afa4        0x4 ./Core/Src/Motor.o
                0x000000000800afa4                Constants::kMinPWM
 .rodata._ZN9Constants11kFrontLeftAE
                0x000000000800afa8        0x8 ./Core/Src/Movement.o
                0x000000000800afa8                Constants::kFrontLeftA
 .rodata._ZN9Constants11kFrontLeftBE
                0x000000000800afb0        0x8 ./Core/Src/Movement.o
                0x000000000800afb0                Constants::kFrontLeftB
 .rodata._ZN9Constants12kFrontRightAE
                0x000000000800afb8        0x8 ./Core/Src/Movement.o
                0x000000000800afb8                Constants::kFrontRightA
 .rodata._ZN9Constants12kFrontRightBE
                0x000000000800afc0        0x8 ./Core/Src/Movement.o
                0x000000000800afc0                Constants::kFrontRightB
 .rodata._ZN9Constants10kBackLeftAE
                0x000000000800afc8        0x8 ./Core/Src/Movement.o
                0x000000000800afc8                Constants::kBackLeftA
 .rodata._ZN9Constants10kBackLeftBE
                0x000000000800afd0        0x8 ./Core/Src/Movement.o
                0x000000000800afd0                Constants::kBackLeftB
 .rodata._ZN9Constants11kBackRightAE
                0x000000000800afd8        0x8 ./Core/Src/Movement.o
                0x000000000800afd8                Constants::kBackRightA
 .rodata._ZN9Constants11kBackRightBE
                0x000000000800afe0        0x8 ./Core/Src/Movement.o
                0x000000000800afe0                Constants::kBackRightB
 .rodata.AHBPrescTable
                0x000000000800afe8       0x10 ./Core/Src/system_stm32f1xx.o
                0x000000000800afe8                AHBPrescTable
 .rodata.APBPrescTable
                0x000000000800aff8        0x8 ./Core/Src/system_stm32f1xx.o
                0x000000000800aff8                APBPrescTable
 .rodata.aPLLMULFactorTable.6752
                0x000000000800b000       0x10 ./Drivers/STM32F1xx_HAL_Driver/Src/stm32f1xx_hal_rcc.o
 .rodata.aPredivFactorTable.6753
                0x000000000800b010        0x2 ./Drivers/STM32F1xx_HAL_Driver/Src/stm32f1xx_hal_rcc.o
 *fill*         0x000000000800b012        0x2 
 .rodata.__sf_fake_stderr
                0x000000000800b014       0x20 c:/st/stm32cubeide_1.7.0/stm32cubeide/plugins/com.st.stm32cube.ide.mcu.externaltools.gnu-tools-for-stm32.9-2020-q2-update.win32_2.0.0.202105311346/tools/bin/../lib/gcc/arm-none-eabi/9.3.1/../../../../arm-none-eabi/lib/thumb/v7-m/nofp\libc_nano.a(lib_a-findfp.o)
                0x000000000800b014                __sf_fake_stderr
 .rodata.__sf_fake_stdin
                0x000000000800b034       0x20 c:/st/stm32cubeide_1.7.0/stm32cubeide/plugins/com.st.stm32cube.ide.mcu.externaltools.gnu-tools-for-stm32.9-2020-q2-update.win32_2.0.0.202105311346/tools/bin/../lib/gcc/arm-none-eabi/9.3.1/../../../../arm-none-eabi/lib/thumb/v7-m/nofp\libc_nano.a(lib_a-findfp.o)
                0x000000000800b034                __sf_fake_stdin
 .rodata.__sf_fake_stdout
                0x000000000800b054       0x20 c:/st/stm32cubeide_1.7.0/stm32cubeide/plugins/com.st.stm32cube.ide.mcu.externaltools.gnu-tools-for-stm32.9-2020-q2-update.win32_2.0.0.202105311346/tools/bin/../lib/gcc/arm-none-eabi/9.3.1/../../../../arm-none-eabi/lib/thumb/v7-m/nofp\libc_nano.a(lib_a-findfp.o)
                0x000000000800b054                __sf_fake_stdout
 .rodata._svfprintf_r.str1.1
                0x000000000800b074       0x11 c:/st/stm32cubeide_1.7.0/stm32cubeide/plugins/com.st.stm32cube.ide.mcu.externaltools.gnu-tools-for-stm32.9-2020-q2-update.win32_2.0.0.202105311346/tools/bin/../lib/gcc/arm-none-eabi/9.3.1/../../../../arm-none-eabi/lib/thumb/v7-m/nofp\libc_nano.a(lib_a-nano-svfprintf.o)
 .rodata._printf_i.str1.1
                0x000000000800b085       0x22 c:/st/stm32cubeide_1.7.0/stm32cubeide/plugins/com.st.stm32cube.ide.mcu.externaltools.gnu-tools-for-stm32.9-2020-q2-update.win32_2.0.0.202105311346/tools/bin/../lib/gcc/arm-none-eabi/9.3.1/../../../../arm-none-eabi/lib/thumb/v7-m/nofp\libc_nano.a(lib_a-nano-vfprintf_i.o)
                0x000000000800b0a8                . = ALIGN (0x4)
 *fill*         0x000000000800b0a7        0x1 

.rel.dyn        0x000000000800b0a8        0x0
 .rel.iplt      0x000000000800b0a8        0x0 c:/st/stm32cubeide_1.7.0/stm32cubeide/plugins/com.st.stm32cube.ide.mcu.externaltools.gnu-tools-for-stm32.9-2020-q2-update.win32_2.0.0.202105311346/tools/bin/../lib/gcc/arm-none-eabi/9.3.1/thumb/v7-m/nofp/crtbegin.o

.ARM.extab      0x000000000800b0a8        0x0
                0x000000000800b0a8                . = ALIGN (0x4)
 *(.ARM.extab* .gnu.linkonce.armextab.*)
                0x000000000800b0a8                . = ALIGN (0x4)

.ARM            0x000000000800b0a8        0x0
                0x000000000800b0a8                . = ALIGN (0x4)
                0x000000000800b0a8                __exidx_start = .
 *(.ARM.exidx*)
                0x000000000800b0a8                __exidx_end = .
                0x000000000800b0a8                . = ALIGN (0x4)

.preinit_array  0x000000000800b0a8        0x0
                0x000000000800b0a8                . = ALIGN (0x4)
                0x000000000800b0a8                PROVIDE (__preinit_array_start = .)
 *(.preinit_array*)
                0x000000000800b0a8                PROVIDE (__preinit_array_end = .)
                0x000000000800b0a8                . = ALIGN (0x4)

.init_array     0x000000000800b0a8       0x10
                0x000000000800b0a8                . = ALIGN (0x4)
                0x000000000800b0a8                PROVIDE (__init_array_start = .)
 *(SORT_BY_NAME(.init_array.*))
 *(.init_array*)
 .init_array    0x000000000800b0a8        0x4 c:/st/stm32cubeide_1.7.0/stm32cubeide/plugins/com.st.stm32cube.ide.mcu.externaltools.gnu-tools-for-stm32.9-2020-q2-update.win32_2.0.0.202105311346/tools/bin/../lib/gcc/arm-none-eabi/9.3.1/thumb/v7-m/nofp/crtbegin.o
 .init_array    0x000000000800b0ac        0x4 ./Core/Src/Movement.o
 .init_array    0x000000000800b0b0        0x4 ./Core/Src/bluetooth_uart.o
 .init_array    0x000000000800b0b4        0x4 ./Core/Src/main.o
                0x000000000800b0b8                PROVIDE (__init_array_end = .)
                0x000000000800b0b8                . = ALIGN (0x4)

.fini_array     0x000000000800b0b8        0x4
                0x000000000800b0b8                . = ALIGN (0x4)
                [!provide]                        PROVIDE (__fini_array_start = .)
 *(SORT_BY_NAME(.fini_array.*))
 *(.fini_array*)
 .fini_array    0x000000000800b0b8        0x4 c:/st/stm32cubeide_1.7.0/stm32cubeide/plugins/com.st.stm32cube.ide.mcu.externaltools.gnu-tools-for-stm32.9-2020-q2-update.win32_2.0.0.202105311346/tools/bin/../lib/gcc/arm-none-eabi/9.3.1/thumb/v7-m/nofp/crtbegin.o
                [!provide]                        PROVIDE (__fini_array_end = .)
                0x000000000800b0bc                . = ALIGN (0x4)
                0x000000000800b0bc                _sidata = LOADADDR (.data)

.data           0x0000000020000000      0x1e4 load address 0x000000000800b0bc
                0x0000000020000000                . = ALIGN (0x4)
                0x0000000020000000                _sdata = .
 *(.data)
 *(.data*)
 .data.speed    0x0000000020000000        0x4 ./Core/Src/main.o
                0x0000000020000000                speed
 .data.SystemCoreClock
                0x0000000020000004        0x4 ./Core/Src/system_stm32f1xx.o
                0x0000000020000004                SystemCoreClock
 .data.uwTickPrio
                0x0000000020000008        0x4 ./Drivers/STM32F1xx_HAL_Driver/Src/stm32f1xx_hal.o
                0x0000000020000008                uwTickPrio
 .data.uwTickFreq
                0x000000002000000c        0x1 ./Drivers/STM32F1xx_HAL_Driver/Src/stm32f1xx_hal.o
                0x000000002000000c                uwTickFreq
 *fill*         0x000000002000000d        0x3 
 .data.USBD_CDC_DeviceQualifierDesc
                0x0000000020000010        0xa ./Middlewares/ST/STM32_USB_Device_Library/Class/CDC/Src/usbd_cdc.o
 *fill*         0x000000002000001a        0x2 
 .data.USBD_CDC
                0x000000002000001c       0x38 ./Middlewares/ST/STM32_USB_Device_Library/Class/CDC/Src/usbd_cdc.o
                0x000000002000001c                USBD_CDC
 .data.USBD_CDC_CfgHSDesc
                0x0000000020000054       0x43 ./Middlewares/ST/STM32_USB_Device_Library/Class/CDC/Src/usbd_cdc.o
                0x0000000020000054                USBD_CDC_CfgHSDesc
 *fill*         0x0000000020000097        0x1 
 .data.USBD_CDC_CfgFSDesc
                0x0000000020000098       0x43 ./Middlewares/ST/STM32_USB_Device_Library/Class/CDC/Src/usbd_cdc.o
                0x0000000020000098                USBD_CDC_CfgFSDesc
 *fill*         0x00000000200000db        0x1 
 .data.USBD_CDC_OtherSpeedCfgDesc
                0x00000000200000dc       0x43 ./Middlewares/ST/STM32_USB_Device_Library/Class/CDC/Src/usbd_cdc.o
                0x00000000200000dc                USBD_CDC_OtherSpeedCfgDesc
 *fill*         0x000000002000011f        0x1 
 .data.USBD_Interface_fops_FS
                0x0000000020000120       0x10 ./USB_DEVICE/App/usbd_cdc_if.o
                0x0000000020000120                USBD_Interface_fops_FS
 .data.FS_Desc  0x0000000020000130       0x1c ./USB_DEVICE/App/usbd_desc.o
                0x0000000020000130                FS_Desc
 .data.USBD_FS_DeviceDesc
                0x000000002000014c       0x12 ./USB_DEVICE/App/usbd_desc.o
                0x000000002000014c                USBD_FS_DeviceDesc
 *fill*         0x000000002000015e        0x2 
 .data.USBD_LangIDDesc
                0x0000000020000160        0x4 ./USB_DEVICE/App/usbd_desc.o
                0x0000000020000160                USBD_LangIDDesc
 .data.USBD_StringSerial
                0x0000000020000164       0x1a ./USB_DEVICE/App/usbd_desc.o
                0x0000000020000164                USBD_StringSerial
 *fill*         0x000000002000017e        0x2 
 .data._impure_ptr
                0x0000000020000180        0x4 c:/st/stm32cubeide_1.7.0/stm32cubeide/plugins/com.st.stm32cube.ide.mcu.externaltools.gnu-tools-for-stm32.9-2020-q2-update.win32_2.0.0.202105311346/tools/bin/../lib/gcc/arm-none-eabi/9.3.1/../../../../arm-none-eabi/lib/thumb/v7-m/nofp\libc_nano.a(lib_a-impure.o)
                0x0000000020000180                _impure_ptr
 .data.impure_data
                0x0000000020000184       0x60 c:/st/stm32cubeide_1.7.0/stm32cubeide/plugins/com.st.stm32cube.ide.mcu.externaltools.gnu-tools-for-stm32.9-2020-q2-update.win32_2.0.0.202105311346/tools/bin/../lib/gcc/arm-none-eabi/9.3.1/../../../../arm-none-eabi/lib/thumb/v7-m/nofp\libc_nano.a(lib_a-impure.o)
 *(.RamFunc)
 *(.RamFunc*)
                0x00000000200001e4                . = ALIGN (0x4)
                0x00000000200001e4                _edata = .

.igot.plt       0x00000000200001e4        0x0 load address 0x000000000800b2a0
 .igot.plt      0x00000000200001e4        0x0 c:/st/stm32cubeide_1.7.0/stm32cubeide/plugins/com.st.stm32cube.ide.mcu.externaltools.gnu-tools-for-stm32.9-2020-q2-update.win32_2.0.0.202105311346/tools/bin/../lib/gcc/arm-none-eabi/9.3.1/thumb/v7-m/nofp/crtbegin.o
                0x00000000200001e4                . = ALIGN (0x4)

.bss            0x00000000200001e4     0x14c8 load address 0x000000000800b2a0
                0x00000000200001e4                _sbss = .
                0x00000000200001e4                __bss_start__ = _sbss
 *(.bss)
 .bss           0x00000000200001e4       0x1c c:/st/stm32cubeide_1.7.0/stm32cubeide/plugins/com.st.stm32cube.ide.mcu.externaltools.gnu-tools-for-stm32.9-2020-q2-update.win32_2.0.0.202105311346/tools/bin/../lib/gcc/arm-none-eabi/9.3.1/thumb/v7-m/nofp/crtbegin.o
 *(.bss*)
 .bss.htim1     0x0000000020000200       0x48 ./Core/Src/Movement.o
                0x0000000020000200                htim1
 .bss.htim3     0x0000000020000248       0x48 ./Core/Src/Movement.o
                0x0000000020000248                htim3
 .bss.frontLeftMotor
                0x0000000020000290       0x70 ./Core/Src/Movement.o
                0x0000000020000290                frontLeftMotor
 .bss.frontRightMotor
                0x0000000020000300       0x70 ./Core/Src/Movement.o
                0x0000000020000300                frontRightMotor
 .bss.backLeftMotor
                0x0000000020000370       0x70 ./Core/Src/Movement.o
                0x0000000020000370                backLeftMotor
 .bss.backRightMotor
                0x00000000200003e0       0x70 ./Core/Src/Movement.o
                0x00000000200003e0                backRightMotor
 .bss._ZGV14frontLeftMotor
                0x0000000020000450        0x4 ./Core/Src/Movement.o
                0x0000000020000450                guard variable for frontLeftMotor
 .bss._ZGV15frontRightMotor
                0x0000000020000454        0x4 ./Core/Src/Movement.o
                0x0000000020000454                guard variable for frontRightMotor
 .bss._ZGV13backLeftMotor
                0x0000000020000458        0x4 ./Core/Src/Movement.o
                0x0000000020000458                guard variable for backLeftMotor
 .bss._ZGV14backRightMotor
                0x000000002000045c        0x4 ./Core/Src/Movement.o
                0x000000002000045c                guard variable for backRightMotor
 .bss.huart1    0x0000000020000460       0x48 ./Core/Src/bluetooth_uart.o
                0x0000000020000460                huart1
 .bss.hi2c1     0x00000000200004a8       0x54 ./Core/Src/main.o
                0x00000000200004a8                hi2c1
 .bss.__sbrk_heap_end
                0x00000000200004fc        0x4 ./Core/Src/sysmem.o
 .bss.cfgidx.8689
                0x0000000020000500        0x1 ./Middlewares/ST/STM32_USB_Device_Library/Core/Src/usbd_ctlreq.o
 *fill*         0x0000000020000501        0x3 
 .bss.mem.8759  0x0000000020000504      0x220 ./USB_DEVICE/Target/usbd_conf.o
 .bss.__malloc_free_list
                0x0000000020000724        0x4 c:/st/stm32cubeide_1.7.0/stm32cubeide/plugins/com.st.stm32cube.ide.mcu.externaltools.gnu-tools-for-stm32.9-2020-q2-update.win32_2.0.0.202105311346/tools/bin/../lib/gcc/arm-none-eabi/9.3.1/../../../../arm-none-eabi/lib/thumb/v7-m/nofp\libc_nano.a(lib_a-nano-mallocr.o)
                0x0000000020000724                __malloc_free_list
 .bss.__malloc_sbrk_start
                0x0000000020000728        0x4 c:/st/stm32cubeide_1.7.0/stm32cubeide/plugins/com.st.stm32cube.ide.mcu.externaltools.gnu-tools-for-stm32.9-2020-q2-update.win32_2.0.0.202105311346/tools/bin/../lib/gcc/arm-none-eabi/9.3.1/../../../../arm-none-eabi/lib/thumb/v7-m/nofp\libc_nano.a(lib_a-nano-mallocr.o)
                0x0000000020000728                __malloc_sbrk_start
 *(COMMON)
 COMMON         0x000000002000072c        0x4 ./Drivers/STM32F1xx_HAL_Driver/Src/stm32f1xx_hal.o
                0x000000002000072c                uwTick
 COMMON         0x0000000020000730      0x2c4 ./USB_DEVICE/App/usb_device.o
                0x0000000020000730                hUsbDeviceFS
 COMMON         0x00000000200009f4      0x7d0 ./USB_DEVICE/App/usbd_cdc_if.o
                0x00000000200009f4                UserRxBufferFS
                0x0000000020000ddc                UserTxBufferFS
 COMMON         0x00000000200011c4      0x200 ./USB_DEVICE/App/usbd_desc.o
                0x00000000200011c4                USBD_StrDesc
 COMMON         0x00000000200013c4      0x2d8 ./USB_DEVICE/Target/usbd_conf.o
                0x00000000200013c4                hpcd_USB_FS
 COMMON         0x000000002000169c        0x9 c:/st/stm32cubeide_1.7.0/stm32cubeide/plugins/com.st.stm32cube.ide.mcu.externaltools.gnu-tools-for-stm32.9-2020-q2-update.win32_2.0.0.202105311346/tools/bin/../lib/gcc/arm-none-eabi/9.3.1/../../../../arm-none-eabi/lib/thumb/v7-m/nofp\libc_nano.a(lib_a-lock.o)
                0x000000002000169c                __lock___atexit_recursive_mutex
                0x000000002000169d                __lock___arc4random_mutex
                0x000000002000169e                __lock___env_recursive_mutex
                0x000000002000169f                __lock___sinit_recursive_mutex
                0x00000000200016a0                __lock___malloc_recursive_mutex
                0x00000000200016a1                __lock___at_quick_exit_mutex
                0x00000000200016a2                __lock___dd_hash_mutex
                0x00000000200016a3                __lock___tz_mutex
                0x00000000200016a4                __lock___sfp_recursive_mutex
 *fill*         0x00000000200016a5        0x3 
 COMMON         0x00000000200016a8        0x4 c:/st/stm32cubeide_1.7.0/stm32cubeide/plugins/com.st.stm32cube.ide.mcu.externaltools.gnu-tools-for-stm32.9-2020-q2-update.win32_2.0.0.202105311346/tools/bin/../lib/gcc/arm-none-eabi/9.3.1/../../../../arm-none-eabi/lib/thumb/v7-m/nofp\libc_nano.a(lib_a-reent.o)
                0x00000000200016a8                errno
                0x00000000200016ac                . = ALIGN (0x4)
                0x00000000200016ac                _ebss = .
                0x00000000200016ac                __bss_end__ = _ebss

._user_heap_stack
                0x00000000200016ac      0x604 load address 0x000000000800b2a0
                0x00000000200016b0                . = ALIGN (0x8)
 *fill*         0x00000000200016ac        0x4 
                [!provide]                        PROVIDE (end = .)
                0x00000000200016b0                PROVIDE (_end = .)
                0x00000000200018b0                . = (. + _Min_Heap_Size)
 *fill*         0x00000000200016b0      0x200 
                0x0000000020001cb0                . = (. + _Min_Stack_Size)
 *fill*         0x00000000200018b0      0x400 
                0x0000000020001cb0                . = ALIGN (0x8)

/DISCARD/
 libc.a(*)
 libm.a(*)
 libgcc.a(*)

.ARM.attributes
                0x0000000000000000       0x29
 *(.ARM.attributes)
 .ARM.attributes
                0x0000000000000000       0x1d c:/st/stm32cubeide_1.7.0/stm32cubeide/plugins/com.st.stm32cube.ide.mcu.externaltools.gnu-tools-for-stm32.9-2020-q2-update.win32_2.0.0.202105311346/tools/bin/../lib/gcc/arm-none-eabi/9.3.1/thumb/v7-m/nofp/crti.o
 .ARM.attributes
                0x000000000000001d       0x2d c:/st/stm32cubeide_1.7.0/stm32cubeide/plugins/com.st.stm32cube.ide.mcu.externaltools.gnu-tools-for-stm32.9-2020-q2-update.win32_2.0.0.202105311346/tools/bin/../lib/gcc/arm-none-eabi/9.3.1/thumb/v7-m/nofp/crtbegin.o
 .ARM.attributes
                0x000000000000004a       0x2d ./Core/Src/Motor.o
 .ARM.attributes
                0x0000000000000077       0x2d ./Core/Src/Movement.o
 .ARM.attributes
                0x00000000000000a4       0x2d ./Core/Src/PID.o
 .ARM.attributes
                0x00000000000000d1       0x2d ./Core/Src/bluetooth_uart.o
 .ARM.attributes
                0x00000000000000fe       0x2d ./Core/Src/lcd.o
 .ARM.attributes
                0x000000000000012b       0x2d ./Core/Src/main.o
 .ARM.attributes
                0x0000000000000158       0x2d ./Core/Src/stm32f1xx_hal_msp.o
 .ARM.attributes
                0x0000000000000185       0x2d ./Core/Src/stm32f1xx_it.o
 .ARM.attributes
                0x00000000000001b2       0x2d ./Core/Src/sysmem.o
 .ARM.attributes
                0x00000000000001df       0x2d ./Core/Src/system_stm32f1xx.o
 .ARM.attributes
                0x000000000000020c       0x21 ./Core/Startup/startup_stm32f103c8tx.o
 .ARM.attributes
                0x000000000000022d       0x2d ./Drivers/STM32F1xx_HAL_Driver/Src/stm32f1xx_hal.o
 .ARM.attributes
                0x000000000000025a       0x2d ./Drivers/STM32F1xx_HAL_Driver/Src/stm32f1xx_hal_cortex.o
 .ARM.attributes
                0x0000000000000287       0x2d ./Drivers/STM32F1xx_HAL_Driver/Src/stm32f1xx_hal_gpio.o
 .ARM.attributes
                0x00000000000002b4       0x2d ./Drivers/STM32F1xx_HAL_Driver/Src/stm32f1xx_hal_i2c.o
 .ARM.attributes
                0x00000000000002e1       0x2d ./Drivers/STM32F1xx_HAL_Driver/Src/stm32f1xx_hal_pcd.o
 .ARM.attributes
                0x000000000000030e       0x2d ./Drivers/STM32F1xx_HAL_Driver/Src/stm32f1xx_hal_pcd_ex.o
 .ARM.attributes
                0x000000000000033b       0x2d ./Drivers/STM32F1xx_HAL_Driver/Src/stm32f1xx_hal_rcc.o
 .ARM.attributes
                0x0000000000000368       0x2d ./Drivers/STM32F1xx_HAL_Driver/Src/stm32f1xx_hal_rcc_ex.o
 .ARM.attributes
                0x0000000000000395       0x2d ./Drivers/STM32F1xx_HAL_Driver/Src/stm32f1xx_hal_tim.o
 .ARM.attributes
                0x00000000000003c2       0x2d ./Drivers/STM32F1xx_HAL_Driver/Src/stm32f1xx_hal_tim_ex.o
 .ARM.attributes
                0x00000000000003ef       0x2d ./Drivers/STM32F1xx_HAL_Driver/Src/stm32f1xx_hal_uart.o
 .ARM.attributes
                0x000000000000041c       0x2d ./Drivers/STM32F1xx_HAL_Driver/Src/stm32f1xx_ll_usb.o
 .ARM.attributes
                0x0000000000000449       0x2d ./Middlewares/ST/STM32_USB_Device_Library/Class/CDC/Src/usbd_cdc.o
 .ARM.attributes
                0x0000000000000476       0x2d ./Middlewares/ST/STM32_USB_Device_Library/Core/Src/usbd_core.o
 .ARM.attributes
                0x00000000000004a3       0x2d ./Middlewares/ST/STM32_USB_Device_Library/Core/Src/usbd_ctlreq.o
 .ARM.attributes
                0x00000000000004d0       0x2d ./Middlewares/ST/STM32_USB_Device_Library/Core/Src/usbd_ioreq.o
 .ARM.attributes
                0x00000000000004fd       0x2d ./USB_DEVICE/App/usb_device.o
 .ARM.attributes
                0x000000000000052a       0x2d ./USB_DEVICE/App/usbd_cdc_if.o
 .ARM.attributes
                0x0000000000000557       0x2d ./USB_DEVICE/App/usbd_desc.o
 .ARM.attributes
                0x0000000000000584       0x2d ./USB_DEVICE/Target/usbd_conf.o
 .ARM.attributes
                0x00000000000005b1       0x2d c:/st/stm32cubeide_1.7.0/stm32cubeide/plugins/com.st.stm32cube.ide.mcu.externaltools.gnu-tools-for-stm32.9-2020-q2-update.win32_2.0.0.202105311346/tools/bin/../lib/gcc/arm-none-eabi/9.3.1/../../../../arm-none-eabi/lib/thumb/v7-m/nofp\libc_nano.a(lib_a-errno.o)
 .ARM.attributes
                0x00000000000005de       0x2d c:/st/stm32cubeide_1.7.0/stm32cubeide/plugins/com.st.stm32cube.ide.mcu.externaltools.gnu-tools-for-stm32.9-2020-q2-update.win32_2.0.0.202105311346/tools/bin/../lib/gcc/arm-none-eabi/9.3.1/../../../../arm-none-eabi/lib/thumb/v7-m/nofp\libc_nano.a(lib_a-impure.o)
 .ARM.attributes
                0x000000000000060b       0x2d c:/st/stm32cubeide_1.7.0/stm32cubeide/plugins/com.st.stm32cube.ide.mcu.externaltools.gnu-tools-for-stm32.9-2020-q2-update.win32_2.0.0.202105311346/tools/bin/../lib/gcc/arm-none-eabi/9.3.1/../../../../arm-none-eabi/lib/thumb/v7-m/nofp\libc_nano.a(lib_a-init.o)
 .ARM.attributes
                0x0000000000000638       0x2d c:/st/stm32cubeide_1.7.0/stm32cubeide/plugins/com.st.stm32cube.ide.mcu.externaltools.gnu-tools-for-stm32.9-2020-q2-update.win32_2.0.0.202105311346/tools/bin/../lib/gcc/arm-none-eabi/9.3.1/../../../../arm-none-eabi/lib/thumb/v7-m/nofp\libc_nano.a(lib_a-memset.o)
 .ARM.attributes
                0x0000000000000665       0x2d c:/st/stm32cubeide_1.7.0/stm32cubeide/plugins/com.st.stm32cube.ide.mcu.externaltools.gnu-tools-for-stm32.9-2020-q2-update.win32_2.0.0.202105311346/tools/bin/../lib/gcc/arm-none-eabi/9.3.1/../../../../arm-none-eabi/lib/thumb/v7-m/nofp\libc_nano.a(lib_a-sprintf.o)
 .ARM.attributes
                0x0000000000000692       0x17 c:/st/stm32cubeide_1.7.0/stm32cubeide/plugins/com.st.stm32cube.ide.mcu.externaltools.gnu-tools-for-stm32.9-2020-q2-update.win32_2.0.0.202105311346/tools/bin/../lib/gcc/arm-none-eabi/9.3.1/../../../../arm-none-eabi/lib/thumb/v7-m/nofp\libc_nano.a(lib_a-strlen.o)
 .ARM.attributes
                0x00000000000006a9       0x2d c:/st/stm32cubeide_1.7.0/stm32cubeide/plugins/com.st.stm32cube.ide.mcu.externaltools.gnu-tools-for-stm32.9-2020-q2-update.win32_2.0.0.202105311346/tools/bin/../lib/gcc/arm-none-eabi/9.3.1/../../../../arm-none-eabi/lib/thumb/v7-m/nofp\libc_nano.a(lib_a-findfp.o)
 .ARM.attributes
                0x00000000000006d6       0x2d c:/st/stm32cubeide_1.7.0/stm32cubeide/plugins/com.st.stm32cube.ide.mcu.externaltools.gnu-tools-for-stm32.9-2020-q2-update.win32_2.0.0.202105311346/tools/bin/../lib/gcc/arm-none-eabi/9.3.1/../../../../arm-none-eabi/lib/thumb/v7-m/nofp\libc_nano.a(lib_a-lock.o)
 .ARM.attributes
                0x0000000000000703       0x2d c:/st/stm32cubeide_1.7.0/stm32cubeide/plugins/com.st.stm32cube.ide.mcu.externaltools.gnu-tools-for-stm32.9-2020-q2-update.win32_2.0.0.202105311346/tools/bin/../lib/gcc/arm-none-eabi/9.3.1/../../../../arm-none-eabi/lib/thumb/v7-m/nofp\libc_nano.a(lib_a-nano-freer.o)
 .ARM.attributes
                0x0000000000000730       0x2d c:/st/stm32cubeide_1.7.0/stm32cubeide/plugins/com.st.stm32cube.ide.mcu.externaltools.gnu-tools-for-stm32.9-2020-q2-update.win32_2.0.0.202105311346/tools/bin/../lib/gcc/arm-none-eabi/9.3.1/../../../../arm-none-eabi/lib/thumb/v7-m/nofp\libc_nano.a(lib_a-nano-mallocr.o)
 .ARM.attributes
                0x000000000000075d       0x2d c:/st/stm32cubeide_1.7.0/stm32cubeide/plugins/com.st.stm32cube.ide.mcu.externaltools.gnu-tools-for-stm32.9-2020-q2-update.win32_2.0.0.202105311346/tools/bin/../lib/gcc/arm-none-eabi/9.3.1/../../../../arm-none-eabi/lib/thumb/v7-m/nofp\libc_nano.a(lib_a-nano-svfprintf.o)
 .ARM.attributes
                0x000000000000078a       0x2d c:/st/stm32cubeide_1.7.0/stm32cubeide/plugins/com.st.stm32cube.ide.mcu.externaltools.gnu-tools-for-stm32.9-2020-q2-update.win32_2.0.0.202105311346/tools/bin/../lib/gcc/arm-none-eabi/9.3.1/../../../../arm-none-eabi/lib/thumb/v7-m/nofp\libc_nano.a(lib_a-nano-vfprintf_i.o)
 .ARM.attributes
                0x00000000000007b7       0x2d c:/st/stm32cubeide_1.7.0/stm32cubeide/plugins/com.st.stm32cube.ide.mcu.externaltools.gnu-tools-for-stm32.9-2020-q2-update.win32_2.0.0.202105311346/tools/bin/../lib/gcc/arm-none-eabi/9.3.1/../../../../arm-none-eabi/lib/thumb/v7-m/nofp\libc_nano.a(lib_a-sbrkr.o)
 .ARM.attributes
                0x00000000000007e4       0x2d c:/st/stm32cubeide_1.7.0/stm32cubeide/plugins/com.st.stm32cube.ide.mcu.externaltools.gnu-tools-for-stm32.9-2020-q2-update.win32_2.0.0.202105311346/tools/bin/../lib/gcc/arm-none-eabi/9.3.1/../../../../arm-none-eabi/lib/thumb/v7-m/nofp\libc_nano.a(lib_a-memchr-stub.o)
 .ARM.attributes
                0x0000000000000811       0x2d c:/st/stm32cubeide_1.7.0/stm32cubeide/plugins/com.st.stm32cube.ide.mcu.externaltools.gnu-tools-for-stm32.9-2020-q2-update.win32_2.0.0.202105311346/tools/bin/../lib/gcc/arm-none-eabi/9.3.1/../../../../arm-none-eabi/lib/thumb/v7-m/nofp\libc_nano.a(lib_a-memcpy-stub.o)
 .ARM.attributes
                0x000000000000083e       0x2d c:/st/stm32cubeide_1.7.0/stm32cubeide/plugins/com.st.stm32cube.ide.mcu.externaltools.gnu-tools-for-stm32.9-2020-q2-update.win32_2.0.0.202105311346/tools/bin/../lib/gcc/arm-none-eabi/9.3.1/../../../../arm-none-eabi/lib/thumb/v7-m/nofp\libc_nano.a(lib_a-memmove.o)
 .ARM.attributes
                0x000000000000086b       0x2d c:/st/stm32cubeide_1.7.0/stm32cubeide/plugins/com.st.stm32cube.ide.mcu.externaltools.gnu-tools-for-stm32.9-2020-q2-update.win32_2.0.0.202105311346/tools/bin/../lib/gcc/arm-none-eabi/9.3.1/../../../../arm-none-eabi/lib/thumb/v7-m/nofp\libc_nano.a(lib_a-mlock.o)
 .ARM.attributes
                0x0000000000000898       0x2d c:/st/stm32cubeide_1.7.0/stm32cubeide/plugins/com.st.stm32cube.ide.mcu.externaltools.gnu-tools-for-stm32.9-2020-q2-update.win32_2.0.0.202105311346/tools/bin/../lib/gcc/arm-none-eabi/9.3.1/../../../../arm-none-eabi/lib/thumb/v7-m/nofp\libc_nano.a(lib_a-nano-reallocr.o)
 .ARM.attributes