main.cpp:86:6:void set_pwm_forward(Pin, Pin, Pin, TIM_HandleTypeDef*, uint32_t, uint16_t)	40	static
main.cpp:101:6:void update_motor(MotorControl&, uint32_t, Pin, Pin, Pin, TIM_HandleTypeDef*, uint32_t)	56	static
main.cpp:128:6:void stop_motor(Pin, Pin, TIM_HandleTypeDef*, uint32_t)	32	static
main.cpp:137:6:void stop_all_motors()	16	static
main.cpp:162:6:void HAL_GPIO_EXTI_Callback(uint16_t)	16	static
main.cpp:182:5:int main()	88	static
main.cpp:291:6:void SystemClock_Config()	88	static
main.cpp:337:13:void MX_I2C1_Init()	8	static
main.cpp:371:13:void MX_TIM1_Init()	80	static
main.cpp:436:13:void MX_TIM3_Init()	48	static
main.cpp:493:13:void MX_GPIO_Init()	40	static
main.cpp:555:6:void Error_Handler()	4	static,ignoring_inline_asm
stl_algobase.h:222:5:constexpr const _Tp& std::max(const _Tp&, const _Tp&) [with _Tp = float]	16	static
stl_algobase.h:198:5:constexpr const _Tp& std::min(const _Tp&, const _Tp&) [with _Tp = float]	16	static
