PID.h:16:5:constexpr PID::PID()	16	static
BNOController.h:13:7:BNOController::BNOController()	16	static
main.cpp:77:6:void HAL_GPIO_EXTI_Callback(uint16_t)	16	static
main.cpp:110:5:int main()	104	static
main.cpp:267:6:void SystemClock_Config()	88	static
main.cpp:312:13:void MX_I2C1_Init()	8	static
main.cpp:345:13:void MX_TIM1_Init()	80	static
main.cpp:409:13:void MX_TIM3_Init()	48	static
main.cpp:465:13:void MX_USART1_UART_Init()	8	static
main.cpp:497:13:void MX_GPIO_Init()	40	static
main.cpp:549:6:void PRBS()	16	static
main.cpp:571:6:void Error_Handler()	4	static,ignoring_inline_asm
main.cpp:580:1:void __static_initialization_and_destruction_0(int, int)	24	static
main.cpp:580:1:cpp)	8	static
