PID.h:16:5:constexpr PID::PID()	16	static
BNOController.h:13:7:BNOController::BNOController()	16	static
Movement.cpp:11:6:void movementInit()	24	static
Movement.cpp:41:6:void distance()	4	static
Movement.cpp:42:6:void setSpeed(int)	16	static
Movement.cpp:49:6:void stop()	8	static
Movement.cpp:56:6:void updateMovement(uint32_t)	16	static
Movement.cpp:67:6:void setKinematicSpeeds(float, uint32_t)	40	static
Movement.cpp:130:6:void updateWithoutPID(uint32_t)	16	static
Movement.cpp:138:6:void setRotation(bool)	16	static
Movement.cpp:156:6:void setForward()	8	static
Movement.cpp:163:6:void setBackward()	8	static
Movement.cpp:169:1:void __static_initialization_and_destruction_0(int, int)	24	static
Movement.cpp:169:1:cpp)	8	static
